<html>
<body>
<pre>
<h1>礦ision Build Log</h1>
<h2>Project:</h2>
E:\EMP6910\PET设备程序代码\07-Software（软件）\05-驱动\SendingAndCheckingModule1\Project\Pro\EMP6910-1.uvproj
Project File Date:  09/12/2019

<h2>Output:</h2>
Build target 'EMP6910-1'
linking...
Program Size: Code=37980 RO-data=548 RW-data=8412 ZI-data=17500  
FromELF: creating hex file...
"..\Obj\EMP6910-1.axf" - 0 Error(s), 0 Warning(s).
Program Size: Code=37980 RO-data=548 RW-data=8412 ZI-data=17500  
FromELF: creating hex file...
"..\Obj\EMP6910-1.axf" - 0 Error(s), 0 Warning(s).
 stm32f10x_rcc.c...
compiling stm32f10x_fsmc.c...
compiling stm32f10x_spi.c...
compiling stm32f10x_flash.c...
compiling stm32f10x_pwr.c...
compiling stm32f10x_iwdg.c...
compiling BspConfig.c...
compiling communicate.c...
compiling enc28j60.c...
compiling ethernet.c...
compiling ip_arp_udp_tcp.c...
compiling serial.c...
compiling OpCtrl.c...
compiling bsp_command.c...
compiling StepMotor.c...
compiling Test.c...
compiling spi.c...
compiling eeprom.c...
compiling stm32f10x_it.c...
compiling system_stm32f10x.c...
compiling driver.c...
compiling hardware.c...
compiling my_fun.c...
compiling eeprom_par.c...
compiling main.c...
compiling command.c...
compiling parameter.c...
compiling process.c...
linking...
Program Size: Code=37892 RO-data=548 RW-data=8412 ZI-data=17500  
FromELF: creating hex file...
"..\Obj\EMP6910-1.axf" - 0 Error(s), 0 Warning(s).
