<html>
<body>
<pre>
<h1>µVision Build Log</h1>
<h2>Project:</h2>
D:\¸²Ä¤»ú\910\SendingAndCheckingModule1\Project\Pro\EMP6910-1.uvproj
Project File Date:  09/12/2019

<h2>Output:</h2>
Build target 'EMP6910-1'
compiling process.c...
..\..\User\UserCode\Process\process.c(4062): error:  #20: identifier "OpRWModuleReset" is undefined
..\..\User\UserCode\Process\process.c(4137): error:  #2706: case label value has already appeared in this switch at line 4121
Target not created
Build target 'EMP6910-1'
compiling process.c...
..\..\User\UserCode\Process\process.c(4062): error:  #20: identifier "OpRWModuleReset" is undefined
Target not created
Build target 'EMP6910-1'
compiling process.c...
linking...
Program Size: Code=40808 RO-data=548 RW-data=8412 ZI-data=17500  
FromELF: creating hex file...
"..\Obj\EMP6910-1.axf" - 0 Error(s), 0 Warning(s).
Build target 'EMP6910-1'
linking...
Program Size: Code=40808 RO-data=548 RW-data=8412 ZI-data=17500  
FromELF: creating hex file...
"..\Obj\EMP6910-1.axf" - 0 Error(s), 0 Warning(s).
Build target 'EMP6910-1'
linking...
Program Size: Code=40808 RO-data=548 RW-data=8412 ZI-data=17500  
FromELF: creating hex file...
"..\Obj\EMP6910-1.axf" - 0 Error(s), 0 Warning(s).
Build target 'EMP6910-1'
compiling process.c...
linking...
Program Size: Code=40816 RO-data=548 RW-data=8412 ZI-data=17500  
FromELF: creating hex file...
"..\Obj\EMP6910-1.axf" - 0 Error(s), 0 Warning(s).
Build target 'EMP6910-1'
compiling parameter.c...
compiling process.c...
linking...
Program Size: Code=40816 RO-data=548 RW-data=8412 ZI-data=17500  
FromELF: creating hex file...
"..\Obj\EMP6910-1.axf" - 0 Error(s), 0 Warning(s).
Build target 'EMP6910-1'
compiling parameter.c...
compiling process.c...
linking...
Program Size: Code=40816 RO-data=548 RW-data=8412 ZI-data=17500  
FromELF: creating hex file...
"..\Obj\EMP6910-1.axf" - 0 Error(s), 0 Warning(s).
Build target 'EMP6910-1'
compiling process.c...
linking...
Program Size: Code=40816 RO-data=548 RW-data=8412 ZI-data=17500  
FromELF: creating hex file...
"..\Obj\EMP6910-1.axf" - 0 Error(s), 0 Warning(s).
Build target 'EMP6910-1'
compiling process.c...
linking...
Program Size: Code=40808 RO-data=548 RW-data=8412 ZI-data=17500  
FromELF: creating hex file...
"..\Obj\EMP6910-1.axf" - 0 Error(s), 0 Warning(s).
