<html>
<body>
<pre>
<h1>礦ision Build Log</h1>
<h2>Project:</h2>
E:\EMP6910\PET设备程序代码\SendingAndCheckingModule1\Project\Pro\EMP6910-1.uvproj
Project File Date:  09/03/2019

<h2>Output:</h2>
Build target 'EMP6910-1'
linking...
Program Size: Code=36116 RO-data=548 RW-data=8412 ZI-data=17116  
FromELF: creating hex file...
"..\Obj\EMP6910-1.axf" - 0 Error(s), 0 Warning(s).
</pre>
</body>
</html>
rror(s), 0 Warning(s).
r.c...
compiling eeprom_par.c...
compiling main.c...
compiling command.c...
compiling parameter.c...
compiling process.c...
linking...
Program Size: Code=36084 RO-data=548 RW-data=8412 ZI-data=17116  
FromELF: creating hex file...
"..\Obj\EMP6910-1.axf" - 0 Error(s), 0 Warning(s).
ig.c...
compiling communicate.c...
compiling enc28j60.c...
compiling ethernet.c...
compiling ip_arp_udp_tcp.c...
compiling serial.c...
compiling OpCtrl.c...
compiling bsp_command.c...
compiling StepMotor.c...
compiling Test.c...
compiling spi.c...
compiling eeprom.c...
compiling stm32f10x_it.c...
compiling system_stm32f10x.c...
compiling driver.c...
compiling hardware.c...
compiling my_fun.c...
compiling eeprom_par.c...
compiling main.c...
compiling command.c...
compiling parameter.c...
compiling process.c...
linking...
Program Size: Code=36056 RO-data=548 RW-data=8412 ZI-data=17116  
FromELF: creating hex file...
"..\Obj\EMP6910-1.axf" - 0 Error(s), 0 Warning(s).
           //34 衔接模块移动到发卡位
..\..\User\UserCode\Process\process.c: 1 warning, 0 errors
linking...
..\Obj\EMP6910-1.axf: Error: L6218E: Undefined symbol Op_ConnectionSendCard (referred from process.o).
Not enough information to list image symbols.
Finished: 1 information, 0 warning and 1 error messages.
"..\Obj\EMP6910-1.axf" - 1 Error(s), 1 Warning(s).
Target not created
