<html>
<body>
<pre>
<h1>礦ision Build Log</h1>
<h2>Project:</h2>
E:\EMP6910\PET设备程序代码\HWW(5.27)\SendingAndCheckingModule\Project\Pro\EMP6910.uvproj
Project File Date:  06/15/2019

<h2>Output:</h2>
Build target 'EMP6910'
linking...
Program Size: Code=37004 RO-data=548 RW-data=9824 ZI-data=16960  
FromELF: creating hex file...
"..\Obj\EMP6910.axf" - 0 Error(s), 0 Warning(s).
"..\Obj\EMP6910.axf" - 0 Error(s), 0 Warning(s).
le to "E:\EMP6910\PET设备程序代码\HWW(5.27)\SendingAndCheckingModule\Project\Pro\JLinkSettings.ini"
* JLink Info: Device "STM32F103ZE" selected (512 KB flash, 64 KB RAM).
 
JLink info:
------------
DLL: V4.90 , compiled Jul 28 2014 10:35:20
Firmware: J-Link ARM V8 compiled Nov 28 2014 13:44:46
Hardware: V8.00
S/N : 788594195 
Feature(s) : RDI,FlashDL,FlashBP,JFlash,GDB 
 
* JLink Info: Found SWD-DP with ID 0x1BA01477
* JLink Info: Found SWD-DP with ID 0x1BA01477
* JLink Info: Found Cortex-M3 r1p1, Little endian.
* JLink Info: FPUnit: 6 code (BP) slots and 2 literal slots
* JLink Info: TPIU fitted.
* JLink Info: ETM fitted.
ROMTableAddr = 0xE00FF003
 
Target info:
------------
Device: STM32F103ZE
VTarget = 3.313V
State of Pins: 
TCK: 0, TDI: 1, TDO: 1, TMS: 1, TRES: 1, TRST: 1
Hardware-Breakpoints: 6
Software-Breakpoints: 8192
Watchpoints:          4
JTAG speed: 4000 kHz
 
Erase Done.
Programming Done.
Verify OK.
Application running ...
