ARM Linker, 5.03 [Build 76] [MDK-ARM Standard]

==============================================================================

Section Cross References

    startup_stm32f10x_hd.o(RESET) refers to startup_stm32f10x_hd.o(STACK) for __initial_sp
    startup_stm32f10x_hd.o(RESET) refers to startup_stm32f10x_hd.o(.text) for Reset_Handler
    startup_stm32f10x_hd.o(RESET) refers to stm32f10x_it.o(i.NMI_Handler) for NMI_Handler
    startup_stm32f10x_hd.o(RESET) refers to stm32f10x_it.o(i.HardFault_Handler) for HardFault_Handler
    startup_stm32f10x_hd.o(RESET) refers to stm32f10x_it.o(i.MemManage_Handler) for MemManage_Handler
    startup_stm32f10x_hd.o(RESET) refers to stm32f10x_it.o(i.BusFault_Handler) for BusFault_Handler
    startup_stm32f10x_hd.o(RESET) refers to stm32f10x_it.o(i.UsageFault_Handler) for UsageFault_Handler
    startup_stm32f10x_hd.o(RESET) refers to stm32f10x_it.o(i.SVC_Handler) for SVC_Handler
    startup_stm32f10x_hd.o(RESET) refers to stm32f10x_it.o(i.DebugMon_Handler) for DebugMon_Handler
    startup_stm32f10x_hd.o(RESET) refers to stm32f10x_it.o(i.PendSV_Handler) for PendSV_Handler
    startup_stm32f10x_hd.o(RESET) refers to stm32f10x_it.o(i.SysTick_Handler) for SysTick_Handler
    startup_stm32f10x_hd.o(RESET) refers to hardware.o(i.EXTI1_IRQHandler) for EXTI1_IRQHandler
    startup_stm32f10x_hd.o(RESET) refers to stm32f10x_it.o(i.DMA1_Channel6_IRQHandler) for DMA1_Channel6_IRQHandler
    startup_stm32f10x_hd.o(RESET) refers to stm32f10x_it.o(i.DMA1_Channel7_IRQHandler) for DMA1_Channel7_IRQHandler
    startup_stm32f10x_hd.o(RESET) refers to stm32f10x_it.o(i.USB_LP_CAN1_RX0_IRQHandler) for USB_LP_CAN1_RX0_IRQHandler
    startup_stm32f10x_hd.o(RESET) refers to hardware.o(i.EXTI9_5_IRQHandler) for EXTI9_5_IRQHandler
    startup_stm32f10x_hd.o(RESET) refers to stepmotor.o(i.TIM2_IRQHandler) for TIM2_IRQHandler
    startup_stm32f10x_hd.o(RESET) refers to stepmotor.o(i.TIM3_IRQHandler) for TIM3_IRQHandler
    startup_stm32f10x_hd.o(RESET) refers to serial.o(i.USART2_IRQHandler) for USART2_IRQHandler
    startup_stm32f10x_hd.o(RESET) refers to stm32f10x_it.o(i.USBWakeUp_IRQHandler) for USBWakeUp_IRQHandler
    startup_stm32f10x_hd.o(RESET) refers to serial.o(i.UART4_IRQHandler) for UART4_IRQHandler
    startup_stm32f10x_hd.o(.text) refers to system_stm32f10x.o(i.SystemInit) for SystemInit
    startup_stm32f10x_hd.o(.text) refers to entry.o(.ARM.Collect$$$$00000000) for __main
    stm32f10x_adc.o(i.ADC_DeInit) refers to stm32f10x_rcc.o(i.RCC_APB2PeriphResetCmd) for RCC_APB2PeriphResetCmd
    stm32f10x_tim.o(i.TIM_DeInit) refers to stm32f10x_rcc.o(i.RCC_APB2PeriphResetCmd) for RCC_APB2PeriphResetCmd
    stm32f10x_tim.o(i.TIM_DeInit) refers to stm32f10x_rcc.o(i.RCC_APB1PeriphResetCmd) for RCC_APB1PeriphResetCmd
    stm32f10x_tim.o(i.TIM_ETRClockMode1Config) refers to stm32f10x_tim.o(i.TIM_ETRConfig) for TIM_ETRConfig
    stm32f10x_tim.o(i.TIM_ETRClockMode2Config) refers to stm32f10x_tim.o(i.TIM_ETRConfig) for TIM_ETRConfig
    stm32f10x_tim.o(i.TIM_ICInit) refers to stm32f10x_tim.o(i.TI1_Config) for TI1_Config
    stm32f10x_tim.o(i.TIM_ICInit) refers to stm32f10x_tim.o(i.TIM_SetIC1Prescaler) for TIM_SetIC1Prescaler
    stm32f10x_tim.o(i.TIM_ICInit) refers to stm32f10x_tim.o(i.TI2_Config) for TI2_Config
    stm32f10x_tim.o(i.TIM_ICInit) refers to stm32f10x_tim.o(i.TIM_SetIC2Prescaler) for TIM_SetIC2Prescaler
    stm32f10x_tim.o(i.TIM_ICInit) refers to stm32f10x_tim.o(i.TI3_Config) for TI3_Config
    stm32f10x_tim.o(i.TIM_ICInit) refers to stm32f10x_tim.o(i.TIM_SetIC3Prescaler) for TIM_SetIC3Prescaler
    stm32f10x_tim.o(i.TIM_ICInit) refers to stm32f10x_tim.o(i.TI4_Config) for TI4_Config
    stm32f10x_tim.o(i.TIM_ICInit) refers to stm32f10x_tim.o(i.TIM_SetIC4Prescaler) for TIM_SetIC4Prescaler
    stm32f10x_tim.o(i.TIM_ITRxExternalClockConfig) refers to stm32f10x_tim.o(i.TIM_SelectInputTrigger) for TIM_SelectInputTrigger
    stm32f10x_tim.o(i.TIM_PWMIConfig) refers to stm32f10x_tim.o(i.TI1_Config) for TI1_Config
    stm32f10x_tim.o(i.TIM_PWMIConfig) refers to stm32f10x_tim.o(i.TIM_SetIC1Prescaler) for TIM_SetIC1Prescaler
    stm32f10x_tim.o(i.TIM_PWMIConfig) refers to stm32f10x_tim.o(i.TI2_Config) for TI2_Config
    stm32f10x_tim.o(i.TIM_PWMIConfig) refers to stm32f10x_tim.o(i.TIM_SetIC2Prescaler) for TIM_SetIC2Prescaler
    stm32f10x_tim.o(i.TIM_TIxExternalClockConfig) refers to stm32f10x_tim.o(i.TI2_Config) for TI2_Config
    stm32f10x_tim.o(i.TIM_TIxExternalClockConfig) refers to stm32f10x_tim.o(i.TI1_Config) for TI1_Config
    stm32f10x_tim.o(i.TIM_TIxExternalClockConfig) refers to stm32f10x_tim.o(i.TIM_SelectInputTrigger) for TIM_SelectInputTrigger
    stm32f10x_usart.o(i.USART_DeInit) refers to stm32f10x_rcc.o(i.RCC_APB2PeriphResetCmd) for RCC_APB2PeriphResetCmd
    stm32f10x_usart.o(i.USART_DeInit) refers to stm32f10x_rcc.o(i.RCC_APB1PeriphResetCmd) for RCC_APB1PeriphResetCmd
    stm32f10x_usart.o(i.USART_Init) refers to stm32f10x_rcc.o(i.RCC_GetClocksFreq) for RCC_GetClocksFreq
[...]
    ADCPrescTable                            0x20000010   Data           4  stm32f10x_rcc.o(.data)
    .data                                    0x20000014   Section      174  communicate.o(.data)
    cmd_interface_type                       0x20000094   Data           1  communicate.o(.data)
    baseTime                                 0x20000098   Data           4  communicate.o(.data)
    operation                                0x2000009c   Data           1  communicate.o(.data)
    addr                                     0x2000009d   Data           1  communicate.o(.data)
    operation                                0x2000009e   Data           1  communicate.o(.data)
    baseTime                                 0x200000a0   Data           4  communicate.o(.data)
    bStartFlag                               0x200000a4   Data           1  communicate.o(.data)
    bFlag                                    0x200000a5   Data           1  communicate.o(.data)
    nTestState                               0x200000a6   Data           1  communicate.o(.data)
    nTestNum                                 0x200000a7   Data           1  communicate.o(.data)
    bFlagChange                              0x200000a8   Data           1  communicate.o(.data)
    nRetry                                   0x200000a9   Data           1  communicate.o(.data)
    operation                                0x200000aa   Data           1  communicate.o(.data)
    baseTime                                 0x200000ac   Data           4  communicate.o(.data)
    bStartFlag                               0x200000b0   Data           1  communicate.o(.data)
    bFlag                                    0x200000b1   Data           1  communicate.o(.data)
    nTestState                               0x200000b2   Data           1  communicate.o(.data)
    nTestNum                                 0x200000b3   Data           1  communicate.o(.data)
    bFlagChange                              0x200000b4   Data           1  communicate.o(.data)
    nRetry                                   0x200000b5   Data           1  communicate.o(.data)
    operation                                0x200000b6   Data           1  communicate.o(.data)
    baseTime                                 0x200000b8   Data           4  communicate.o(.data)
    bStartFlag                               0x200000bc   Data           1  communicate.o(.data)
    bFlag                                    0x200000bd   Data           1  communicate.o(.data)
    nTestState                               0x200000be   Data           1  communicate.o(.data)
    nTestNum                                 0x200000bf   Data           1  communicate.o(.data)
    bFlagChange                              0x200000c0   Data           1  communicate.o(.data)
    nRetry                                   0x200000c1   Data           1  communicate.o(.data)
    .data                                    0x200000c4   Section        8  enc28j60.o(.data)
    Enc28j60Bank                             0x200000c4   Data           1  enc28j60.o(.data)
    gNextPacketPtr                           0x200000c8   Data           4  enc28j60.o(.data)
    .data                                    0x200000cc   Section       25  ethernet.o(.data)
    last_seq                                 0x200000dc   Data           4  ethernet.o(.data)
    last_ack_seq                             0x200000e0   Data           4  ethernet.o(.data)
    .data                                    0x200000e8   Section       23  ip_arp_udp_tcp.o(.data)
    app_port                                 0x200000e8   Data           4  ip_arp_udp_tcp.o(.data)
    info_hdr_len                             0x200000ec   Data           4  ip_arp_udp_tcp.o(.data)
    info_data_len                            0x200000f0   Data           4  ip_arp_udp_tcp.o(.data)
    seqnum                                   0x200000f4   Data           1  ip_arp_udp_tcp.o(.data)
    macaddr                                  0x200000f5   Data           6  ip_arp_udp_tcp.o(.data)
    ipaddr                                   0x200000fb   Data           4  ip_arp_udp_tcp.o(.data)
    .data                                    0x20000100   Section       45  serial.o(.data)
    length                                   0x20000118   Data           4  serial.o(.data)
    index                                    0x2000011c   Data           4  serial.o(.data)
    operation                                0x20000120   Data           1  serial.o(.data)
    length                                   0x20000124   Data           4  serial.o(.data)
    index                                    0x20000128   Data           4  serial.o(.data)
    operation                                0x2000012c   Data           1  serial.o(.data)
    .data                                    0x20000130   Section     9160  stepmotor.o(.data)
    .data                                    0x200024f8   Section        2  eeprom.o(.data)
    .data                                    0x200024fc   Section        8  stm32f10x_it.o(.data)
    flag                                     0x200024fc   Data           1  stm32f10x_it.o(.data)
    ticket_counter                           0x20002500   Data           4  stm32f10x_it.o(.data)
    .data                                    0x20002504   Section       20  system_stm32f10x.o(.data)
    .data                                    0x20002518   Section      168  driver.o(.data)
    .data                                    0x200025c0   Section       33  main.o(.data)
    .data                                    0x200025e4   Section      115  process.o(.data)
    ChannelTrolleyCarPos                     0x20002654   Data           1  process.o(.data)
    SuckCardCarPos                           0x20002655   Data           1  process.o(.data)
    SuckPos                                  0x20002656   Data           1  process.o(.data)
    .data                                    0x20002658   Section        4  stdout.o(.data)
    .bss                                     0x2000265c   Section    10528  communicate.o(.bss)
    .bss                                     0x20004f7c   Section     1530  ethernet.o(.bss)
    .bss                                     0x20005578   Section     1152  stepmotor.o(.bss)
    .bss                                     0x200059f8   Section       32  driver.o(.bss)
    .bss                                     0x20005a18   Section      200  eeprom_par.o(.bss)
    .bss                                     0x20005ae0   Section       10  command.o(.bss)
    .bss                                     0x20005aec   Section      192  parameter.o(.bss)
    .bss                                     0x20005bac   Section     2072  process.o(.bss)
    STACK                                    0x200063c8   Section     1024  startup_stm32f10x_hd.o(STACK)

    Global Symbols

    Symbol Name                              Value     Ov Type        Size  Object(Section)

    BuildAttributes$$THM_ISAv4$P$D$K$B$S$PE$A:L22UL41UL21$X:L11$S22US41US21$IEEE1$IW$USESV6$~STKCKD$USESV7$~SHL$OSPACE$ROPI$EBA8$MICROLIB$REQ8$PRES8$EABIv2 0x00000000   Number         0  anon$$obj.o ABSOLUTE
    __ARM_use_no_argv                        0x00000000   Number         0  main.o ABSOLUTE
    _printf_a                                0x00000000   Number         0  stubs.o ABSOLUTE
    _printf_c                                0x00000000   Number         0  stubs.o ABSOLUTE
    _printf_charcount                        0x00000000   Number         0  stubs.o ABSOLUTE
    _printf_d                                0x00000000   Number         0  stubs.o ABSOLUTE
    _printf_e                                0x00000000   Number         0  stubs.o ABSOLUTE
    _printf_f                                0x00000000   Number         0  stubs.o ABSOLUTE
    _printf_flags                            0x00000000   Number         0  stubs.o ABSOLUTE
    _printf_fp_dec                           0x00000000   Number         0  stubs.o ABSOLUTE
    _printf_fp_hex                           0x00000000   Number         0  stubs.o ABSOLUTE
    _printf_g                                0x00000000   Number         0  stubs.o ABSOLUTE
    _printf_i                                0x00000000   Number         0  stubs.o ABSOLUTE
    _printf_int_dec                          0x00000000   Number         0  stubs.o ABSOLUTE
    _printf_l                                0x00000000   Number         0  stubs.o ABSOLUTE
    _printf_lc                               0x00000000   Number         0  stubs.o ABSOLUTE
    _printf_ll                               0x00000000   Number         0  stubs.o ABSOLUTE
    _printf_lld                              0x00000000   Number         0  stubs.o ABSOLUTE
    _printf_lli                              0x00000000   Number         0  stubs.o ABSOLUTE
    _printf_llo                              0x00000000   Number         0  stubs.o ABSOLUTE
    _printf_llu                              0x00000000   Number         0  stubs.o ABSOLUTE
    _printf_llx                              0x00000000   Number         0  stubs.o ABSOLUTE
    _printf_longlong_dec                     0x00000000   Number         0  stubs.o ABSOLUTE
    _printf_longlong_hex                     0x00000000   Number         0  stubs.o ABSOLUTE
    _printf_longlong_oct                     0x00000000   Number         0  stubs.o ABSOLUTE
    _printf_ls                               0x00000000   Number         0  stubs.o ABSOLUTE
    _printf_mbtowc                           0x00000000   Number         0  stubs.o ABSOLUTE
    _printf_n                                0x00000000   Number         0  stubs.o ABSOLUTE
    _printf_o                                0x00000000   Number         0  stubs.o ABSOLUTE
    _printf_p                                0x00000000   Number         0  stubs.o ABSOLUTE
    _printf_percent                          0x00000000   Number         0  stubs.o ABSOLUTE
    _printf_pre_padding                      0x00000000   Number         0  stubs.o ABSOLUTE
    _printf_return_value                     0x00000000   Number         0  stubs.o ABSOLUTE
    _printf_s                                0x00000000   Number         0  stubs.o ABSOLUTE
    _printf_sizespec                         0x00000000   Number         0  stubs.o ABSOLUTE
    _printf_str                              0x00000000   Number         0  stubs.o ABSOLUTE
    _printf_truncate_signed                  0x00000000   Number         0  stubs.o ABSOLUTE
    _printf_truncate_unsigned                0x00000000   Number         0  stubs.o ABSOLUTE
    _printf_u                                0x00000000   Number         0  stubs.o ABSOLUTE
    _printf_wc                               0x00000000   Number         0  stubs.o ABSOLUTE
    _printf_wctomb                           0x00000000   Number         0  stubs.o ABSOLUTE
    _printf_widthprec                        0x00000000   Number         0  stubs.o ABSOLUTE
    _printf_x                                0x00000000   Number         0  stubs.o ABSOLUTE
    __cpp_initialize__aeabi_                  - Undefined Weak Reference
    __cxa_finalize                            - Undefined Weak Reference
    _clock_init                               - Undefined Weak Reference
    _microlib_exit                            - Undefined Weak Reference
    __Vectors_Size                           0x00000130   Number         0  startup_stm32f10x_hd.o ABSOLUTE
    __Vectors                                0x08010000   Data           4  startup_stm32f10x_hd.o(RESET)
    __Vectors_End                            0x08010130   Data           0  startup_stm32f10x_hd.o(RESET)
    __main                                   0x08010131   Thumb Code     0  entry.o(.ARM.Collect$$$$00000000)
    _main_stk                                0x08010131   Thumb Code     0  entry2.o(.ARM.Collect$$$$00000001)
    _main_scatterload                        0x08010135   Thumb Code     0  entry5.o(.ARM.Collect$$$$00000004)
    __main_after_scatterload                 0x08010139   Thumb Code     0  entry5.o(.ARM.Collect$$$$00000004)
    _main_clock                              0x08010139   Thumb Code     0  entry7b.o(.ARM.Collect$$$$00000008)
    _main_cpp_init                           0x08010139   Thumb Code     0  entry8b.o(.ARM.Collect$$$$0000000A)
    _main_init                               0x08010139   Thumb Code     0  entry9a.o(.ARM.Collect$$$$0000000B)
    __rt_final_cpp                           0x08010141   Thumb Code     0  entry10a.o(.ARM.Collect$$$$0000000D)
    __rt_final_exit                          0x08010141   Thumb Code     0  entry11a.o(.ARM.Collect$$$$0000000F)
    __get_PSP                                0x08010145   Thumb Code     6  core_cm3.o(.emb_text)
    __set_PSP                                0x0801014b   Thumb Code     6  core_cm3.o(.emb_text)
    __get_MSP                                0x08010151   Thumb Code     6  core_cm3.o(.emb_text)
    __set_MSP                                0x08010157   Thumb Code     6  core_cm3.o(.emb_text)
    __REV16                                  0x0801015d   Thumb Code     4  core_cm3.o(.emb_text)
    __REVSH                                  0x08010161   Thumb Code     4  core_cm3.o(.emb_text)
    Reset_Handler                            0x08010165   Thumb Code     8  startup_stm32f10x_hd.o(.text)
    ADC1_2_IRQHandler                        0x0801017f   Thumb Code     0  startup_stm32f10x_hd.o(.text)
    ADC3_IRQHandler                          0x0801017f   Thumb Code     0  startup_stm32f10x_hd.o(.text)
    CAN1_RX1_IRQHandler                      0x0801017f   Thumb Code     0  startup_stm32f10x_hd.o(.text)
    CAN1_SCE_IRQHandler                      0x0801017f   Thumb Code     0  startup_stm32f10x_hd.o(.text)
    DMA1_Channel1_IRQHandler                 0x0801017f   Thumb Code     0  startup_stm32f10x_hd.o(.text)
    DMA1_Channel2_IRQHandler                 0x0801017f   Thumb Code     0  startup_stm32f10x_hd.o(.text)
    DMA1_Channel3_IRQHandler                 0x0801017f   Thumb Code     0  startup_stm32f10x_hd.o(.text)
    DMA1_Channel4_IRQHandler                 0x0801017f   Thumb Code     0  startup_stm32f10x_hd.o(.text)
    DMA1_Channel5_IRQHandler                 0x0801017f   Thumb Code     0  startup_stm32f10x_hd.o(.text)
    DMA2_Channel1_IRQHandler                 0x0801017f   Thumb Code     0  startup_stm32f10x_hd.o(.text)
    DMA2_Channel2_IRQHandler                 0x0801017f   Thumb Code     0  startup_stm32f10x_hd.o(.text)
    DMA2_Channel3_IRQHandler                 0x0801017f   Thumb Code     0  startup_stm32f10x_hd.o(.text)
    DMA2_Channel4_5_IRQHandler               0x0801017f   Thumb Code     0  startup_stm32f10x_hd.o(.text)
    EXTI0_IRQHandler                         0x0801017f   Thumb Code     0  startup_stm32f10x_hd.o(.text)
    EXTI15_10_IRQHandler                     0x0801017f   Thumb Code     0  startup_stm32f10x_hd.o(.text)
    EXTI2_IRQHandler                         0x0801017f   Thumb Code     0  startup_stm32f10x_hd.o(.text)
    EXTI3_IRQHandler                         0x0801017f   Thumb Code     0  startup_stm32f10x_hd.o(.text)
    EXTI4_IRQHandler                         0x0801017f   Thumb Code     0  startup_stm32f10x_hd.o(.text)
    FLASH_IRQHandler                         0x0801017f   Thumb Code     0  startup_stm32f10x_hd.o(.text)
    FSMC_IRQHandler                          0x0801017f   Thumb Code     0  startup_stm32f10x_hd.o(.text)
    I2C1_ER_IRQHandler                       0x0801017f   Thumb Code     0  startup_stm32f10x_hd.o(.text)
    I2C1_EV_IRQHandler                       0x0801017f   Thumb Code     0  startup_stm32f10x_hd.o(.text)
    I2C2_ER_IRQHandler                       0x0801017f   Thumb Code     0  startup_stm32f10x_hd.o(.text)
    I2C2_EV_IRQHandler                       0x0801017f   Thumb Code     0  startup_stm32f10x_hd.o(.text)
    PVD_IRQHandler                           0x0801017f   Thumb Code     0  startup_stm32f10x_hd.o(.text)
    RCC_IRQHandler                           0x0801017f   Thumb Code     0  startup_stm32f10x_hd.o(.text)
    RTCAlarm_IRQHandler                      0x0801017f   Thumb Code     0  startup_stm32f10x_hd.o(.text)
    RTC_IRQHandler                           0x0801017f   Thumb Code     0  startup_stm32f10x_hd.o(.text)
    SDIO_IRQHandler                          0x0801017f   Thumb Code     0  startup_stm32f10x_hd.o(.text)
    SPI1_IRQHandler                          0x0801017f   Thumb Code     0  startup_stm32f10x_hd.o(.text)
    SPI2_IRQHandler                          0x0801017f   Thumb Code     0  startup_stm32f10x_hd.o(.text)
    SPI3_IRQHandler                          0x0801017f   Thumb Code     0  startup_stm32f10x_hd.o(.text)
    TAMPER_IRQHandler                        0x0801017f   Thumb Code     0  startup_stm32f10x_hd.o(.text)
    TIM1_BRK_IRQHandler                      0x0801017f   Thumb Code     0  startup_stm32f10x_hd.o(.text)
    TIM1_CC_IRQHandler                       0x0801017f   Thumb Code     0  startup_stm32f10x_hd.o(.text)
    TIM1_TRG_COM_IRQHandler                  0x0801017f   Thumb Code     0  startup_stm32f10x_hd.o(.text)
    TIM1_UP_IRQHandler                       0x0801017f   Thumb Code     0  startup_stm32f10x_hd.o(.text)
    TIM4_IRQHandler                          0x0801017f   Thumb Code     0  startup_stm32f10x_hd.o(.text)
    TIM5_IRQHandler                          0x0801017f   Thumb Code     0  startup_stm32f10x_hd.o(.text)
    TIM6_IRQHandler                          0x0801017f   Thumb Code     0  startup_stm32f10x_hd.o(.text)
    TIM7_IRQHandler                          0x0801017f   Thumb Code     0  startup_stm32f10x_hd.o(.text)
    TIM8_BRK_IRQHandler                      0x0801017f   Thumb Code     0  startup_stm32f10x_hd.o(.text)
    TIM8_CC_IRQHandler                       0x0801017f   Thumb Code     0  startup_stm32f10x_hd.o(.text)
    TIM8_TRG_COM_IRQHandler                  0x0801017f   Thumb Code     0  startup_stm32f10x_hd.o(.text)
    TIM8_UP_IRQHandler                       0x0801017f   Thumb Code     0  startup_stm32f10x_hd.o(.text)
    UART5_IRQHandler                         0x0801017f   Thumb Code     0  startup_stm32f10x_hd.o(.text)
    USART1_IRQHandler                        0x0801017f   Thumb Code     0  startup_stm32f10x_hd.o(.text)
    USART3_IRQHandler                        0x0801017f   Thumb Code     0  startup_stm32f10x_hd.o(.text)
    USB_HP_CAN1_TX_IRQHandler                0x0801017f   Thumb Code     0  startup_stm32f10x_hd.o(.text)
    WWDG_IRQHandler                          0x0801017f   Thumb Code     0  startup_stm32f10x_hd.o(.text)
    __aeabi_memcpy                           0x08010189   Thumb Code    36  memcpya.o(.text)
    __aeabi_memcpy4                          0x08010189   Thumb Code     0  memcpya.o(.text)
    __aeabi_memcpy8                          0x08010189   Thumb Code     0  memcpya.o(.text)
    __aeabi_memset                           0x080101ad   Thumb Code    14  memseta.o(.text)
    __aeabi_memset4                          0x080101ad   Thumb Code     0  memseta.o(.text)
    __aeabi_memset8                          0x080101ad   Thumb Code     0  memseta.o(.text)
    __aeabi_memclr                           0x080101bb   Thumb Code     4  memseta.o(.text)
    __aeabi_memclr4                          0x080101bb   Thumb Code     0  memseta.o(.text)
    __aeabi_memclr8                          0x080101bb   Thumb Code     0  memseta.o(.text)
    _memset$wrapper                          0x080101bf   Thumb Code    18  memseta.o(.text)
    strlen                                   0x080101d1   Thumb Code    14  strlen.o(.text)
    __aeabi_uldivmod                         0x080101df   Thumb Code    98  uldiv.o(.text)
    __scatterload                            0x08010241   Thumb Code    28  init.o(.text)
    __scatterload_rt2                        0x08010241   Thumb Code     0  init.o(.text)
    __aeabi_llsl                             0x08010265   Thumb Code    30  llshl.o(.text)
    _ll_shift_l                              0x08010265   Thumb Code     0  llshl.o(.text)
    __aeabi_llsr                             0x08010283   Thumb Code    32  llushr.o(.text)
    _ll_ushift_r                             0x08010283   Thumb Code     0  llushr.o(.text)
    __decompress                             0x080102a3   Thumb Code     0  __dclz77c.o(.text)
    __decompress2                            0x080102a3   Thumb Code    96  __dclz77c.o(.text)
    BusFault_Handler                         0x08010305   Thumb Code    10  stm32f10x_it.o(i.BusFault_Handler)
    CheckOpTimeDelay                         0x08010325   Thumb Code    40  opctrl.o(i.CheckOpTimeDelay)
    CheckPackageValid                        0x08010351   Thumb Code   334  communicate.o(i.CheckPackageValid)
    Configure_DMA                            0x080104ad   Thumb Code     2  hardware.o(i.Configure_DMA)
    Configure_EXTI                           0x080104af   Thumb Code    74  hardware.o(i.Configure_EXTI)
    Configure_FSMC                           0x080104f9   Thumb Code   368  bspconfig.o(i.Configure_FSMC)
    Configure_IO                             0x08010679   Thumb Code    18  bspconfig.o(i.Configure_IO)
    Configure_NVIC                           0x08010691   Thumb Code    14  hardware.o(i.Configure_NVIC)
    Configure_Output                         0x080106a1   Thumb Code   224  bspconfig.o(i.Configure_Output)
    Configure_RCC                            0x08010795   Thumb Code   120  bspconfig.o(i.Configure_RCC)
    Configure_StepMotor                      0x0801080d   Thumb Code   166  bspconfig.o(i.Configure_StepMotor)
    Configure_SystemTick                     0x080108cd   Thumb Code    92  bspconfig.o(i.Configure_SystemTick)
    DBGMCU_Config                            0x08010935   Thumb Code    26  stm32f10x_dbgmcu.o(i.DBGMCU_Config)
    DMA1_Channel6_IRQHandler                 0x08010955   Thumb Code     2  stm32f10x_it.o(i.DMA1_Channel6_IRQHandler)
    DMA1_Channel7_IRQHandler                 0x08010957   Thumb Code     2  stm32f10x_it.o(i.DMA1_Channel7_IRQHandler)
    DealResult                               0x08010959   Thumb Code    96  opctrl.o(i.DealResult)
    DebugMon_Handler                         0x080109bd   Thumb Code     2  stm32f10x_it.o(i.DebugMon_Handler)
    DefaultParameter                         0x080109c1   Thumb Code   244  parameter.o(i.DefaultParameter)
    DistrubDataToGroup                       0x08010ab9   Thumb Code    78  communicate.o(i.DistrubDataToGroup)
    EE_Init                                  0x08010bad   Thumb Code   486  eeprom.o(i.EE_Init)
    EE_ReadVariable                          0x08010e99   Thumb Code    92  eeprom.o(i.EE_ReadVariable)
    EE_WriteVariable                         0x08010f6d   Thumb Code    36  eeprom.o(i.EE_WriteVariable)
    EXTI1_IRQHandler                         0x08010f91   Thumb Code    18  hardware.o(i.EXTI1_IRQHandler)
    EXTI9_5_IRQHandler                       0x08010fa3   Thumb Code    82  hardware.o(i.EXTI9_5_IRQHandler)
    EXTI_ClearITPendingBit                   0x08010ff5   Thumb Code     6  stm32f10x_exti.o(i.EXTI_ClearITPendingBit)
    EXTI_GetITStatus                         0x08011001   Thumb Code    34  stm32f10x_exti.o(i.EXTI_GetITStatus)
    EXTI_Init                                0x08011029   Thumb Code   142  stm32f10x_exti.o(i.EXTI_Init)
    FLASH_ErasePage                          0x080110bd   Thumb Code    72  stm32f10x_flash.o(i.FLASH_ErasePage)
    FLASH_GetBank1Status                     0x08011109   Thumb Code    48  stm32f10x_flash.o(i.FLASH_GetBank1Status)
    FLASH_Lock                               0x0801113d   Thumb Code    14  stm32f10x_flash.o(i.FLASH_Lock)
    FLASH_ProgramHalfWord                    0x08011151   Thumb Code    60  stm32f10x_flash.o(i.FLASH_ProgramHalfWord)
    FLASH_Unlock                             0x08011191   Thumb Code    12  stm32f10x_flash.o(i.FLASH_Unlock)
    FLASH_WaitForLastOperation               0x080111a9   Thumb Code    38  stm32f10x_flash.o(i.FLASH_WaitForLastOperation)
    FSMC_NORSRAMCmd                          0x080111d1   Thumb Code    46  stm32f10x_fsmc.o(i.FSMC_NORSRAMCmd)
    FSMC_NORSRAMInit                         0x08011205   Thumb Code   224  stm32f10x_fsmc.o(i.FSMC_NORSRAMInit)
    GPIO_EXTILineConfig                      0x080112e5   Thumb Code    60  stm32f10x_gpio.o(i.GPIO_EXTILineConfig)
    GPIO_Init                                0x08011325   Thumb Code   274  stm32f10x_gpio.o(i.GPIO_Init)
    GPIO_PinRemapConfig                      0x08011439   Thumb Code   138  stm32f10x_gpio.o(i.GPIO_PinRemapConfig)
    GPIO_ReadInputDataBit                    0x080114c9   Thumb Code    18  stm32f10x_gpio.o(i.GPIO_ReadInputDataBit)
    GPIO_ResetBits                           0x080114db   Thumb Code     4  stm32f10x_gpio.o(i.GPIO_ResetBits)
    GPIO_SetBits                             0x080114df   Thumb Code     4  stm32f10x_gpio.o(i.GPIO_SetBits)
    Get_Default_Value                        0x080114e3   Thumb Code     2  eeprom_par.o(i.Get_Default_Value)
    HardFault_Handler                        0x080114e5   Thumb Code    16  stm32f10x_it.o(i.HardFault_Handler)
    InitBspConfig                            0x080114f9   Thumb Code    20  bspconfig.o(i.InitBspConfig)
    InitHardware                             0x0801150d   Thumb Code    16  hardware.o(i.InitHardware)
    InitOpStruct                             0x0801151d   Thumb Code    44  opctrl.o(i.InitOpStruct)
    InitializeMachine                        0x08011549   Thumb Code   692  process.o(i.InitializeMachine)
    IsChildOpOK                              0x08011899   Thumb Code    50  opctrl.o(i.IsChildOpOK)
    IsSmRunFinish                            0x080118cd   Thumb Code    26  stepmotor.o(i.IsSmRunFinish)
    JumpToAddress                            0x080118ed   Thumb Code    78  bsp_command.o(i.JumpToAddress)
    JumpToApp                                0x08011971   Thumb Code    20  bsp_command.o(i.JumpToApp)
    JumpToBootload                           0x08011999   Thumb Code    18  bsp_command.o(i.JumpToBootload)
    MemManage_Handler                        0x080119c5   Thumb Code    10  stm32f10x_it.o(i.MemManage_Handler)
    NMI_Handler                              0x080119e5   Thumb Code     2  stm32f10x_it.o(i.NMI_Handler)
    NVIC_Init                                0x080119e9   Thumb Code   102  misc.o(i.NVIC_Init)
    NVIC_PriorityGroupConfig                 0x08011a5d   Thumb Code    10  misc.o(i.NVIC_PriorityGroupConfig)
    NVIC_SetVectorTable                      0x08011a71   Thumb Code    12  misc.o(i.NVIC_SetVectorTable)
    OpUnplugOneStub                          0x08011a85   Thumb Code     6  opctrl.o(i.OpUnplugOneStub)
    Op_ClampCardCarMove                      0x08011a8d   Thumb Code   438  process.o(i.Op_ClampCardCarMove)
    Op_ClampClose                            0x08011c81   Thumb Code   100  process.o(i.Op_ClampClose)
    Op_ClampOpen                             0x08011cf1   Thumb Code   100  process.o(i.Op_ClampOpen)
    Op_CloseGasSwitch                        0x08011d61   Thumb Code    72  process.o(i.Op_CloseGasSwitch)
    Op_ClosingPressure                       0x08011dad   Thumb Code    72  process.o(i.Op_ClosingPressure)
    Op_CoolDown                              0x08011df9   Thumb Code   112  process.o(i.Op_CoolDown)
    Op_CoolRise                              0x08011e6d   Thumb Code   112  process.o(i.Op_CoolRise)
    Op_CuttingPlatformWork                   0x08011ee1   Thumb Code   572  process.o(i.Op_CuttingPlatformWork)
    Op_GotoLoadingPlatform                   0x0801214d   Thumb Code   226  process.o(i.Op_GotoLoadingPlatform)
    Op_LeftClampClose                        0x08012259   Thumb Code   128  process.o(i.Op_LeftClampClose)
    Op_LeftClampOpen                         0x080122dd   Thumb Code   128  process.o(i.Op_LeftClampOpen)
    Op_MakeCard                              0x08012361   Thumb Code   500  process.o(i.Op_MakeCard)
    Op_OpenGasSwitch                         0x08012589   Thumb Code    72  process.o(i.Op_OpenGasSwitch)
    Op_OpeningPressure                       0x080125d5   Thumb Code    72  process.o(i.Op_OpeningPressure)
    Op_PresDown                              0x08012621   Thumb Code   112  process.o(i.Op_PresDown)
    Op_PresRise                              0x08012695   Thumb Code   112  process.o(i.Op_PresRise)
    Op_PretargetingReset                     0x08012709   Thumb Code   240  process.o(i.Op_PretargetingReset)
    Op_PretargetingUp                        0x08012801   Thumb Code   150  process.o(i.Op_PretargetingUp)
    Op_PretargetingVacuumCupClose            0x080128a9   Thumb Code    72  process.o(i.Op_PretargetingVacuumCupClose)
    Op_PretargetingVacuumCupOpen             0x080128f5   Thumb Code    72  process.o(i.Op_PretargetingVacuumCupOpen)
    Op_ResetClamp                            0x08012941   Thumb Code   110  process.o(i.Op_ResetClamp)
    Op_ResetClampCardCar                     0x080129bd   Thumb Code   430  process.o(i.Op_ResetClampCardCar)
    Op_ResetModule                           0x08012b89   Thumb Code   304  process.o(i.Op_ResetModule)
    Op_ResetSuckCardCar                      0x08012ced   Thumb Code   322  process.o(i.Op_ResetSuckCardCar)
    Op_RightClampClose                       0x08012e41   Thumb Code   128  process.o(i.Op_RightClampClose)
    Op_RightClampOpen                        0x08012ec5   Thumb Code   128  process.o(i.Op_RightClampOpen)
    Op_ScramProcess                          0x08012f49   Thumb Code   146  process.o(i.Op_ScramProcess)
    Op_SuckCardCarMove                       0x08012ff5   Thumb Code   298  process.o(i.Op_SuckCardCarMove)
    Op_SuckMove                              0x0801314d   Thumb Code   266  process.o(i.Op_SuckMove)
    Op_SuckReset                             0x08013281   Thumb Code   236  process.o(i.Op_SuckReset)
    Op_WarmDown                              0x08013375   Thumb Code   112  process.o(i.Op_WarmDown)
    Op_WarmRise                              0x080133e9   Thumb Code   112  process.o(i.Op_WarmRise)
    Op_WasteStorageDown                      0x0801345d   Thumb Code   150  process.o(i.Op_WasteStorageDown)
    Op_WasteStorageReset                     0x08013505   Thumb Code   236  process.o(i.Op_WasteStorageReset)
    Op_WasteStorageVacuumCupClose            0x080135f9   Thumb Code    72  process.o(i.Op_WasteStorageVacuumCupClose)
    Op_WasteStorageVacuumCupOpen             0x08013645   Thumb Code    72  process.o(i.Op_WasteStorageVacuumCupOpen)
    PWR_BackupAccessCmd                      0x08013691   Thumb Code     6  stm32f10x_pwr.o(i.PWR_BackupAccessCmd)
    PackageMsg                               0x0801369d   Thumb Code   202  communicate.o(i.PackageMsg)
    PendSV_Handler                           0x08013771   Thumb Code     2  stm32f10x_it.o(i.PendSV_Handler)
    ProcessCmd                               0x08013775   Thumb Code   286  communicate.o(i.ProcessCmd)
    ProcessSystemCmd                         0x080138b9   Thumb Code   638  bsp_command.o(i.ProcessSystemCmd)
    ProcessUpdateParameter                   0x08013b75   Thumb Code    58  process.o(i.ProcessUpdateParameter)
    ProcessUserCmd                           0x08013bc1   Thumb Code   258  command.o(i.ProcessUserCmd)
    RCC_AHBPeriphClockCmd                    0x08013cdd   Thumb Code    26  stm32f10x_rcc.o(i.RCC_AHBPeriphClockCmd)
    RCC_APB1PeriphClockCmd                   0x08013cfd   Thumb Code    26  stm32f10x_rcc.o(i.RCC_APB1PeriphClockCmd)
    RCC_APB1PeriphResetCmd                   0x08013d1d   Thumb Code    26  stm32f10x_rcc.o(i.RCC_APB1PeriphResetCmd)
    RCC_APB2PeriphClockCmd                   0x08013d3d   Thumb Code    26  stm32f10x_rcc.o(i.RCC_APB2PeriphClockCmd)
    RCC_APB2PeriphResetCmd                   0x08013d5d   Thumb Code    26  stm32f10x_rcc.o(i.RCC_APB2PeriphResetCmd)
    RCC_GetClocksFreq                        0x08013d7d   Thumb Code   192  stm32f10x_rcc.o(i.RCC_GetClocksFreq)
    RCC_LSEConfig                            0x08013e51   Thumb Code    44  stm32f10x_rcc.o(i.RCC_LSEConfig)
    ResetAllSignal                           0x08013e85   Thumb Code    96  process.o(i.ResetAllSignal)
    ResumeOp                                 0x08013ef1   Thumb Code    72  opctrl.o(i.ResumeOp)
    SPI1_Init                                0x08013f39   Thumb Code   148  spi.o(i.SPI1_Init)
    SPI1_ReadWrite                           0x08013fd5   Thumb Code    50  spi.o(i.SPI1_ReadWrite)
    SPI_Cmd                                  0x0801400d   Thumb Code    24  stm32f10x_spi.o(i.SPI_Cmd)
    SPI_I2S_GetFlagStatus                    0x08014025   Thumb Code    18  stm32f10x_spi.o(i.SPI_I2S_GetFlagStatus)
    SPI_I2S_ReceiveData                      0x08014037   Thumb Code     6  stm32f10x_spi.o(i.SPI_I2S_ReceiveData)
    SPI_I2S_SendData                         0x0801403d   Thumb Code     4  stm32f10x_spi.o(i.SPI_I2S_SendData)
    SPI_Init                                 0x08014041   Thumb Code    60  stm32f10x_spi.o(i.SPI_Init)
    SVC_Handler                              0x0801407d   Thumb Code     2  stm32f10x_it.o(i.SVC_Handler)
    SetOpRunMode                             0x0801407f   Thumb Code     4  opctrl.o(i.SetOpRunMode)
    SetOpTimeDelay                           0x08014085   Thumb Code    10  opctrl.o(i.SetOpTimeDelay)
    Set_Default_Value                        0x08014179   Thumb Code     2  eeprom_par.o(i.Set_Default_Value)
    StartChildOp                             0x0801417d   Thumb Code    58  opctrl.o(i.StartChildOp)
    StartOp                                  0x080141bd   Thumb Code    14  opctrl.o(i.StartOp)
    StartOpByMode                            0x080141cd   Thumb Code    58  opctrl.o(i.StartOpByMode)
    StepCtrlMachine                          0x0801420d   Thumb Code   148  process.o(i.StepCtrlMachine)
    SysTick_Handler                          0x080142a1   Thumb Code    76  stm32f10x_it.o(i.SysTick_Handler)
    SystemInit                               0x080142fd   Thumb Code    78  system_stm32f10x.o(i.SystemInit)
    TIM2_IRQHandler                          0x0801435d   Thumb Code  1210  stepmotor.o(i.TIM2_IRQHandler)
    TIM3_IRQHandler                          0x08014819   Thumb Code  1210  stepmotor.o(i.TIM3_IRQHandler)
    TIM_ClearITPendingBit                    0x08014cd9   Thumb Code     6  stm32f10x_tim.o(i.TIM_ClearITPendingBit)
    TIM_Cmd                                  0x08014cdf   Thumb Code    24  stm32f10x_tim.o(i.TIM_Cmd)
    TIM_DeInit                               0x08014cf9   Thumb Code   424  stm32f10x_tim.o(i.TIM_DeInit)
    TIM_GetCapture1                          0x08014ee1   Thumb Code     6  stm32f10x_tim.o(i.TIM_GetCapture1)
    TIM_GetCapture2                          0x08014ee7   Thumb Code     6  stm32f10x_tim.o(i.TIM_GetCapture2)
    TIM_GetCapture3                          0x08014eed   Thumb Code     6  stm32f10x_tim.o(i.TIM_GetCapture3)
    TIM_GetCapture4                          0x08014ef3   Thumb Code     8  stm32f10x_tim.o(i.TIM_GetCapture4)
    TIM_GetITStatus                          0x08014efb   Thumb Code    34  stm32f10x_tim.o(i.TIM_GetITStatus)
    TIM_ITConfig                             0x08014f1d   Thumb Code    18  stm32f10x_tim.o(i.TIM_ITConfig)
    TIM_OC1Init                              0x08014f31   Thumb Code   132  stm32f10x_tim.o(i.TIM_OC1Init)
    TIM_OC1PreloadConfig                     0x08014fc9   Thumb Code    18  stm32f10x_tim.o(i.TIM_OC1PreloadConfig)
    TIM_OC2Init                              0x08014fdd   Thumb Code   154  stm32f10x_tim.o(i.TIM_OC2Init)
    TIM_OC2PreloadConfig                     0x08015081   Thumb Code    26  stm32f10x_tim.o(i.TIM_OC2PreloadConfig)
    TIM_OC3Init                              0x0801509d   Thumb Code   150  stm32f10x_tim.o(i.TIM_OC3Init)
    TIM_OC3PreloadConfig                     0x0801513d   Thumb Code    18  stm32f10x_tim.o(i.TIM_OC3PreloadConfig)
    TIM_OC4Init                              0x08015151   Thumb Code   114  stm32f10x_tim.o(i.TIM_OC4Init)
    TIM_OC4PreloadConfig                     0x080151cd   Thumb Code    26  stm32f10x_tim.o(i.TIM_OC4PreloadConfig)
    TIM_SetCompare1                          0x080151e7   Thumb Code     4  stm32f10x_tim.o(i.TIM_SetCompare1)
    TIM_SetCompare2                          0x080151eb   Thumb Code     4  stm32f10x_tim.o(i.TIM_SetCompare2)
    TIM_SetCompare3                          0x080151ef   Thumb Code     4  stm32f10x_tim.o(i.TIM_SetCompare3)
    TIM_SetCompare4                          0x080151f3   Thumb Code     6  stm32f10x_tim.o(i.TIM_SetCompare4)
    TIM_TimeBaseInit                         0x080151f9   Thumb Code   122  stm32f10x_tim.o(i.TIM_TimeBaseInit)
    UART4_IRQHandler                         0x0801529d   Thumb Code   580  serial.o(i.UART4_IRQHandler)
    USART2_IRQHandler                        0x0801551d   Thumb Code   568  serial.o(i.USART2_IRQHandler)
    USART_ClearFlag                          0x0801578d   Thumb Code    18  stm32f10x_usart.o(i.USART_ClearFlag)
    USART_Cmd                                0x0801579f   Thumb Code    24  stm32f10x_usart.o(i.USART_Cmd)
    USART_GetFlagStatus                      0x080157b7   Thumb Code    26  stm32f10x_usart.o(i.USART_GetFlagStatus)
    USART_GetITStatus                        0x080157d1   Thumb Code    84  stm32f10x_usart.o(i.USART_GetITStatus)
    USART_ITConfig                           0x08015825   Thumb Code    74  stm32f10x_usart.o(i.USART_ITConfig)
    USART_Init                               0x08015871   Thumb Code   210  stm32f10x_usart.o(i.USART_Init)
    USART_ReceiveData                        0x08015949   Thumb Code    10  stm32f10x_usart.o(i.USART_ReceiveData)
    USART_SendData                           0x08015953   Thumb Code     8  stm32f10x_usart.o(i.USART_SendData)
    USBWakeUp_IRQHandler                     0x0801595b   Thumb Code    12  stm32f10x_it.o(i.USBWakeUp_IRQHandler)
    USB_LP_CAN1_RX0_IRQHandler               0x08015967   Thumb Code     2  stm32f10x_it.o(i.USB_LP_CAN1_RX0_IRQHandler)
    UsageFault_Handler                       0x08015969   Thumb Code    10  stm32f10x_it.o(i.UsageFault_Handler)
    __0printf$8                              0x0801598d   Thumb Code    22  printf8.o(i.__0printf$8)
    __1printf$8                              0x0801598d   Thumb Code     0  printf8.o(i.__0printf$8)
    __2printf                                0x0801598d   Thumb Code     0  printf8.o(i.__0printf$8)
    __0sprintf$8                             0x080159ad   Thumb Code    34  printf8.o(i.__0sprintf$8)
    __1sprintf$8                             0x080159ad   Thumb Code     0  printf8.o(i.__0sprintf$8)
    __2sprintf                               0x080159ad   Thumb Code     0  printf8.o(i.__0sprintf$8)
    __scatterload_copy                       0x080159d5   Thumb Code    14  handlers.o(i.__scatterload_copy)
    __scatterload_null                       0x080159e3   Thumb Code     2  handlers.o(i.__scatterload_null)
    __scatterload_zeroinit                   0x080159e5   Thumb Code    14  handlers.o(i.__scatterload_zeroinit)
    check_time_delay                         0x08015e5d   Thumb Code    34  driver.o(i.check_time_delay)
    checksum                                 0x08015e85   Thumb Code    82  ip_arp_udp_tcp.o(i.checksum)
    cmd_get_all_info                         0x08015ed9   Thumb Code   188  bsp_command.o(i.cmd_get_all_info)
    cmd_get_firmware                         0x08015fa5   Thumb Code   114  bsp_command.o(i.cmd_get_firmware)
    cmd_get_mcu_data                         0x08016025   Thumb Code    96  command.o(i.cmd_get_mcu_data)
    cmd_get_op_info                          0x08016095   Thumb Code   148  bsp_command.o(i.cmd_get_op_info)
    comm_cmd_execution                       0x08016135   Thumb Code   678  communicate.o(i.comm_cmd_execution)
    delay_ms                                 0x08016445   Thumb Code    26  my_fun.o(i.delay_ms)
    delay_us                                 0x0801645f   Thumb Code    40  my_fun.o(i.delay_us)
    dm_ctrl_one                              0x08016489   Thumb Code   242  driver.o(i.dm_ctrl_one)
    enc28j60Init                             0x0801658d   Thumb Code   330  enc28j60.o(i.enc28j60Init)
    enc28j60PacketReceive                    0x080166e5   Thumb Code   256  enc28j60.o(i.enc28j60PacketReceive)
    enc28j60PacketSend                       0x080167e9   Thumb Code   128  enc28j60.o(i.enc28j60PacketSend)
    enc28j60PhyWrite                         0x08016869   Thumb Code    54  enc28j60.o(i.enc28j60PhyWrite)
    enc28j60Read                             0x0801689f   Thumb Code    20  enc28j60.o(i.enc28j60Read)
    enc28j60ReadBuffer                       0x080168b5   Thumb Code    52  enc28j60.o(i.enc28j60ReadBuffer)
    enc28j60ReadOp                           0x080168ed   Thumb Code    64  enc28j60.o(i.enc28j60ReadOp)
    enc28j60SetBank                          0x08016931   Thumb Code    48  enc28j60.o(i.enc28j60SetBank)
    enc28j60Write                            0x08016965   Thumb Code    24  enc28j60.o(i.enc28j60Write)
    enc28j60WriteBuffer                      0x0801697d   Thumb Code    46  enc28j60.o(i.enc28j60WriteBuffer)
    enc28j60WriteOp                          0x080169b1   Thumb Code    54  enc28j60.o(i.enc28j60WriteOp)
    eth_type_is_arp_and_my_ip                0x080169ed   Thumb Code    64  ip_arp_udp_tcp.o(i.eth_type_is_arp_and_my_ip)
    eth_type_is_boardcast                    0x08016a31   Thumb Code    40  ip_arp_udp_tcp.o(i.eth_type_is_boardcast)
    eth_type_is_my_mac                       0x08016a59   Thumb Code    46  ip_arp_udp_tcp.o(i.eth_type_is_my_mac)
    ethernet_send_msg                        0x08016a8d   Thumb Code   146  ethernet.o(i.ethernet_send_msg)
    ethernet_tcp                             0x08016b39   Thumb Code   220  ethernet.o(i.ethernet_tcp)
    ethernet_udp                             0x08016c2d   Thumb Code    36  ethernet.o(i.ethernet_udp)
    ethernet_winpcap                         0x08016c61   Thumb Code    36  ethernet.o(i.ethernet_winpcap)
    fill_ip_hdr_checksum                     0x08016c95   Thumb Code    44  ip_arp_udp_tcp.o(i.fill_ip_hdr_checksum)
    fpga_read                                0x08016cc1   Thumb Code    12  driver.o(i.fpga_read)
    fputc                                    0x08016ccd   Thumb Code    32  serial.o(i.fputc)
    get_board_id                             0x08016cf1   Thumb Code   156  driver.o(i.get_board_id)
    get_parameter                            0x08016d99   Thumb Code    62  eeprom_par.o(i.get_parameter)
    get_tcp_data_pointer                     0x08016de1   Thumb Code    18  ip_arp_udp_tcp.o(i.get_tcp_data_pointer)
    init_ethernet                            0x08016dfd   Thumb Code   106  ethernet.o(i.init_ethernet)
    init_ip_arp_udp_tcp                      0x08016e85   Thumb Code    46  ip_arp_udp_tcp.o(i.init_ip_arp_udp_tcp)
    init_len_info                            0x08016ec1   Thumb Code    58  ip_arp_udp_tcp.o(i.init_len_info)
    init_parameter                           0x08016f05   Thumb Code   248  eeprom_par.o(i.init_parameter)
    init_step_motor                          0x08017009   Thumb Code   962  stepmotor.o(i.init_step_motor)
    init_uart                                0x080173d9   Thumb Code   374  serial.o(i.init_uart)
    input_get_all                            0x08017561   Thumb Code    68  driver.o(i.input_get_all)
    input_get_one                            0x080175ad   Thumb Code    44  driver.o(i.input_get_one)
    main                                     0x080175dd   Thumb Code   126  main.o(i.main)
    make_arp_answer_from_request             0x08017695   Thumb Code    92  ip_arp_udp_tcp.o(i.make_arp_answer_from_request)
    make_echo_reply_from_request             0x080176f9   Thumb Code    62  ip_arp_udp_tcp.o(i.make_echo_reply_from_request)
    make_eth                                 0x08017739   Thumb Code    30  ip_arp_udp_tcp.o(i.make_eth)
    make_ip                                  0x0801775d   Thumb Code    44  ip_arp_udp_tcp.o(i.make_ip)
    make_tcp_ack_from_any                    0x0801778d   Thumb Code    98  ip_arp_udp_tcp.o(i.make_tcp_ack_from_any)
    make_tcp_ack_with_data                   0x080177f5   Thumb Code    76  ip_arp_udp_tcp.o(i.make_tcp_ack_with_data)
    make_tcp_synack_from_syn                 0x08017841   Thumb Code    76  ip_arp_udp_tcp.o(i.make_tcp_synack_from_syn)
    make_tcphead                             0x0801788d   Thumb Code   190  ip_arp_udp_tcp.o(i.make_tcphead)
    make_udp_reply_from_request              0x08017955   Thumb Code   148  ip_arp_udp_tcp.o(i.make_udp_reply_from_request)
    make_winpcap_ack_with_data               0x080179e9   Thumb Code    24  ip_arp_udp_tcp.o(i.make_winpcap_ack_with_data)
    print_message                            0x08017a01   Thumb Code   182  driver.o(i.print_message)
    process_all_cmd                          0x08017b61   Thumb Code     8  communicate.o(i.process_all_cmd)
    process_computer                         0x08017b69   Thumb Code     2  communicate.o(i.process_computer)
    process_ethernet                         0x08017b6d   Thumb Code   194  ethernet.o(i.process_ethernet)
    process_serial                           0x08017c39   Thumb Code    34  serial.o(i.process_serial)
    save_parameter                           0x08017c69   Thumb Code   100  eeprom_par.o(i.save_parameter)
    serial_send_msg                          0x08017cd9   Thumb Code    26  serial.o(i.serial_send_msg)
    set_parameter                            0x08017d01   Thumb Code    60  eeprom_par.o(i.set_parameter)
    sm_get_abs                               0x08017d45   Thumb Code    38  stepmotor.o(i.sm_get_abs)
    sm_run                                   0x08017d71   Thumb Code   678  stepmotor.o(i.sm_run)
    sm_run_abs                               0x08018021   Thumb Code    86  stepmotor.o(i.sm_run_abs)
    sm_set_abs_zero                          0x08018081   Thumb Code    18  stepmotor.o(i.sm_set_abs_zero)
    sm_set_dir                               0x08018099   Thumb Code    96  stepmotor.o(i.sm_set_dir)
    sm_set_enable                            0x08018105   Thumb Code   140  stepmotor.o(i.sm_set_enable)
    sm_set_pul                               0x0801819d   Thumb Code    84  stepmotor.o(i.sm_set_pul)
    sm_stop                                  0x080181f9   Thumb Code   236  stepmotor.o(i.sm_stop)
    test_step_motor                          0x080182ed   Thumb Code   180  bsp_command.o(i.test_step_motor)
    Region$$Table$$Base                      0x0801847c   Number         0  anon$$obj.o(Region$$Table)
    Region$$Table$$Limit                     0x0801849c   Number         0  anon$$obj.o(Region$$Table)
    bRecvData                                0x20000014   Data           1  communicate.o(.data)
    txlen                                    0x20000018   Data           4  communicate.o(.data)
    device_connected                         0x2000001c   Data           1  communicate.o(.data)
    last_cmd_time                            0x20000020   Data           4  communicate.o(.data)
    cmd_num_this_time                        0x20000024   Data           1  communicate.o(.data)
    cmd_num_last_time                        0x20000025   Data           1  communicate.o(.data)
    flag_package_attr                        0x20000026   Data           1  communicate.o(.data)
    cmd_tx_length                            0x20000028   Data           4  communicate.o(.data)
    cmd_rx_length                            0x2000002c   Data           4  communicate.o(.data)
    dst_mac                                  0x20000030   Data          60  communicate.o(.data)
    ip_addr                                  0x2000006c   Data          40  communicate.o(.data)
    net_cmd_busy_flag                        0x200000cc   Data           1  ethernet.o(.data)
    net_cmd_recv_flag                        0x200000cd   Data           1  ethernet.o(.data)
    net_cmd_data_len                         0x200000d0   Data           4  ethernet.o(.data)
    net_cmd_send_flag                        0x200000d4   Data           1  ethernet.o(.data)
    net_cmd_error_flag                       0x200000d5   Data           1  ethernet.o(.data)
    net_cmd_send_length                      0x200000d8   Data           4  ethernet.o(.data)
    net_msg_type                             0x200000e4   Data           1  ethernet.o(.data)
    serial_cmd_busy_flag                     0x20000100   Data           1  serial.o(.data)
    serial_cmd_recv_flag                     0x20000101   Data           1  serial.o(.data)
    serial_send_finished_flag                0x20000102   Data           1  serial.o(.data)
    serial_cmd_error_flag                    0x20000103   Data           1  serial.o(.data)
    serial_cmd_send_length                   0x20000104   Data           4  serial.o(.data)
    serial_cmd_data_len                      0x20000108   Data           4  serial.o(.data)
    serial_tx_out                            0x2000010c   Data           1  serial.o(.data)
    receive_time_last                        0x20000110   Data           4  serial.o(.data)
    serial_start_to_receive_flag             0x20000114   Data           1  serial.o(.data)
    serial_rx_timeout_flag                   0x20000115   Data           1  serial.o(.data)
    SpeedTable1                              0x20000130   Data        1000  stepmotor.o(.data)
    SpeedTable2                              0x20000518   Data        1000  stepmotor.o(.data)
    SpeedTable3                              0x20000900   Data        1000  stepmotor.o(.data)
    SpeedTable4                              0x20000ce8   Data        2000  stepmotor.o(.data)
    SpeedTable5                              0x200014b8   Data        1000  stepmotor.o(.data)
    SpeedTable6                              0x200018a0   Data        1000  stepmotor.o(.data)
    SpeedTable7                              0x20001c88   Data        1000  stepmotor.o(.data)
    SpeedTable8                              0x20002070   Data        1000  stepmotor.o(.data)
    sm_dir_gpio_base                         0x20002458   Data          32  stepmotor.o(.data)
    sm_pul_gpio_base                         0x20002478   Data          32  stepmotor.o(.data)
    sm_ena_gpio_base                         0x20002498   Data          32  stepmotor.o(.data)
    sm_dir_gpio_pin                          0x200024b8   Data          16  stepmotor.o(.data)
    sm_pul_gpio_pin                          0x200024c8   Data          16  stepmotor.o(.data)
    sm_ena_gpio_pin                          0x200024d8   Data          16  stepmotor.o(.data)
    SM_DIR_ABS_P                             0x200024e8   Data          16  stepmotor.o(.data)
    DataVar                                  0x200024f8   Data           2  eeprom.o(.data)
    SystemCoreClock                          0x20002504   Data           4  system_stm32f10x.o(.data)
    AHBPrescTable                            0x20002508   Data          16  system_stm32f10x.o(.data)
    BSP_version                              0x20002518   Data           4  driver.o(.data)
    m_Input_All_now                          0x2000251c   Data           4  driver.o(.data)
    m_Input_All_now2                         0x20002520   Data           4  driver.o(.data)
    m_Output_All                             0x20002524   Data           4  driver.o(.data)
    m_DM_Output_All                          0x20002528   Data           4  driver.o(.data)
    systemTime                               0x2000252c   Data           4  driver.o(.data)
    output_gpio_base                         0x20002530   Data          96  driver.o(.data)
    output_gpio_pin                          0x20002590   Data          48  driver.o(.data)
    packet_sent                              0x200025c0   Data           4  main.o(.data)
    packet_receive                           0x200025c4   Data           4  main.o(.data)
    prj_designer                             0x200025c8   Data           4  main.o(.data)
    prj_version                              0x200025cc   Data           4  main.o(.data)
    FPGA_version                             0x200025d0   Data           4  main.o(.data)
    board_addr                               0x200025d4   Data           1  main.o(.data)
    sender_addr                              0x200025d5   Data           1  main.o(.data)
    board_mac                                0x200025d6   Data           6  main.o(.data)
    board_ip                                 0x200025dc   Data           4  main.o(.data)
    device_status                            0x200025e0   Data           1  main.o(.data)
    nStatusClipOpen                          0x200025e4   Data           1  process.o(.data)
    nStatusPretarget                         0x200025e5   Data           1  process.o(.data)
    nStatusWastestorage                      0x200025e6   Data           1  process.o(.data)
    nStatusSuck                              0x200025e7   Data           1  process.o(.data)
    bFlagReset                               0x200025e8   Data           1  process.o(.data)
    gnOperationNo                            0x200025e9   Data           1  process.o(.data)
    gStartBottonPressed                      0x200025ea   Data           1  process.o(.data)
    gPauseBottonPressed                      0x200025eb   Data           1  process.o(.data)
    gTrolleyCarMove_Flag                     0x200025ec   Data           1  process.o(.data)
    gTrolleyCarPosition                      0x200025ed   Data           1  process.o(.data)
    gTrolleyCarMoveCount                     0x200025ee   Data           1  process.o(.data)
    gSuckCardCarMove_Flag                    0x200025ef   Data           1  process.o(.data)
    gSuckCardCarPosition                     0x200025f0   Data           1  process.o(.data)
    gSuckCardCarMoveCount                    0x200025f1   Data           1  process.o(.data)
    gSuckMove_Flag                           0x200025f2   Data           1  process.o(.data)
    gSuckPosition                            0x200025f3   Data           1  process.o(.data)
    gSuckMoveCount                           0x200025f4   Data           1  process.o(.data)
    iAbsPosTrolleyCarMov                     0x200025f8   Data          28  process.o(.data)
    iAbsSuckCardCarMov                       0x20002614   Data          32  process.o(.data)
    iAbsSuckMove                             0x20002634   Data          32  process.o(.data)
    __stdout                                 0x20002658   Data           4  stdout.o(.data)
    comm_recv_buf                            0x2000265c   Data        1472  communicate.o(.bss)
    comm_send_buf                            0x20002c1c   Data        1472  communicate.o(.bss)
    comm_send_buf_last                       0x200031dc   Data        1472  communicate.o(.bss)
    cParamBuf                                0x2000379c   Data         512  communicate.o(.bss)
    StruCommPool                             0x2000399c   Data        5600  communicate.o(.bss)
    cmd_buf                                  0x20004f7c   Data        1530  ethernet.o(.bss)
    StepMotorCtr                             0x20005578   Data        1152  stepmotor.o(.bss)
    m_DM_Status                              0x200059f8   Data          16  driver.o(.bss)
    dm_run_ctl                               0x20005a08   Data          16  driver.o(.bss)
    eeprom_parameter                         0x20005a18   Data         100  eeprom_par.o(.bss)
    VirtAddVarTab                            0x20005a7c   Data         100  eeprom_par.o(.bss)
    CardStatus                               0x20005ae0   Data          10  command.o(.bss)
    parameter                                0x20005aec   Data         192  parameter.o(.bss)
    OpResetModule                            0x20005bac   Data          52  process.o(.bss)
    OpResetClampCardCar                      0x20005be0   Data          52  process.o(.bss)
    OpWarmDown                               0x20005c14   Data          52  process.o(.bss)
    OpWarmRise                               0x20005c48   Data          52  process.o(.bss)
    OpCoolDown                               0x20005c7c   Data          52  process.o(.bss)
    OpCoolRise                               0x20005cb0   Data          52  process.o(.bss)
    OpPresDown                               0x20005ce4   Data          52  process.o(.bss)
    OpPresRise                               0x20005d18   Data          52  process.o(.bss)
    OpOpeningPressure                        0x20005d4c   Data          52  process.o(.bss)
    OpClosingPressure                        0x20005d80   Data          52  process.o(.bss)
    OpRightClampClose                        0x20005db4   Data          52  process.o(.bss)
    OpRightClampOpen                         0x20005de8   Data          52  process.o(.bss)
    OpLeftClampClose                         0x20005e1c   Data          52  process.o(.bss)
    OpLeftClampOpen                          0x20005e50   Data          52  process.o(.bss)
    OpClampClose                             0x20005e84   Data          52  process.o(.bss)
    OpClampCardCarMove                       0x20005eb8   Data          52  process.o(.bss)
    OpPretargetingReset                      0x20005eec   Data          52  process.o(.bss)
    OpPretargetingUp                         0x20005f20   Data          52  process.o(.bss)
    OpResetClamp                             0x20005f54   Data          52  process.o(.bss)
    OpClampOpen                              0x20005f88   Data          52  process.o(.bss)
    OpWasteStorageReset                      0x20005fbc   Data          52  process.o(.bss)
    OpWasteStorageDown                       0x20005ff0   Data          52  process.o(.bss)
    OpPretargetingVacuumCupOpen              0x20006024   Data          52  process.o(.bss)
    OpPretargetingVacuumCupClose             0x20006058   Data          52  process.o(.bss)
    OpWasteStorageVacuumCupOpen              0x2000608c   Data          52  process.o(.bss)
    OpWasteStorageVacuumCupClose             0x200060c0   Data          52  process.o(.bss)
    OpOpenGasSwitch                          0x200060f4   Data          52  process.o(.bss)
    OpCloseGasSwitch                         0x20006128   Data          52  process.o(.bss)
    OpMakeCard                               0x2000615c   Data          52  process.o(.bss)
    OpGotoLoadingPlatform                    0x20006190   Data          52  process.o(.bss)
    OpCuttingPlatformWork                    0x200061c4   Data          52  process.o(.bss)
    OpScramProcess                           0x200061f8   Data          52  process.o(.bss)
    OpSuckCardCarMove                        0x2000622c   Data          52  process.o(.bss)
    OpResetSuckCardCar                       0x20006260   Data          52  process.o(.bss)
    OpSuckReset                              0x20006294   Data          52  process.o(.bss)
    OpSuckMove                               0x200062c8   Data          52  process.o(.bss)
    gMachineOperation                        0x200062fc   Data         200  process.o(.bss)
    __initial_sp                             0x200067c8   Data           0  startup_stm32f10x_hd.o(STACK)



==============================================================================

Memory Map of the image

  Image Entry point : 0x08010131

  Load Region LR_IROM1 (Base: 0x08010000, Size: 0x0000aaf8, Max: 0x00070000, ABSOLUTE, COMPRESSED[0x00008c48])

    Execution Region ER_IROM1 (Base: 0x08010000, Size: 0x0000849c, Max: 0x00070000, ABSOLUTE)

    Base Addr    Size         Type   Attr      Idx    E Section Name        Object

    0x08010000   0x00000130   Data   RO           19    RESET               startup_stm32f10x_hd.o
    0x08010130   0x00000000   Code   RO         3975  * .ARM.Collect$$$$00000000  mc_w.l(entry.o)
    0x08010130   0x00000004   Code   RO         4247    .ARM.Collect$$$$00000001  mc_w.l(entry2.o)
    0x08010134   0x00000004   Code   RO         4250    .ARM.Collect$$$$00000004  mc_w.l(entry5.o)
    0x08010138   0x00000000   Code   RO         4252    .ARM.Collect$$$$00000008  mc_w.l(entry7b.o)
    0x08010138   0x00000000   Code   RO         4254    .ARM.Collect$$$$0000000A  mc_w.l(entry8b.o)
    0x08010138   0x00000008   Code   RO         4255    .ARM.Collect$$$$0000000B  mc_w.l(entry9a.o)
    0x08010140   0x00000000   Code   RO         4257    .ARM.Collect$$$$0000000D  mc_w.l(entry10a.o)
    0x08010140   0x00000000   Code   RO         4259    .ARM.Collect$$$$0000000F  mc_w.l(entry11a.o)
    0x08010140   0x00000004   Code   RO         4248    .ARM.Collect$$$$00002712  mc_w.l(entry2.o)
    0x08010144   0x00000020   Code   RO            1    .emb_text           core_cm3.o
    0x08010164   0x00000024   Code   RO           20    .text               startup_stm32f10x_hd.o
    0x08010188   0x00000024   Code   RO         3978    .text               mc_w.l(memcpya.o)
    0x080101ac   0x00000024   Code   RO         3980    .text               mc_w.l(memseta.o)
    0x080101d0   0x0000000e   Code   RO         3982    .text               mc_w.l(strlen.o)
    0x080101de   0x00000062   Code   RO         4264    .text               mc_w.l(uldiv.o)
    0x08010240   0x00000024   Code   RO         4277    .text               mc_w.l(init.o)
    0x08010264   0x0000001e   Code   RO         4279    .text               mc_w.l(llshl.o)
    0x08010282   0x00000020   Code   RO         4281    .text               mc_w.l(llushr.o)
    0x080102a2   0x00000060   Code   RO         4295    .text               mc_w.l(__dclz77c.o)
    0x08010302   0x00000002   PAD
    0x08010304   0x00000020   Code   RO         3099    i.BusFault_Handler  stm32f10x_it.o
    0x08010324   0x0000002c   Code   RO         2727    i.CheckOpTimeDelay  opctrl.o
    0x08010350   0x0000015c   Code   RO         2167    i.CheckPackageValid  communicate.o
    0x080104ac   0x00000002   Code   RO         3368    i.Configure_DMA     hardware.o
    0x080104ae   0x0000004a   Code   RO         3369    i.Configure_EXTI    hardware.o
    0x080104f8   0x00000180   Code   RO         2097    i.Configure_FSMC    bspconfig.o
    0x08010678   0x00000018   Code   RO         2098    i.Configure_IO      bspconfig.o
    0x08010690   0x0000000e   Code   RO         3370    i.Configure_NVIC    hardware.o
    0x0801069e   0x00000002   PAD
    0x080106a0   0x000000f4   Code   RO         2099    i.Configure_Output  bspconfig.o
    0x08010794   0x00000078   Code   RO         2100    i.Configure_RCC     bspconfig.o
    0x0801080c   0x000000c0   Code   RO         2101    i.Configure_StepMotor  bspconfig.o
    0x080108cc   0x00000068   Code   RO         2102    i.Configure_SystemTick  bspconfig.o
    0x08010934   0x00000020   Code   RO           24    i.DBGMCU_Config     stm32f10x_dbgmcu.o
    0x08010954   0x00000002   Code   RO         3100    i.DMA1_Channel6_IRQHandler  stm32f10x_it.o
    0x08010956   0x00000002   Code   RO         3101    i.DMA1_Channel7_IRQHandler  stm32f10x_it.o
    0x08010958   0x00000064   Code   RO         2729    i.DealResult        opctrl.o
    0x080109bc   0x00000002   Code   RO         3102    i.DebugMon_Handler  stm32f10x_it.o
    0x080109be   0x00000002   PAD
    0x080109c0   0x000000f8   Code   RO         3647    i.DefaultParameter  parameter.o
    0x08010ab8   0x00000060   Code   RO         2168    i.DistrubDataToGroup  communicate.o
    0x08010b18   0x00000058   Code   RO         3044    i.EE_FindValidPage  eeprom.o
    0x08010b70   0x0000003c   Code   RO         3045    i.EE_Format         eeprom.o
    0x08010bac   0x000001f8   Code   RO         3046    i.EE_Init           eeprom.o
    0x08010da4   0x000000f4   Code   RO         3047    i.EE_PageTransfer   eeprom.o
    0x08010e98   0x00000064   Code   RO         3048    i.EE_ReadVariable   eeprom.o
    0x08010efc   0x00000070   Code   RO         3049    i.EE_VerifyPageFullWriteVariable  eeprom.o
    0x08010f6c   0x00000024   Code   RO         3050    i.EE_WriteVariable  eeprom.o
    0x08010f90   0x00000012   Code   RO         3374    i.EXTI1_IRQHandler  hardware.o
    0x08010fa2   0x00000052   Code   RO         3375    i.EXTI9_5_IRQHandler  hardware.o
    0x08010ff4   0x0000000c   Code   RO          974    i.EXTI_ClearITPendingBit  stm32f10x_exti.o
    0x08011000   0x00000028   Code   RO          978    i.EXTI_GetITStatus  stm32f10x_exti.o
    0x08011028   0x00000094   Code   RO          979    i.EXTI_Init         stm32f10x_exti.o
    0x080110bc   0x0000004c   Code   RO         1826    i.FLASH_ErasePage   stm32f10x_flash.o
    0x08011108   0x00000034   Code   RO         1827    i.FLASH_GetBank1Status  stm32f10x_flash.o
    0x0801113c   0x00000014   Code   RO         1836    i.FLASH_Lock        stm32f10x_flash.o
    0x08011150   0x00000040   Code   RO         1839    i.FLASH_ProgramHalfWord  stm32f10x_flash.o
    0x08011190   0x00000018   Code   RO         1844    i.FLASH_Unlock      stm32f10x_flash.o
    0x080111a8   0x00000026   Code   RO         1848    i.FLASH_WaitForLastOperation  stm32f10x_flash.o
    0x080111ce   0x00000002   PAD
    0x080111d0   0x00000034   Code   RO         1568    i.FSMC_NORSRAMCmd   stm32f10x_fsmc.o
    0x08011204   0x000000e0   Code   RO         1570    i.FSMC_NORSRAMInit  stm32f10x_fsmc.o
    0x080112e4   0x00000040   Code   RO         1246    i.GPIO_EXTILineConfig  stm32f10x_gpio.o
    0x08011324   0x00000112   Code   RO         1249    i.GPIO_Init         stm32f10x_gpio.o
    0x08011436   0x00000002   PAD
    0x08011438   0x00000090   Code   RO         1251    i.GPIO_PinRemapConfig  stm32f10x_gpio.o
    0x080114c8   0x00000012   Code   RO         1253    i.GPIO_ReadInputDataBit  stm32f10x_gpio.o
    0x080114da   0x00000004   Code   RO         1256    i.GPIO_ResetBits    stm32f10x_gpio.o
    0x080114de   0x00000004   Code   RO         1257    i.GPIO_SetBits      stm32f10x_gpio.o
    0x080114e2   0x00000002   Code   RO         3492    i.Get_Default_Value  eeprom_par.o
    0x080114e4   0x00000014   Code   RO         3103    i.HardFault_Handler  stm32f10x_it.o
    0x080114f8   0x00000014   Code   RO         2103    i.InitBspConfig     bspconfig.o
    0x0801150c   0x00000010   Code   RO         3376    i.InitHardware      hardware.o
    0x0801151c   0x0000002c   Code   RO         2730    i.InitOpStruct      opctrl.o
    0x08011548   0x00000350   Code   RO         3666    i.InitializeMachine  process.o
    0x08011898   0x00000032   Code   RO         2731    i.IsChildOpOK       opctrl.o
    0x080118ca   0x00000002   PAD
    0x080118cc   0x00000020   Code   RO         2879    i.IsSmRunFinish     stepmotor.o
    0x080118ec   0x00000084   Code   RO         2817    i.JumpToAddress     bsp_command.o
    0x08011970   0x00000028   Code   RO         2818    i.JumpToApp         bsp_command.o
    0x08011998   0x0000002c   Code   RO         2819    i.JumpToBootload    bsp_command.o
    0x080119c4   0x00000020   Code   RO         3104    i.MemManage_Handler  stm32f10x_it.o
    0x080119e4   0x00000002   Code   RO         3105    i.NMI_Handler       stm32f10x_it.o
    0x080119e6   0x00000002   PAD
    0x080119e8   0x00000074   Code   RO         1207    i.NVIC_Init         misc.o
    0x08011a5c   0x00000014   Code   RO         1208    i.NVIC_PriorityGroupConfig  misc.o
    0x08011a70   0x00000014   Code   RO         1209    i.NVIC_SetVectorTable  misc.o
    0x08011a84   0x00000006   Code   RO         2733    i.OpUnplugOneStub   opctrl.o
    0x08011a8a   0x00000002   PAD
    0x08011a8c   0x000001f4   Code   RO         3667    i.Op_ClampCardCarMove  process.o
    0x08011c80   0x00000070   Code   RO         3668    i.Op_ClampClose     process.o
    0x08011cf0   0x00000070   Code   RO         3669    i.Op_ClampOpen      process.o
    0x08011d60   0x0000004c   Code   RO         3670    i.Op_CloseGasSwitch  process.o
    0x08011dac   0x0000004c   Code   RO         3671    i.Op_ClosingPressure  process.o
    0x08011df8   0x00000074   Code   RO         3672    i.Op_CoolDown       process.o
    0x08011e6c   0x00000074   Code   RO         3673    i.Op_CoolRise       process.o
    0x08011ee0   0x0000026c   Code   RO         3674    i.Op_CuttingPlatformWork  process.o
    0x0801214c   0x0000010c   Code   RO         3675    i.Op_GotoLoadingPlatform  process.o
    0x08012258   0x00000084   Code   RO         3676    i.Op_LeftClampClose  process.o
    0x080122dc   0x00000084   Code   RO         3677    i.Op_LeftClampOpen  process.o
    0x08012360   0x00000228   Code   RO         3678    i.Op_MakeCard       process.o
    0x08012588   0x0000004c   Code   RO         3679    i.Op_OpenGasSwitch  process.o
    0x080125d4   0x0000004c   Code   RO         3680    i.Op_OpeningPressure  process.o
    0x08012620   0x00000074   Code   RO         3681    i.Op_PresDown       process.o
    0x08012694   0x00000074   Code   RO         3682    i.Op_PresRise       process.o
    0x08012708   0x000000f8   Code   RO         3683    i.Op_PretargetingReset  process.o
    0x08012800   0x000000a8   Code   RO         3684    i.Op_PretargetingUp  process.o
    0x080128a8   0x0000004c   Code   RO         3685    i.Op_PretargetingVacuumCupClose  process.o
    0x080128f4   0x0000004c   Code   RO         3686    i.Op_PretargetingVacuumCupOpen  process.o
    0x08012940   0x0000007c   Code   RO         3687    i.Op_ResetClamp     process.o
    0x080129bc   0x000001cc   Code   RO         3688    i.Op_ResetClampCardCar  process.o
    0x08012b88   0x00000164   Code   RO         3689    i.Op_ResetModule    process.o
    0x08012cec   0x00000154   Code   RO         3690    i.Op_ResetSuckCardCar  process.o
    0x08012e40   0x00000084   Code   RO         3691    i.Op_RightClampClose  process.o
    0x08012ec4   0x00000084   Code   RO         3692    i.Op_RightClampOpen  process.o
    0x08012f48   0x000000ac   Code   RO         3693    i.Op_ScramProcess   process.o
    0x08012ff4   0x00000158   Code   RO         3694    i.Op_SuckCardCarMove  process.o
    0x0801314c   0x00000134   Code   RO         3695    i.Op_SuckMove       process.o
    0x08013280   0x000000f4   Code   RO         3696    i.Op_SuckReset      process.o
    0x08013374   0x00000074   Code   RO         3697    i.Op_WarmDown       process.o
    0x080133e8   0x00000074   Code   RO         3698    i.Op_WarmRise       process.o
    0x0801345c   0x000000a8   Code   RO         3699    i.Op_WasteStorageDown  process.o
    0x08013504   0x000000f4   Code   RO         3700    i.Op_WasteStorageReset  process.o
    0x080135f8   0x0000004c   Code   RO         3701    i.Op_WasteStorageVacuumCupClose  process.o
    0x08013644   0x0000004c   Code   RO         3702    i.Op_WasteStorageVacuumCupOpen  process.o
    0x08013690   0x0000000c   Code   RO         1995    i.PWR_BackupAccessCmd  stm32f10x_pwr.o
    0x0801369c   0x000000d4   Code   RO         2169    i.PackageMsg        communicate.o
    0x08013770   0x00000002   Code   RO         3106    i.PendSV_Handler    stm32f10x_it.o
    0x08013772   0x00000002   PAD
    0x08013774   0x00000144   Code   RO         2170    i.ProcessCmd        communicate.o
    0x080138b8   0x000002bc   Code   RO         2820    i.ProcessSystemCmd  bsp_command.o
    0x08013b74   0x0000004c   Code   RO         3703    i.ProcessUpdateParameter  process.o
    0x08013bc0   0x0000011c   Code   RO         3575    i.ProcessUserCmd    command.o
    0x08013cdc   0x00000020   Code   RO         1358    i.RCC_AHBPeriphClockCmd  stm32f10x_rcc.o
    0x08013cfc   0x00000020   Code   RO         1359    i.RCC_APB1PeriphClockCmd  stm32f10x_rcc.o
    0x08013d1c   0x00000020   Code   RO         1360    i.RCC_APB1PeriphResetCmd  stm32f10x_rcc.o
    0x08013d3c   0x00000020   Code   RO         1361    i.RCC_APB2PeriphClockCmd  stm32f10x_rcc.o
    0x08013d5c   0x00000020   Code   RO         1362    i.RCC_APB2PeriphResetCmd  stm32f10x_rcc.o
    0x08013d7c   0x000000d4   Code   RO         1369    i.RCC_GetClocksFreq  stm32f10x_rcc.o
    0x08013e50   0x00000034   Code   RO         1377    i.RCC_LSEConfig     stm32f10x_rcc.o
    0x08013e84   0x0000006c   Code   RO         3704    i.ResetAllSignal    process.o
    0x08013ef0   0x00000048   Code   RO         2734    i.ResumeOp          opctrl.o
    0x08013f38   0x0000009c   Code   RO         3026    i.SPI1_Init         spi.o
    0x08013fd4   0x00000038   Code   RO         3027    i.SPI1_ReadWrite    spi.o
    0x0801400c   0x00000018   Code   RO         1682    i.SPI_Cmd           stm32f10x_spi.o
    0x08014024   0x00000012   Code   RO         1690    i.SPI_I2S_GetFlagStatus  stm32f10x_spi.o
    0x08014036   0x00000006   Code   RO         1693    i.SPI_I2S_ReceiveData  stm32f10x_spi.o
    0x0801403c   0x00000004   Code   RO         1694    i.SPI_I2S_SendData  stm32f10x_spi.o
    0x08014040   0x0000003c   Code   RO         1695    i.SPI_Init          stm32f10x_spi.o
    0x0801407c   0x00000002   Code   RO         3107    i.SVC_Handler       stm32f10x_it.o
    0x0801407e   0x00000004   Code   RO         2736    i.SetOpRunMode      opctrl.o
    0x08014082   0x00000002   PAD
    0x08014084   0x00000010   Code   RO         2737    i.SetOpTimeDelay    opctrl.o
    0x08014094   0x00000008   Code   RO         3210    i.SetSysClock       system_stm32f10x.o
    0x0801409c   0x000000dc   Code   RO         3211    i.SetSysClockTo72   system_stm32f10x.o
    0x08014178   0x00000002   Code   RO         3493    i.Set_Default_Value  eeprom_par.o
    0x0801417a   0x00000002   PAD
    0x0801417c   0x00000040   Code   RO         2738    i.StartChildOp      opctrl.o
    0x080141bc   0x0000000e   Code   RO         2739    i.StartOp           opctrl.o
    0x080141ca   0x00000002   PAD
    0x080141cc   0x00000040   Code   RO         2740    i.StartOpByMode     opctrl.o
    0x0801420c   0x00000094   Code   RO         3705    i.StepCtrlMachine   process.o
    0x080142a0   0x0000005c   Code   RO         3108    i.SysTick_Handler   stm32f10x_it.o
    0x080142fc   0x00000060   Code   RO         3213    i.SystemInit        system_stm32f10x.o
    0x0801435c   0x000004ba   Code   RO         2880    i.TIM2_IRQHandler   stepmotor.o
    0x08014816   0x00000002   PAD
    0x08014818   0x000004c0   Code   RO         2881    i.TIM3_IRQHandler   stepmotor.o
    0x08014cd8   0x00000006   Code   RO          364    i.TIM_ClearITPendingBit  stm32f10x_tim.o
    0x08014cde   0x00000018   Code   RO          369    i.TIM_Cmd           stm32f10x_tim.o
    0x08014cf6   0x00000002   PAD
    0x08014cf8   0x000001e8   Code   RO          374    i.TIM_DeInit        stm32f10x_tim.o
    0x08014ee0   0x00000006   Code   RO          384    i.TIM_GetCapture1   stm32f10x_tim.o
    0x08014ee6   0x00000006   Code   RO          385    i.TIM_GetCapture2   stm32f10x_tim.o
    0x08014eec   0x00000006   Code   RO          386    i.TIM_GetCapture3   stm32f10x_tim.o
    0x08014ef2   0x00000008   Code   RO          387    i.TIM_GetCapture4   stm32f10x_tim.o
    0x08014efa   0x00000022   Code   RO          390    i.TIM_GetITStatus   stm32f10x_tim.o
    0x08014f1c   0x00000012   Code   RO          394    i.TIM_ITConfig      stm32f10x_tim.o
    0x08014f2e   0x00000002   PAD
    0x08014f30   0x00000098   Code   RO          398    i.TIM_OC1Init       stm32f10x_tim.o
    0x08014fc8   0x00000012   Code   RO          401    i.TIM_OC1PreloadConfig  stm32f10x_tim.o
    0x08014fda   0x00000002   PAD
    0x08014fdc   0x000000a4   Code   RO          403    i.TIM_OC2Init       stm32f10x_tim.o
    0x08015080   0x0000001a   Code   RO          406    i.TIM_OC2PreloadConfig  stm32f10x_tim.o
    0x0801509a   0x00000002   PAD
    0x0801509c   0x000000a0   Code   RO          408    i.TIM_OC3Init       stm32f10x_tim.o
    0x0801513c   0x00000012   Code   RO          411    i.TIM_OC3PreloadConfig  stm32f10x_tim.o
    0x0801514e   0x00000002   PAD
    0x08015150   0x0000007c   Code   RO          413    i.TIM_OC4Init       stm32f10x_tim.o
    0x080151cc   0x0000001a   Code   RO          415    i.TIM_OC4PreloadConfig  stm32f10x_tim.o
    0x080151e6   0x00000004   Code   RO          430    i.TIM_SetCompare1   stm32f10x_tim.o
    0x080151ea   0x00000004   Code   RO          431    i.TIM_SetCompare2   stm32f10x_tim.o
    0x080151ee   0x00000004   Code   RO          432    i.TIM_SetCompare3   stm32f10x_tim.o
    0x080151f2   0x00000006   Code   RO          433    i.TIM_SetCompare4   stm32f10x_tim.o
    0x080151f8   0x000000a4   Code   RO          440    i.TIM_TimeBaseInit  stm32f10x_tim.o
    0x0801529c   0x00000280   Code   RO         2676    i.UART4_IRQHandler  serial.o
    0x0801551c   0x00000270   Code   RO         2677    i.USART2_IRQHandler  serial.o
    0x0801578c   0x00000012   Code   RO         1027    i.USART_ClearFlag   stm32f10x_usart.o
    0x0801579e   0x00000018   Code   RO         1031    i.USART_Cmd         stm32f10x_usart.o
    0x080157b6   0x0000001a   Code   RO         1034    i.USART_GetFlagStatus  stm32f10x_usart.o
    0x080157d0   0x00000054   Code   RO         1035    i.USART_GetITStatus  stm32f10x_usart.o
    0x08015824   0x0000004a   Code   RO         1037    i.USART_ITConfig    stm32f10x_usart.o
    0x0801586e   0x00000002   PAD
    0x08015870   0x000000d8   Code   RO         1038    i.USART_Init        stm32f10x_usart.o
    0x08015948   0x0000000a   Code   RO         1045    i.USART_ReceiveData  stm32f10x_usart.o
    0x08015952   0x00000008   Code   RO         1048    i.USART_SendData    stm32f10x_usart.o
    0x0801595a   0x0000000c   Code   RO         3109    i.USBWakeUp_IRQHandler  stm32f10x_it.o
    0x08015966   0x00000002   Code   RO         3110    i.USB_LP_CAN1_RX0_IRQHandler  stm32f10x_it.o
    0x08015968   0x00000024   Code   RO         3111    i.UsageFault_Handler  stm32f10x_it.o
    0x0801598c   0x00000020   Code   RO         4193    i.__0printf$8       mc_w.l(printf8.o)
    0x080159ac   0x00000028   Code   RO         4195    i.__0sprintf$8      mc_w.l(printf8.o)
    0x080159d4   0x0000000e   Code   RO         4289    i.__scatterload_copy  mc_w.l(handlers.o)
    0x080159e2   0x00000002   Code   RO         4290    i.__scatterload_null  mc_w.l(handlers.o)
    0x080159e4   0x0000000e   Code   RO         4291    i.__scatterload_zeroinit  mc_w.l(handlers.o)
    0x080159f2   0x00000002   PAD
    0x080159f4   0x00000408   Code   RO         4200    i._printf_core      mc_w.l(printf8.o)
    0x08015dfc   0x00000026   Code   RO         4201    i._printf_post_padding  mc_w.l(printf8.o)
    0x08015e22   0x00000030   Code   RO         4202    i._printf_pre_padding  mc_w.l(printf8.o)
    0x08015e52   0x0000000a   Code   RO         4204    i._sputc            mc_w.l(printf8.o)
    0x08015e5c   0x00000028   Code   RO         3245    i.check_time_delay  driver.o
    0x08015e84   0x00000052   Code   RO         2542    i.checksum          ip_arp_udp_tcp.o
    0x08015ed6   0x00000002   PAD
    0x08015ed8   0x000000cc   Code   RO         2821    i.cmd_get_all_info  bsp_command.o
    0x08015fa4   0x00000080   Code   RO         2822    i.cmd_get_firmware  bsp_command.o
    0x08016024   0x00000070   Code   RO         3576    i.cmd_get_mcu_data  command.o
    0x08016094   0x000000a0   Code   RO         2823    i.cmd_get_op_info   bsp_command.o
    0x08016134   0x00000310   Code   RO         2171    i.comm_cmd_execution  communicate.o
    0x08016444   0x0000001a   Code   RO         3445    i.delay_ms          my_fun.o
    0x0801645e   0x00000028   Code   RO         3447    i.delay_us          my_fun.o
    0x08016486   0x00000002   PAD
    0x08016488   0x00000104   Code   RO         3248    i.dm_ctrl_one       driver.o
    0x0801658c   0x00000158   Code   RO         2357    i.enc28j60Init      enc28j60.o
    0x080166e4   0x00000104   Code   RO         2358    i.enc28j60PacketReceive  enc28j60.o
    0x080167e8   0x00000080   Code   RO         2359    i.enc28j60PacketSend  enc28j60.o
    0x08016868   0x00000036   Code   RO         2361    i.enc28j60PhyWrite  enc28j60.o
    0x0801689e   0x00000014   Code   RO         2362    i.enc28j60Read      enc28j60.o
    0x080168b2   0x00000002   PAD
    0x080168b4   0x00000038   Code   RO         2363    i.enc28j60ReadBuffer  enc28j60.o
    0x080168ec   0x00000044   Code   RO         2364    i.enc28j60ReadOp    enc28j60.o
    0x08016930   0x00000034   Code   RO         2365    i.enc28j60SetBank   enc28j60.o
    0x08016964   0x00000018   Code   RO         2366    i.enc28j60Write     enc28j60.o
    0x0801697c   0x00000034   Code   RO         2367    i.enc28j60WriteBuffer  enc28j60.o
    0x080169b0   0x0000003c   Code   RO         2368    i.enc28j60WriteOp   enc28j60.o
    0x080169ec   0x00000044   Code   RO         2543    i.eth_type_is_arp_and_my_ip  ip_arp_udp_tcp.o
    0x08016a30   0x00000028   Code   RO         2544    i.eth_type_is_boardcast  ip_arp_udp_tcp.o
    0x08016a58   0x00000034   Code   RO         2546    i.eth_type_is_my_mac  ip_arp_udp_tcp.o
    0x08016a8c   0x000000ac   Code   RO         2468    i.ethernet_send_msg  ethernet.o
    0x08016b38   0x000000f4   Code   RO         2470    i.ethernet_tcp      ethernet.o
    0x08016c2c   0x00000034   Code   RO         2471    i.ethernet_udp      ethernet.o
    0x08016c60   0x00000034   Code   RO         2472    i.ethernet_winpcap  ethernet.o
    0x08016c94   0x0000002c   Code   RO         2547    i.fill_ip_hdr_checksum  ip_arp_udp_tcp.o
    0x08016cc0   0x0000000c   Code   RO         3249    i.fpga_read         driver.o
    0x08016ccc   0x00000024   Code   RO         2678    i.fputc             serial.o
    0x08016cf0   0x000000a8   Code   RO         3251    i.get_board_id      driver.o
    0x08016d98   0x00000048   Code   RO         3494    i.get_parameter     eeprom_par.o
    0x08016de0   0x0000001c   Code   RO         2550    i.get_tcp_data_pointer  ip_arp_udp_tcp.o
    0x08016dfc   0x00000088   Code   RO         2473    i.init_ethernet     ethernet.o
    0x08016e84   0x0000003c   Code   RO         2551    i.init_ip_arp_udp_tcp  ip_arp_udp_tcp.o
    0x08016ec0   0x00000044   Code   RO         2552    i.init_len_info     ip_arp_udp_tcp.o
    0x08016f04   0x00000104   Code   RO         3495    i.init_parameter    eeprom_par.o
    0x08017008   0x000003d0   Code   RO         2883    i.init_step_motor   stepmotor.o
    0x080173d8   0x00000188   Code   RO         2679    i.init_uart         serial.o
    0x08017560   0x0000004c   Code   RO         3256    i.input_get_all     driver.o
    0x080175ac   0x00000030   Code   RO         3257    i.input_get_one     driver.o
    0x080175dc   0x000000b8   Code   RO         3553    i.main              main.o
    0x08017694   0x00000064   Code   RO         2553    i.make_arp_answer_from_request  ip_arp_udp_tcp.o
    0x080176f8   0x0000003e   Code   RO         2554    i.make_echo_reply_from_request  ip_arp_udp_tcp.o
    0x08017736   0x00000002   PAD
    0x08017738   0x00000024   Code   RO         2555    i.make_eth          ip_arp_udp_tcp.o
    0x0801775c   0x00000030   Code   RO         2556    i.make_ip           ip_arp_udp_tcp.o
    0x0801778c   0x00000068   Code   RO         2557    i.make_tcp_ack_from_any  ip_arp_udp_tcp.o
    0x080177f4   0x0000004c   Code   RO         2558    i.make_tcp_ack_with_data  ip_arp_udp_tcp.o
    0x08017840   0x0000004c   Code   RO         2559    i.make_tcp_synack_from_syn  ip_arp_udp_tcp.o
    0x0801788c   0x000000c8   Code   RO         2560    i.make_tcphead      ip_arp_udp_tcp.o
    0x08017954   0x00000094   Code   RO         2561    i.make_udp_reply_from_request  ip_arp_udp_tcp.o
    0x080179e8   0x00000018   Code   RO         2562    i.make_winpcap_ack_with_data  ip_arp_udp_tcp.o
    0x08017a00   0x00000160   Code   RO         3260    i.print_message     driver.o
    0x08017b60   0x00000008   Code   RO         2172    i.process_all_cmd   communicate.o
    0x08017b68   0x00000002   Code   RO         2176    i.process_computer  communicate.o
    0x08017b6a   0x00000002   PAD
    0x08017b6c   0x000000cc   Code   RO         2474    i.process_ethernet  ethernet.o
    0x08017c38   0x00000030   Code   RO         2680    i.process_serial    serial.o
    0x08017c68   0x00000070   Code   RO         3496    i.save_parameter    eeprom_par.o
    0x08017cd8   0x00000028   Code   RO         2681    i.serial_send_msg   serial.o
    0x08017d00   0x00000044   Code   RO         3497    i.set_parameter     eeprom_par.o
    0x08017d44   0x0000002c   Code   RO         2887    i.sm_get_abs        stepmotor.o
    0x08017d70   0x000002b0   Code   RO         2889    i.sm_run            stepmotor.o
    0x08018020   0x00000060   Code   RO         2890    i.sm_run_abs        stepmotor.o
    0x08018080   0x00000018   Code   RO         2891    i.sm_set_abs_zero   stepmotor.o
    0x08018098   0x0000006c   Code   RO         2892    i.sm_set_dir        stepmotor.o
    0x08018104   0x00000098   Code   RO         2893    i.sm_set_enable     stepmotor.o
    0x0801819c   0x0000005c   Code   RO         2894    i.sm_set_pul        stepmotor.o
    0x080181f8   0x000000f4   Code   RO         2895    i.sm_stop           stepmotor.o
    0x080182ec   0x000000bc   Code   RO         2824    i.test_step_motor   bsp_command.o
    0x080183a8   0x0000008f   Data   RO         3262    .constdata          driver.o
    0x08018437   0x0000001d   Data   RO         3263    .conststring        driver.o
    0x08018454   0x00000026   Data   RO         3555    .conststring        main.o
    0x0801847a   0x00000002   PAD
    0x0801847c   0x00000020   Data   RO         4287    Region$$Table       anon$$obj.o


    Execution Region RW_IRAM1 (Base: 0x20000000, Size: 0x000067c8, Max: 0x00010000, ABSOLUTE, COMPRESSED[0x000007ac])

    Base Addr    Size         Type   Attr      Idx    E Section Name        Object

    0x20000000   0x00000014   Data   RW         1389    .data               stm32f10x_rcc.o
    0x20000014   0x000000ae   Data   RW         2178    .data               communicate.o
    0x200000c2   0x00000002   PAD
    0x200000c4   0x00000008   Data   RW         2373    .data               enc28j60.o
    0x200000cc   0x00000019   Data   RW         2476    .data               ethernet.o
    0x200000e5   0x00000003   PAD
    0x200000e8   0x00000017   Data   RW         2563    .data               ip_arp_udp_tcp.o
    0x200000ff   0x00000001   PAD
    0x20000100   0x0000002d   Data   RW         2682    .data               serial.o
    0x2000012d   0x00000003   PAD
    0x20000130   0x000023c8   Data   RW         2897    .data               stepmotor.o
    0x200024f8   0x00000002   Data   RW         3051    .data               eeprom.o
    0x200024fa   0x00000002   PAD
    0x200024fc   0x00000008   Data   RW         3112    .data               stm32f10x_it.o
    0x20002504   0x00000014   Data   RW         3214    .data               system_stm32f10x.o
    0x20002518   0x000000a8   Data   RW         3264    .data               driver.o
    0x200025c0   0x00000021   Data   RW         3556    .data               main.o
    0x200025e1   0x00000003   PAD
    0x200025e4   0x00000073   Data   RW         3707    .data               process.o
    0x20002657   0x00000001   PAD
    0x20002658   0x00000004   Data   RW         4261    .data               mc_w.l(stdout.o)
    0x2000265c   0x00002920   Zero   RW         2177    .bss                communicate.o
    0x20004f7c   0x000005fa   Zero   RW         2475    .bss                ethernet.o
    0x20005576   0x00000002   PAD
    0x20005578   0x00000480   Zero   RW         2896    .bss                stepmotor.o
    0x200059f8   0x00000020   Zero   RW         3261    .bss                driver.o
    0x20005a18   0x000000c8   Zero   RW         3498    .bss                eeprom_par.o
    0x20005ae0   0x0000000a   Zero   RW         3577    .bss                command.o
    0x20005aea   0x00000002   PAD
    0x20005aec   0x000000c0   Zero   RW         3648    .bss                parameter.o
    0x20005bac   0x00000818   Zero   RW         3706    .bss                process.o
    0x200063c4   0x00000004   PAD
    0x200063c8   0x00000400   Zero   RW           17    STACK               startup_stm32f10x_hd.o


==============================================================================

Image component sizes


      Code (inc. data)   RO Data    RW Data    ZI Data      Debug   Object Name

      1596        224          0          0          0       5746   bsp_command.o
      1088         80          0          0          0      19251   bspconfig.o
       396         42          0          0         10       3153   command.o
      1774        196          0        174      10528      24705   communicate.o
        32          0          0          0          0       4812   core_cm3.o
       956        218        172        168         32       5668   driver.o
      1144         84          0          2          0       6433   eeprom.o
       516         42          0          0        200       4304   eeprom_par.o
      1118         42          0          8          0       7114   enc28j60.o
       860        122          0         25       1530       4821   ethernet.o
       206          0          0          0          0       2877   hardware.o
      1316         78          0         23          0      12561   ip_arp_udp_tcp.o
       184         58         38         33          0       1777   main.o
       156         32          0          0          0       2225   misc.o
        66          0          0          0          0       1062   my_fun.o
       478         26          0          0          0       6787   opctrl.o
       248          4          0          0        192       1299   parameter.o
      8352        878          0        115       2072      30010   process.o
      1780        190          0         45          0       5081   serial.o
       212         14          0          0          0       1165   spi.o
        36          8        304          0       1024        876   startup_stm32f10x_hd.o
      4882        204          0       9160       1152      12794   stepmotor.o
        32          6          0          0          0     273104   stm32f10x_dbgmcu.o
       200         18          0          0          0       2252   stm32f10x_exti.o
       274         30          0          0          0       3586   stm32f10x_flash.o
       276          6          0          0          0       1937   stm32f10x_fsmc.o
       508         10          0          0          0       5332   stm32f10x_gpio.o
       238         90          0          8          0       6052   stm32f10x_it.o
        12          6          0          0          0        542   stm32f10x_pwr.o
       424         58          0         20          0       6976   stm32f10x_rcc.o
       112          0          0          0          0       4034   stm32f10x_spi.o
      1466        156          0          0          0      14511   stm32f10x_tim.o
       460          6          0          0          0       6987   stm32f10x_usart.o
       324         26          0         20          0       2289   system_stm32f10x.o

    ----------------------------------------------------------------------
     31768       2954        548       9816      16748     492123   Object Totals
         0          0         32          0          0          0   (incl. Generated)
        46          0          2         15          8          0   (incl. Padding)

    ----------------------------------------------------------------------

      Code (inc. data)   RO Data    RW Data    ZI Data      Debug   Library Member Name

        96          0          0          0          0          0   __dclz77c.o
         0          0          0          0          0          0   entry.o
         0          0          0          0          0          0   entry10a.o
         0          0          0          0          0          0   entry11a.o
         8          4          0          0          0          0   entry2.o
         4          0          0          0          0          0   entry5.o
         0          0          0          0          0          0   entry7b.o
         0          0          0          0          0          0   entry8b.o
         8          4          0          0          0          0   entry9a.o
        30          0          0          0          0          0   handlers.o
        36          8          0          0          0         68   init.o
        30          0          0          0          0         68   llshl.o
        32          0          0          0          0         68   llushr.o
        36          0          0          0          0         68   memcpya.o
        36          0          0          0          0        108   memseta.o
      1200         60          0          0          0        504   printf8.o
         0          0          0          4          0          0   stdout.o
        14          0          0          0          0         68   strlen.o
        98          0          0          0          0         92   uldiv.o

    ----------------------------------------------------------------------
      1632         76          0          4          0       1044   Library Totals
         4          0          0          0          0          0   (incl. Padding)

    ----------------------------------------------------------------------

      Code (inc. data)   RO Data    RW Data    ZI Data      Debug   Library Name

      1628         76          0          4          0       1044   mc_w.l

    ----------------------------------------------------------------------
      1632         76          0          4          0       1044   Library Totals

    ----------------------------------------------------------------------

==============================================================================


      Code (inc. data)   RO Data    RW Data    ZI Data      Debug   

     33400       3030        548       9820      16748     480323   Grand Totals
     33400       3030        548       1964      16748     480323   ELF Image Totals (compressed)
     33400       3030        548       1964          0          0   ROM Totals

==============================================================================

    Total RO  Size (Code + RO Data)                33948 (  33.15kB)
    Total RW  Size (RW Data + ZI Data)             26568 (  25.95kB)
    Total ROM Size (Code + RO Data + RW Data)      35912 (  35.07kB)

==============================================================================

