ARM Linker, 5.03 [Build 76] [MDK-ARM Standard]

==============================================================================

Section Cross References

    startup_stm32f10x_hd.o(RESET) refers to startup_stm32f10x_hd.o(STACK) for __initial_sp
    startup_stm32f10x_hd.o(RESET) refers to startup_stm32f10x_hd.o(.text) for Reset_Handler
    startup_stm32f10x_hd.o(RESET) refers to stm32f10x_it.o(i.NMI_Handler) for NMI_Handler
    startup_stm32f10x_hd.o(RESET) refers to stm32f10x_it.o(i.HardFault_Handler) for HardFault_Handler
    startup_stm32f10x_hd.o(RESET) refers to stm32f10x_it.o(i.MemManage_Handler) for MemManage_Handler
    startup_stm32f10x_hd.o(RESET) refers to stm32f10x_it.o(i.BusFault_Handler) for BusFault_Handler
    startup_stm32f10x_hd.o(RESET) refers to stm32f10x_it.o(i.UsageFault_Handler) for UsageFault_Handler
    startup_stm32f10x_hd.o(RESET) refers to stm32f10x_it.o(i.SVC_Handler) for SVC_Handler
    startup_stm32f10x_hd.o(RESET) refers to stm32f10x_it.o(i.DebugMon_Handler) for DebugMon_Handler
    startup_stm32f10x_hd.o(RESET) refers to stm32f10x_it.o(i.PendSV_Handler) for PendSV_Handler
    startup_stm32f10x_hd.o(RESET) refers to stm32f10x_it.o(i.SysTick_Handler) for SysTick_Handler
    startup_stm32f10x_hd.o(RESET) refers to hardware.o(i.EXTI1_IRQHandler) for EXTI1_IRQHandler
    startup_stm32f10x_hd.o(RESET) refers to stm32f10x_it.o(i.DMA1_Channel6_IRQHandler) for DMA1_Channel6_IRQHandler
    startup_stm32f10x_hd.o(RESET) refers to stm32f10x_it.o(i.DMA1_Channel7_IRQHandler) for DMA1_Channel7_IRQHandler
    startup_stm32f10x_hd.o(RESET) refers to stm32f10x_it.o(i.USB_LP_CAN1_RX0_IRQHandler) for USB_LP_CAN1_RX0_IRQHandler
    startup_stm32f10x_hd.o(RESET) refers to hardware.o(i.EXTI9_5_IRQHandler) for EXTI9_5_IRQHandler
    startup_stm32f10x_hd.o(RESET) refers to stepmotor.o(i.TIM2_IRQHandler) for TIM2_IRQHandler
    startup_stm32f10x_hd.o(RESET) refers to stepmotor.o(i.TIM3_IRQHandler) for TIM3_IRQHandler
    startup_stm32f10x_hd.o(RESET) refers to serial.o(i.USART2_IRQHandler) for USART2_IRQHandler
    startup_stm32f10x_hd.o(RESET) refers to stm32f10x_it.o(i.USBWakeUp_IRQHandler) for USBWakeUp_IRQHandler
    startup_stm32f10x_hd.o(RESET) refers to serial.o(i.UART4_IRQHandler) for UART4_IRQHandler
    startup_stm32f10x_hd.o(.text) refers to system_stm32f10x.o(i.SystemInit) for SystemInit
    startup_stm32f10x_hd.o(.text) refers to entry.o(.ARM.Collect$$$$00000000) for __main
    stm32f10x_adc.o(i.ADC_DeInit) refers to stm32f10x_rcc.o(i.RCC_APB2PeriphResetCmd) for RCC_APB2PeriphResetCmd
    stm32f10x_tim.o(i.TIM_DeInit) refers to stm32f10x_rcc.o(i.RCC_APB2PeriphResetCmd) for RCC_APB2PeriphResetCmd
    stm32f10x_tim.o(i.TIM_DeInit) refers to stm32f10x_rcc.o(i.RCC_APB1PeriphResetCmd) for RCC_APB1PeriphResetCmd
    stm32f10x_tim.o(i.TIM_ETRClockMode1Config) refers to stm32f10x_tim.o(i.TIM_ETRConfig) for TIM_ETRConfig
    stm32f10x_tim.o(i.TIM_ETRClockMode2Config) refers to stm32f10x_tim.o(i.TIM_ETRConfig) for TIM_ETRConfig
    stm32f10x_tim.o(i.TIM_ICInit) refers to stm32f10x_tim.o(i.TI1_Config) for TI1_Config
    stm32f10x_tim.o(i.TIM_ICInit) refers to stm32f10x_tim.o(i.TIM_SetIC1Prescaler) for TIM_SetIC1Prescaler
    stm32f10x_tim.o(i.TIM_ICInit) refers to stm32f10x_tim.o(i.TI2_Config) for TI2_Config
    stm32f10x_tim.o(i.TIM_ICInit) refers to stm32f10x_tim.o(i.TIM_SetIC2Prescaler) for TIM_SetIC2Prescaler
    stm32f10x_tim.o(i.TIM_ICInit) refers to stm32f10x_tim.o(i.TI3_Config) for TI3_Config
    stm32f10x_tim.o(i.TIM_ICInit) refers to stm32f10x_tim.o(i.TIM_SetIC3Prescaler) for TIM_SetIC3Prescaler
    stm32f10x_tim.o(i.TIM_ICInit) refers to stm32f10x_tim.o(i.TI4_Config) for TI4_Config
    stm32f10x_tim.o(i.TIM_ICInit) refers to stm32f10x_tim.o(i.TIM_SetIC4Prescaler) for TIM_SetIC4Prescaler
    stm32f10x_tim.o(i.TIM_ITRxExternalClockConfig) refers to stm32f10x_tim.o(i.TIM_SelectInputTrigger) for TIM_SelectInputTrigger
    stm32f10x_tim.o(i.TIM_PWMIConfig) refers to stm32f10x_tim.o(i.TI1_Config) for TI1_Config
    stm32f10x_tim.o(i.TIM_PWMIConfig) refers to stm32f10x_tim.o(i.TIM_SetIC1Prescaler) for TIM_SetIC1Prescaler
    stm32f10x_tim.o(i.TIM_PWMIConfig) refers to stm32f10x_tim.o(i.TI2_Config) for TI2_Config
    stm32f10x_tim.o(i.TIM_PWMIConfig) refers to stm32f10x_tim.o(i.TIM_SetIC2Prescaler) for TIM_SetIC2Prescaler
    stm32f10x_tim.o(i.TIM_TIxExternalClockConfig) refers to stm32f10x_tim.o(i.TI2_Config) for TI2_Config
    stm32f10x_tim.o(i.TIM_TIxExternalClockConfig) refers to stm32f10x_tim.o(i.TI1_Config) for TI1_Config
    stm32f10x_tim.o(i.TIM_TIxExternalClockConfig) refers to stm32f10x_tim.o(i.TIM_SelectInputTrigger) for TIM_SelectInputTrigger
    stm32f10x_usart.o(i.USART_DeInit) refers to stm32f10x_rcc.o(i.RCC_APB2PeriphResetCmd) for RCC_APB2PeriphResetCmd
    stm32f10x_usart.o(i.USART_DeInit) refers to stm32f10x_rcc.o(i.RCC_APB1PeriphResetCmd) for RCC_APB1PeriphResetCmd
    stm32f10x_usart.o(i.USART_Init) refers to stm32f10x_rcc.o(i.RCC_GetClocksFreq) for RCC_GetClocksFreq
[...]
    .data                                    0x20000100   Section       45  serial.o(.data)
    length                                   0x20000118   Data           4  serial.o(.data)
    index                                    0x2000011c   Data           4  serial.o(.data)
    operation                                0x20000120   Data           1  serial.o(.data)
    length                                   0x20000124   Data           4  serial.o(.data)
    index                                    0x20000128   Data           4  serial.o(.data)
    operation                                0x2000012c   Data           1  serial.o(.data)
    .data                                    0x20000130   Section     7776  stepmotor.o(.data)
    .data                                    0x20001f90   Section        2  eeprom.o(.data)
    .data                                    0x20001f94   Section        8  stm32f10x_it.o(.data)
    flag                                     0x20001f94   Data           1  stm32f10x_it.o(.data)
    ticket_counter                           0x20001f98   Data           4  stm32f10x_it.o(.data)
    .data                                    0x20001f9c   Section       20  system_stm32f10x.o(.data)
    .data                                    0x20001fb0   Section      168  driver.o(.data)
    .data                                    0x20002058   Section       33  main.o(.data)
    .data                                    0x2000207c   Section       90  process.o(.data)
    ChannelTrolleyCarPos                     0x200020d0   Data           1  process.o(.data)
    LiftUpDnPos                              0x200020d1   Data           1  process.o(.data)
    LiftUpDnMoveCnt                          0x200020d2   Data           1  process.o(.data)
    LiftHorizonPos                           0x200020d3   Data           1  process.o(.data)
    retry_cnt1                               0x200020d4   Data           1  process.o(.data)
    retry_cnt2                               0x200020d5   Data           1  process.o(.data)
    .data                                    0x200020d8   Section        4  stdout.o(.data)
    .bss                                     0x200020dc   Section    10528  communicate.o(.bss)
    .bss                                     0x200049fc   Section     1530  ethernet.o(.bss)
    .bss                                     0x20004ff8   Section     1152  stepmotor.o(.bss)
    .bss                                     0x20005478   Section       32  driver.o(.bss)
    .bss                                     0x20005498   Section      200  eeprom_par.o(.bss)
    .bss                                     0x20005560   Section       10  command.o(.bss)
    .bss                                     0x2000556a   Section       96  parameter.o(.bss)
    .bss                                     0x200055cc   Section     2920  process.o(.bss)
    STACK                                    0x20006138   Section     1024  startup_stm32f10x_hd.o(STACK)

    Global Symbols

    Symbol Name                              Value     Ov Type        Size  Object(Section)

    BuildAttributes$$THM_ISAv4$P$D$K$B$S$PE$A:L22UL41UL21$X:L11$S22US41US21$IEEE1$IW$USESV6$~STKCKD$USESV7$~SHL$OSPACE$ROPI$EBA8$MICROLIB$REQ8$PRES8$EABIv2 0x00000000   Number         0  anon$$obj.o ABSOLUTE
    __ARM_use_no_argv                        0x00000000   Number         0  main.o ABSOLUTE
    _printf_a                                0x00000000   Number         0  stubs.o ABSOLUTE
    _printf_c                                0x00000000   Number         0  stubs.o ABSOLUTE
    _printf_charcount                        0x00000000   Number         0  stubs.o ABSOLUTE
    _printf_d                                0x00000000   Number         0  stubs.o ABSOLUTE
    _printf_e                                0x00000000   Number         0  stubs.o ABSOLUTE
    _printf_f                                0x00000000   Number         0  stubs.o ABSOLUTE
    _printf_flags                            0x00000000   Number         0  stubs.o ABSOLUTE
    _printf_fp_dec                           0x00000000   Number         0  stubs.o ABSOLUTE
    _printf_fp_hex                           0x00000000   Number         0  stubs.o ABSOLUTE
    _printf_g                                0x00000000   Number         0  stubs.o ABSOLUTE
    _printf_i                                0x00000000   Number         0  stubs.o ABSOLUTE
    _printf_int_dec                          0x00000000   Number         0  stubs.o ABSOLUTE
    _printf_l                                0x00000000   Number         0  stubs.o ABSOLUTE
    _printf_lc                               0x00000000   Number         0  stubs.o ABSOLUTE
    _printf_ll                               0x00000000   Number         0  stubs.o ABSOLUTE
    _printf_lld                              0x00000000   Number         0  stubs.o ABSOLUTE
    _printf_lli                              0x00000000   Number         0  stubs.o ABSOLUTE
    _printf_llo                              0x00000000   Number         0  stubs.o ABSOLUTE
    _printf_llu                              0x00000000   Number         0  stubs.o ABSOLUTE
    _printf_llx                              0x00000000   Number         0  stubs.o ABSOLUTE
    _printf_longlong_dec                     0x00000000   Number         0  stubs.o ABSOLUTE
    _printf_longlong_hex                     0x00000000   Number         0  stubs.o ABSOLUTE
    _printf_longlong_oct                     0x00000000   Number         0  stubs.o ABSOLUTE
    _printf_ls                               0x00000000   Number         0  stubs.o ABSOLUTE
    _printf_mbtowc                           0x00000000   Number         0  stubs.o ABSOLUTE
    _printf_n                                0x00000000   Number         0  stubs.o ABSOLUTE
    _printf_o                                0x00000000   Number         0  stubs.o ABSOLUTE
    _printf_p                                0x00000000   Number         0  stubs.o ABSOLUTE
    _printf_percent                          0x00000000   Number         0  stubs.o ABSOLUTE
    _printf_pre_padding                      0x00000000   Number         0  stubs.o ABSOLUTE
    _printf_return_value                     0x00000000   Number         0  stubs.o ABSOLUTE
    _printf_s                                0x00000000   Number         0  stubs.o ABSOLUTE
    _printf_sizespec                         0x00000000   Number         0  stubs.o ABSOLUTE
    _printf_str                              0x00000000   Number         0  stubs.o ABSOLUTE
    _printf_truncate_signed                  0x00000000   Number         0  stubs.o ABSOLUTE
    _printf_truncate_unsigned                0x00000000   Number         0  stubs.o ABSOLUTE
    _printf_u                                0x00000000   Number         0  stubs.o ABSOLUTE
    _printf_wc                               0x00000000   Number         0  stubs.o ABSOLUTE
    _printf_wctomb                           0x00000000   Number         0  stubs.o ABSOLUTE
    _printf_widthprec                        0x00000000   Number         0  stubs.o ABSOLUTE
    _printf_x                                0x00000000   Number         0  stubs.o ABSOLUTE
    __cpp_initialize__aeabi_                  - Undefined Weak Reference
    __cxa_finalize                            - Undefined Weak Reference
    _clock_init                               - Undefined Weak Reference
    _microlib_exit                            - Undefined Weak Reference
    __Vectors_Size                           0x00000130   Number         0  startup_stm32f10x_hd.o ABSOLUTE
    __Vectors                                0x08010000   Data           4  startup_stm32f10x_hd.o(RESET)
    __Vectors_End                            0x08010130   Data           0  startup_stm32f10x_hd.o(RESET)
    __main                                   0x08010131   Thumb Code     0  entry.o(.ARM.Collect$$$$00000000)
    _main_stk                                0x08010131   Thumb Code     0  entry2.o(.ARM.Collect$$$$00000001)
    _main_scatterload                        0x08010135   Thumb Code     0  entry5.o(.ARM.Collect$$$$00000004)
    __main_after_scatterload                 0x08010139   Thumb Code     0  entry5.o(.ARM.Collect$$$$00000004)
    _main_clock                              0x08010139   Thumb Code     0  entry7b.o(.ARM.Collect$$$$00000008)
    _main_cpp_init                           0x08010139   Thumb Code     0  entry8b.o(.ARM.Collect$$$$0000000A)
    _main_init                               0x08010139   Thumb Code     0  entry9a.o(.ARM.Collect$$$$0000000B)
    __rt_final_cpp                           0x08010141   Thumb Code     0  entry10a.o(.ARM.Collect$$$$0000000D)
    __rt_final_exit                          0x08010141   Thumb Code     0  entry11a.o(.ARM.Collect$$$$0000000F)
    __get_PSP                                0x08010145   Thumb Code     6  core_cm3.o(.emb_text)
    __set_PSP                                0x0801014b   Thumb Code     6  core_cm3.o(.emb_text)
    __get_MSP                                0x08010151   Thumb Code     6  core_cm3.o(.emb_text)
    __set_MSP                                0x08010157   Thumb Code     6  core_cm3.o(.emb_text)
    __REV16                                  0x0801015d   Thumb Code     4  core_cm3.o(.emb_text)
    __REVSH                                  0x08010161   Thumb Code     4  core_cm3.o(.emb_text)
    Reset_Handler                            0x08010165   Thumb Code     8  startup_stm32f10x_hd.o(.text)
    ADC1_2_IRQHandler                        0x0801017f   Thumb Code     0  startup_stm32f10x_hd.o(.text)
    ADC3_IRQHandler                          0x0801017f   Thumb Code     0  startup_stm32f10x_hd.o(.text)
    CAN1_RX1_IRQHandler                      0x0801017f   Thumb Code     0  startup_stm32f10x_hd.o(.text)
    CAN1_SCE_IRQHandler                      0x0801017f   Thumb Code     0  startup_stm32f10x_hd.o(.text)
    DMA1_Channel1_IRQHandler                 0x0801017f   Thumb Code     0  startup_stm32f10x_hd.o(.text)
    DMA1_Channel2_IRQHandler                 0x0801017f   Thumb Code     0  startup_stm32f10x_hd.o(.text)
    DMA1_Channel3_IRQHandler                 0x0801017f   Thumb Code     0  startup_stm32f10x_hd.o(.text)
    DMA1_Channel4_IRQHandler                 0x0801017f   Thumb Code     0  startup_stm32f10x_hd.o(.text)
    DMA1_Channel5_IRQHandler                 0x0801017f   Thumb Code     0  startup_stm32f10x_hd.o(.text)
    DMA2_Channel1_IRQHandler                 0x0801017f   Thumb Code     0  startup_stm32f10x_hd.o(.text)
    DMA2_Channel2_IRQHandler                 0x0801017f   Thumb Code     0  startup_stm32f10x_hd.o(.text)
    DMA2_Channel3_IRQHandler                 0x0801017f   Thumb Code     0  startup_stm32f10x_hd.o(.text)
    DMA2_Channel4_5_IRQHandler               0x0801017f   Thumb Code     0  startup_stm32f10x_hd.o(.text)
    EXTI0_IRQHandler                         0x0801017f   Thumb Code     0  startup_stm32f10x_hd.o(.text)
    EXTI15_10_IRQHandler                     0x0801017f   Thumb Code     0  startup_stm32f10x_hd.o(.text)
    EXTI2_IRQHandler                         0x0801017f   Thumb Code     0  startup_stm32f10x_hd.o(.text)
    EXTI3_IRQHandler                         0x0801017f   Thumb Code     0  startup_stm32f10x_hd.o(.text)
    EXTI4_IRQHandler                         0x0801017f   Thumb Code     0  startup_stm32f10x_hd.o(.text)
    FLASH_IRQHandler                         0x0801017f   Thumb Code     0  startup_stm32f10x_hd.o(.text)
    FSMC_IRQHandler                          0x0801017f   Thumb Code     0  startup_stm32f10x_hd.o(.text)
    I2C1_ER_IRQHandler                       0x0801017f   Thumb Code     0  startup_stm32f10x_hd.o(.text)
    I2C1_EV_IRQHandler                       0x0801017f   Thumb Code     0  startup_stm32f10x_hd.o(.text)
    I2C2_ER_IRQHandler                       0x0801017f   Thumb Code     0  startup_stm32f10x_hd.o(.text)
    I2C2_EV_IRQHandler                       0x0801017f   Thumb Code     0  startup_stm32f10x_hd.o(.text)
    PVD_IRQHandler                           0x0801017f   Thumb Code     0  startup_stm32f10x_hd.o(.text)
    RCC_IRQHandler                           0x0801017f   Thumb Code     0  startup_stm32f10x_hd.o(.text)
    RTCAlarm_IRQHandler                      0x0801017f   Thumb Code     0  startup_stm32f10x_hd.o(.text)
    RTC_IRQHandler                           0x0801017f   Thumb Code     0  startup_stm32f10x_hd.o(.text)
    SDIO_IRQHandler                          0x0801017f   Thumb Code     0  startup_stm32f10x_hd.o(.text)
    SPI1_IRQHandler                          0x0801017f   Thumb Code     0  startup_stm32f10x_hd.o(.text)
    SPI2_IRQHandler                          0x0801017f   Thumb Code     0  startup_stm32f10x_hd.o(.text)
    SPI3_IRQHandler                          0x0801017f   Thumb Code     0  startup_stm32f10x_hd.o(.text)
    TAMPER_IRQHandler                        0x0801017f   Thumb Code     0  startup_stm32f10x_hd.o(.text)
    TIM1_BRK_IRQHandler                      0x0801017f   Thumb Code     0  startup_stm32f10x_hd.o(.text)
    TIM1_CC_IRQHandler                       0x0801017f   Thumb Code     0  startup_stm32f10x_hd.o(.text)
    TIM1_TRG_COM_IRQHandler                  0x0801017f   Thumb Code     0  startup_stm32f10x_hd.o(.text)
    TIM1_UP_IRQHandler                       0x0801017f   Thumb Code     0  startup_stm32f10x_hd.o(.text)
    TIM4_IRQHandler                          0x0801017f   Thumb Code     0  startup_stm32f10x_hd.o(.text)
    TIM5_IRQHandler                          0x0801017f   Thumb Code     0  startup_stm32f10x_hd.o(.text)
    TIM6_IRQHandler                          0x0801017f   Thumb Code     0  startup_stm32f10x_hd.o(.text)
    TIM7_IRQHandler                          0x0801017f   Thumb Code     0  startup_stm32f10x_hd.o(.text)
    TIM8_BRK_IRQHandler                      0x0801017f   Thumb Code     0  startup_stm32f10x_hd.o(.text)
    TIM8_CC_IRQHandler                       0x0801017f   Thumb Code     0  startup_stm32f10x_hd.o(.text)
    TIM8_TRG_COM_IRQHandler                  0x0801017f   Thumb Code     0  startup_stm32f10x_hd.o(.text)
    TIM8_UP_IRQHandler                       0x0801017f   Thumb Code     0  startup_stm32f10x_hd.o(.text)
    UART5_IRQHandler                         0x0801017f   Thumb Code     0  startup_stm32f10x_hd.o(.text)
    USART1_IRQHandler                        0x0801017f   Thumb Code     0  startup_stm32f10x_hd.o(.text)
    USART3_IRQHandler                        0x0801017f   Thumb Code     0  startup_stm32f10x_hd.o(.text)
    USB_HP_CAN1_TX_IRQHandler                0x0801017f   Thumb Code     0  startup_stm32f10x_hd.o(.text)
    WWDG_IRQHandler                          0x0801017f   Thumb Code     0  startup_stm32f10x_hd.o(.text)
    __aeabi_memcpy                           0x08010189   Thumb Code    36  memcpya.o(.text)
    __aeabi_memcpy4                          0x08010189   Thumb Code     0  memcpya.o(.text)
    __aeabi_memcpy8                          0x08010189   Thumb Code     0  memcpya.o(.text)
    __aeabi_memset                           0x080101ad   Thumb Code    14  memseta.o(.text)
    __aeabi_memset4                          0x080101ad   Thumb Code     0  memseta.o(.text)
    __aeabi_memset8                          0x080101ad   Thumb Code     0  memseta.o(.text)
    __aeabi_memclr                           0x080101bb   Thumb Code     4  memseta.o(.text)
    __aeabi_memclr4                          0x080101bb   Thumb Code     0  memseta.o(.text)
    __aeabi_memclr8                          0x080101bb   Thumb Code     0  memseta.o(.text)
    _memset$wrapper                          0x080101bf   Thumb Code    18  memseta.o(.text)
    strlen                                   0x080101d1   Thumb Code    14  strlen.o(.text)
    __aeabi_uldivmod                         0x080101df   Thumb Code    98  uldiv.o(.text)
    __scatterload                            0x08010241   Thumb Code    28  init.o(.text)
    __scatterload_rt2                        0x08010241   Thumb Code     0  init.o(.text)
    __aeabi_llsl                             0x08010265   Thumb Code    30  llshl.o(.text)
    _ll_shift_l                              0x08010265   Thumb Code     0  llshl.o(.text)
    __aeabi_llsr                             0x08010283   Thumb Code    32  llushr.o(.text)
    _ll_ushift_r                             0x08010283   Thumb Code     0  llushr.o(.text)
    __decompress                             0x080102a3   Thumb Code     0  __dclz77c.o(.text)
    __decompress2                            0x080102a3   Thumb Code    96  __dclz77c.o(.text)
    BusFault_Handler                         0x08010305   Thumb Code    10  stm32f10x_it.o(i.BusFault_Handler)
    CheckOpTimeDelay                         0x08010325   Thumb Code    40  opctrl.o(i.CheckOpTimeDelay)
    CheckPackageValid                        0x08010351   Thumb Code   334  communicate.o(i.CheckPackageValid)
    Configure_DMA                            0x080104ad   Thumb Code     2  hardware.o(i.Configure_DMA)
    Configure_EXTI                           0x080104af   Thumb Code    74  hardware.o(i.Configure_EXTI)
    Configure_FSMC                           0x080104f9   Thumb Code   368  bspconfig.o(i.Configure_FSMC)
    Configure_IO                             0x08010679   Thumb Code    18  bspconfig.o(i.Configure_IO)
    Configure_NVIC                           0x08010691   Thumb Code    14  hardware.o(i.Configure_NVIC)
    Configure_Output                         0x080106a1   Thumb Code   224  bspconfig.o(i.Configure_Output)
    Configure_RCC                            0x08010795   Thumb Code   120  bspconfig.o(i.Configure_RCC)
    Configure_StepMotor                      0x0801080d   Thumb Code   194  bspconfig.o(i.Configure_StepMotor)
    Configure_SystemTick                     0x080108e9   Thumb Code    92  bspconfig.o(i.Configure_SystemTick)
    DBGMCU_Config                            0x08010951   Thumb Code    26  stm32f10x_dbgmcu.o(i.DBGMCU_Config)
    DMA1_Channel6_IRQHandler                 0x08010971   Thumb Code     2  stm32f10x_it.o(i.DMA1_Channel6_IRQHandler)
    DMA1_Channel7_IRQHandler                 0x08010973   Thumb Code     2  stm32f10x_it.o(i.DMA1_Channel7_IRQHandler)
    DealResult                               0x08010975   Thumb Code    96  opctrl.o(i.DealResult)
    DebugMon_Handler                         0x080109d9   Thumb Code     2  stm32f10x_it.o(i.DebugMon_Handler)
    DefaultParameter                         0x080109dd   Thumb Code   266  parameter.o(i.DefaultParameter)
    DistrubDataToGroup                       0x08010aed   Thumb Code    78  communicate.o(i.DistrubDataToGroup)
    EE_Init                                  0x08010be1   Thumb Code   486  eeprom.o(i.EE_Init)
    EE_ReadVariable                          0x08010ecd   Thumb Code    92  eeprom.o(i.EE_ReadVariable)
    EE_WriteVariable                         0x08010fa1   Thumb Code    36  eeprom.o(i.EE_WriteVariable)
    EXTI1_IRQHandler                         0x08010fc5   Thumb Code    18  hardware.o(i.EXTI1_IRQHandler)
    EXTI9_5_IRQHandler                       0x08010fd7   Thumb Code    82  hardware.o(i.EXTI9_5_IRQHandler)
    EXTI_ClearITPendingBit                   0x08011029   Thumb Code     6  stm32f10x_exti.o(i.EXTI_ClearITPendingBit)
    EXTI_GetITStatus                         0x08011035   Thumb Code    34  stm32f10x_exti.o(i.EXTI_GetITStatus)
    EXTI_Init                                0x0801105d   Thumb Code   142  stm32f10x_exti.o(i.EXTI_Init)
    FLASH_ErasePage                          0x080110f1   Thumb Code    72  stm32f10x_flash.o(i.FLASH_ErasePage)
    FLASH_GetBank1Status                     0x0801113d   Thumb Code    48  stm32f10x_flash.o(i.FLASH_GetBank1Status)
    FLASH_Lock                               0x08011171   Thumb Code    14  stm32f10x_flash.o(i.FLASH_Lock)
    FLASH_ProgramHalfWord                    0x08011185   Thumb Code    60  stm32f10x_flash.o(i.FLASH_ProgramHalfWord)
    FLASH_Unlock                             0x080111c5   Thumb Code    12  stm32f10x_flash.o(i.FLASH_Unlock)
    FLASH_WaitForLastOperation               0x080111dd   Thumb Code    38  stm32f10x_flash.o(i.FLASH_WaitForLastOperation)
    FSMC_NORSRAMCmd                          0x08011205   Thumb Code    46  stm32f10x_fsmc.o(i.FSMC_NORSRAMCmd)
    FSMC_NORSRAMInit                         0x08011239   Thumb Code   224  stm32f10x_fsmc.o(i.FSMC_NORSRAMInit)
    GPIO_EXTILineConfig                      0x08011319   Thumb Code    60  stm32f10x_gpio.o(i.GPIO_EXTILineConfig)
    GPIO_Init                                0x08011359   Thumb Code   274  stm32f10x_gpio.o(i.GPIO_Init)
    GPIO_PinRemapConfig                      0x0801146d   Thumb Code   138  stm32f10x_gpio.o(i.GPIO_PinRemapConfig)
    GPIO_ReadInputDataBit                    0x080114fd   Thumb Code    18  stm32f10x_gpio.o(i.GPIO_ReadInputDataBit)
    GPIO_ResetBits                           0x0801150f   Thumb Code     4  stm32f10x_gpio.o(i.GPIO_ResetBits)
    GPIO_SetBits                             0x08011513   Thumb Code     4  stm32f10x_gpio.o(i.GPIO_SetBits)
    Get_Default_Value                        0x08011517   Thumb Code     2  eeprom_par.o(i.Get_Default_Value)
    HardFault_Handler                        0x08011519   Thumb Code    16  stm32f10x_it.o(i.HardFault_Handler)
    InitBspConfig                            0x0801152d   Thumb Code    20  bspconfig.o(i.InitBspConfig)
    InitHardware                             0x08011541   Thumb Code    16  hardware.o(i.InitHardware)
    InitOpStruct                             0x08011551   Thumb Code    44  opctrl.o(i.InitOpStruct)
    InitializeMachine                        0x0801157d   Thumb Code   944  process.o(i.InitializeMachine)
    IsChildOpOK                              0x08011a01   Thumb Code    50  opctrl.o(i.IsChildOpOK)
    IsSmRunFinish                            0x08011a35   Thumb Code    26  stepmotor.o(i.IsSmRunFinish)
    JumpToAddress                            0x08011a55   Thumb Code    78  bsp_command.o(i.JumpToAddress)
    JumpToApp                                0x08011ad9   Thumb Code    20  bsp_command.o(i.JumpToApp)
    JumpToBootload                           0x08011b01   Thumb Code    18  bsp_command.o(i.JumpToBootload)
    MemManage_Handler                        0x08011b2d   Thumb Code    10  stm32f10x_it.o(i.MemManage_Handler)
    NMI_Handler                              0x08011b4d   Thumb Code     2  stm32f10x_it.o(i.NMI_Handler)
    NVIC_Init                                0x08011b51   Thumb Code   102  misc.o(i.NVIC_Init)
    NVIC_PriorityGroupConfig                 0x08011bc5   Thumb Code    10  misc.o(i.NVIC_PriorityGroupConfig)
    NVIC_SetVectorTable                      0x08011bd9   Thumb Code    12  misc.o(i.NVIC_SetVectorTable)
    OpUnplugOneStub                          0x08011bed   Thumb Code     6  opctrl.o(i.OpUnplugOneStub)
    Op_ClampCardCarMove                      0x08011bf5   Thumb Code   446  process.o(i.Op_ClampCardCarMove)
    Op_ClampClose                            0x08011df9   Thumb Code   100  process.o(i.Op_ClampClose)
    Op_ClampOpen                             0x08011e69   Thumb Code   100  process.o(i.Op_ClampOpen)
    Op_CloseGasSwitch                        0x08011ed9   Thumb Code    72  process.o(i.Op_CloseGasSwitch)
    Op_ClosingPressure                       0x08011f25   Thumb Code    80  process.o(i.Op_ClosingPressure)
    Op_CoolDown                              0x08011f79   Thumb Code   112  process.o(i.Op_CoolDown)
    Op_CoolRise                              0x08011fed   Thumb Code   112  process.o(i.Op_CoolRise)
    Op_CutSendCardToRWModule                 0x08012061   Thumb Code   176  process.o(i.Op_CutSendCardToRWModule)
    Op_CuttingPlatformWork                   0x08012129   Thumb Code   626  process.o(i.Op_CuttingPlatformWork)
    Op_GotoLoadingPlatform                   0x080123d1   Thumb Code   194  process.o(i.Op_GotoLoadingPlatform)
    Op_HeaterPowerOff                        0x080124b9   Thumb Code    72  process.o(i.Op_HeaterPowerOff)
    Op_HeaterPowerOn                         0x08012505   Thumb Code    72  process.o(i.Op_HeaterPowerOn)
    Op_LeftClampClose                        0x08012551   Thumb Code   128  process.o(i.Op_LeftClampClose)
    Op_LeftClampOpen                         0x080125d5   Thumb Code   128  process.o(i.Op_LeftClampOpen)
    Op_LiftHorizonMove                       0x08012659   Thumb Code   188  process.o(i.Op_LiftHorizonMove)
    Op_LiftHorizonReset                      0x08012731   Thumb Code   242  process.o(i.Op_LiftHorizonReset)
    Op_LiftSlotSendCardToRWChannel           0x0801282d   Thumb Code   432  process.o(i.Op_LiftSlotSendCardToRWChannel)
    Op_LiftSlotSendCardToRecycleBox          0x08012a09   Thumb Code   264  process.o(i.Op_LiftSlotSendCardToRecycleBox)
    Op_LiftSuckSendCardToRWChannel           0x08012b31   Thumb Code   280  process.o(i.Op_LiftSuckSendCardToRWChannel)
    Op_LiftUpDnMove                          0x08012c6d   Thumb Code   322  process.o(i.Op_LiftUpDnMove)
    Op_LiftUpDnReset                         0x08012ddd   Thumb Code   246  process.o(i.Op_LiftUpDnReset)
    Op_OCRToRWModuleOutCard                  0x08012edd   Thumb Code   354  process.o(i.Op_OCRToRWModuleOutCard)
    Op_OpenGasSwitch                         0x08013069   Thumb Code    72  process.o(i.Op_OpenGasSwitch)
    Op_OpeningPressure                       0x080130b5   Thumb Code    80  process.o(i.Op_OpeningPressure)
    Op_PerfectCardEnter                      0x08013109   Thumb Code   226  process.o(i.Op_PerfectCardEnter)
    Op_PerfectCardExit                       0x080131f5   Thumb Code   172  process.o(i.Op_PerfectCardExit)
    Op_PresDown                              0x080132a9   Thumb Code   112  process.o(i.Op_PresDown)
    Op_PresRise                              0x0801331d   Thumb Code   112  process.o(i.Op_PresRise)
    Op_PretargetingReset                     0x08013391   Thumb Code   216  process.o(i.Op_PretargetingReset)
    Op_PretargetingUp                        0x08013471   Thumb Code   174  process.o(i.Op_PretargetingUp)
    Op_PretargetingVacuumCupClose            0x08013531   Thumb Code    72  process.o(i.Op_PretargetingVacuumCupClose)
    Op_PretargetingVacuumCupOpen             0x0801357d   Thumb Code    72  process.o(i.Op_PretargetingVacuumCupOpen)
    Op_RWChannelInCardFromLiftSide           0x080135c9   Thumb Code   170  process.o(i.Op_RWChannelInCardFromLiftSide)
    Op_RWChannelOutCardToLiftSide            0x0801367d   Thumb Code   176  process.o(i.Op_RWChannelOutCardToLiftSide)
    Op_RWChannelSendCardToLiftSlot           0x08013735   Thumb Code   428  process.o(i.Op_RWChannelSendCardToLiftSlot)
    Op_RWModuleReset                         0x08013905   Thumb Code   368  process.o(i.Op_RWModuleReset)
    Op_RWModuleSendCardToOCR                 0x08013a7d   Thumb Code   206  process.o(i.Op_RWModuleSendCardToOCR)
    Op_ReceiveCardVacuumOff                  0x08013b6d   Thumb Code    72  process.o(i.Op_ReceiveCardVacuumOff)
    Op_ReceiveCardVacuumOn                   0x08013bb9   Thumb Code    72  process.o(i.Op_ReceiveCardVacuumOn)
    Op_ResetClamp                            0x08013c05   Thumb Code   110  process.o(i.Op_ResetClamp)
    Op_ResetClampCardCar                     0x08013c81   Thumb Code   412  process.o(i.Op_ResetClampCardCar)
    Op_ResetLiftModule                       0x08013e41   Thumb Code   114  process.o(i.Op_ResetLiftModule)
    Op_ResetModule                           0x08013ec1   Thumb Code   570  process.o(i.Op_ResetModule)
    Op_RightClampClose                       0x08014149   Thumb Code   128  process.o(i.Op_RightClampClose)
    Op_RightClampOpen                        0x080141cd   Thumb Code   128  process.o(i.Op_RightClampOpen)
    Op_WarmCoolMakeCard                      0x08014251   Thumb Code   654  process.o(i.Op_WarmCoolMakeCard)
    Op_WarmDown                              0x08014515   Thumb Code   112  process.o(i.Op_WarmDown)
    Op_WarmRise                              0x08014589   Thumb Code   112  process.o(i.Op_WarmRise)
    Op_WasteStorageDown                      0x080145fd   Thumb Code   174  process.o(i.Op_WasteStorageDown)
    Op_WasteStorageReset                     0x080146bd   Thumb Code   204  process.o(i.Op_WasteStorageReset)
    PWR_BackupAccessCmd                      0x08014791   Thumb Code     6  stm32f10x_pwr.o(i.PWR_BackupAccessCmd)
    PackageMsg                               0x0801479d   Thumb Code   202  communicate.o(i.PackageMsg)
    PendSV_Handler                           0x08014871   Thumb Code     2  stm32f10x_it.o(i.PendSV_Handler)
    ProcessCmd                               0x08014875   Thumb Code   286  communicate.o(i.ProcessCmd)
    ProcessSystemCmd                         0x080149b9   Thumb Code   638  bsp_command.o(i.ProcessSystemCmd)
    ProcessUpdateParameter                   0x08014c75   Thumb Code    68  process.o(i.ProcessUpdateParameter)
    ProcessUserCmd                           0x08014cc9   Thumb Code   216  command.o(i.ProcessUserCmd)
    RCC_AHBPeriphClockCmd                    0x08014db1   Thumb Code    26  stm32f10x_rcc.o(i.RCC_AHBPeriphClockCmd)
    RCC_APB1PeriphClockCmd                   0x08014dd1   Thumb Code    26  stm32f10x_rcc.o(i.RCC_APB1PeriphClockCmd)
    RCC_APB1PeriphResetCmd                   0x08014df1   Thumb Code    26  stm32f10x_rcc.o(i.RCC_APB1PeriphResetCmd)
    RCC_APB2PeriphClockCmd                   0x08014e11   Thumb Code    26  stm32f10x_rcc.o(i.RCC_APB2PeriphClockCmd)
    RCC_APB2PeriphResetCmd                   0x08014e31   Thumb Code    26  stm32f10x_rcc.o(i.RCC_APB2PeriphResetCmd)
    RCC_GetClocksFreq                        0x08014e51   Thumb Code   192  stm32f10x_rcc.o(i.RCC_GetClocksFreq)
    RCC_LSEConfig                            0x08014f25   Thumb Code    44  stm32f10x_rcc.o(i.RCC_LSEConfig)
    ResetAllSignal                           0x08014f59   Thumb Code    96  process.o(i.ResetAllSignal)
    ResumeOp                                 0x08014fc5   Thumb Code    72  opctrl.o(i.ResumeOp)
    SPI1_Init                                0x0801500d   Thumb Code   148  spi.o(i.SPI1_Init)
    SPI1_ReadWrite                           0x080150a9   Thumb Code    50  spi.o(i.SPI1_ReadWrite)
    SPI_Cmd                                  0x080150e1   Thumb Code    24  stm32f10x_spi.o(i.SPI_Cmd)
    SPI_I2S_GetFlagStatus                    0x080150f9   Thumb Code    18  stm32f10x_spi.o(i.SPI_I2S_GetFlagStatus)
    SPI_I2S_ReceiveData                      0x0801510b   Thumb Code     6  stm32f10x_spi.o(i.SPI_I2S_ReceiveData)
    SPI_I2S_SendData                         0x08015111   Thumb Code     4  stm32f10x_spi.o(i.SPI_I2S_SendData)
    SPI_Init                                 0x08015115   Thumb Code    60  stm32f10x_spi.o(i.SPI_Init)
    SVC_Handler                              0x08015151   Thumb Code     2  stm32f10x_it.o(i.SVC_Handler)
    SetOpRunMode                             0x08015153   Thumb Code     4  opctrl.o(i.SetOpRunMode)
    SetOpTimeDelay                           0x08015159   Thumb Code    10  opctrl.o(i.SetOpTimeDelay)
    Set_Default_Value                        0x0801524d   Thumb Code     2  eeprom_par.o(i.Set_Default_Value)
    StartChildOp                             0x08015251   Thumb Code    58  opctrl.o(i.StartChildOp)
    StartOp                                  0x08015291   Thumb Code    14  opctrl.o(i.StartOp)
    StartOpByMode                            0x080152a1   Thumb Code    58  opctrl.o(i.StartOpByMode)
    StepCtrlMachine                          0x080152e1   Thumb Code   204  process.o(i.StepCtrlMachine)
    SysTick_Handler                          0x080153ad   Thumb Code    76  stm32f10x_it.o(i.SysTick_Handler)
    SystemInit                               0x08015409   Thumb Code    78  system_stm32f10x.o(i.SystemInit)
    TIM2_IRQHandler                          0x08015469   Thumb Code  1210  stepmotor.o(i.TIM2_IRQHandler)
    TIM3_IRQHandler                          0x08015925   Thumb Code  1210  stepmotor.o(i.TIM3_IRQHandler)
    TIM_ClearITPendingBit                    0x08015de5   Thumb Code     6  stm32f10x_tim.o(i.TIM_ClearITPendingBit)
    TIM_Cmd                                  0x08015deb   Thumb Code    24  stm32f10x_tim.o(i.TIM_Cmd)
    TIM_DeInit                               0x08015e05   Thumb Code   424  stm32f10x_tim.o(i.TIM_DeInit)
    TIM_GetCapture1                          0x08015fed   Thumb Code     6  stm32f10x_tim.o(i.TIM_GetCapture1)
    TIM_GetCapture2                          0x08015ff3   Thumb Code     6  stm32f10x_tim.o(i.TIM_GetCapture2)
    TIM_GetCapture3                          0x08015ff9   Thumb Code     6  stm32f10x_tim.o(i.TIM_GetCapture3)
    TIM_GetCapture4                          0x08015fff   Thumb Code     8  stm32f10x_tim.o(i.TIM_GetCapture4)
    TIM_GetITStatus                          0x08016007   Thumb Code    34  stm32f10x_tim.o(i.TIM_GetITStatus)
    TIM_ITConfig                             0x08016029   Thumb Code    18  stm32f10x_tim.o(i.TIM_ITConfig)
    TIM_OC1Init                              0x0801603d   Thumb Code   132  stm32f10x_tim.o(i.TIM_OC1Init)
    TIM_OC1PreloadConfig                     0x080160d5   Thumb Code    18  stm32f10x_tim.o(i.TIM_OC1PreloadConfig)
    TIM_OC2Init                              0x080160e9   Thumb Code   154  stm32f10x_tim.o(i.TIM_OC2Init)
    TIM_OC2PreloadConfig                     0x0801618d   Thumb Code    26  stm32f10x_tim.o(i.TIM_OC2PreloadConfig)
    TIM_OC3Init                              0x080161a9   Thumb Code   150  stm32f10x_tim.o(i.TIM_OC3Init)
    TIM_OC3PreloadConfig                     0x08016249   Thumb Code    18  stm32f10x_tim.o(i.TIM_OC3PreloadConfig)
    TIM_OC4Init                              0x0801625d   Thumb Code   114  stm32f10x_tim.o(i.TIM_OC4Init)
    TIM_OC4PreloadConfig                     0x080162d9   Thumb Code    26  stm32f10x_tim.o(i.TIM_OC4PreloadConfig)
    TIM_SetCompare1                          0x080162f3   Thumb Code     4  stm32f10x_tim.o(i.TIM_SetCompare1)
    TIM_SetCompare2                          0x080162f7   Thumb Code     4  stm32f10x_tim.o(i.TIM_SetCompare2)
    TIM_SetCompare3                          0x080162fb   Thumb Code     4  stm32f10x_tim.o(i.TIM_SetCompare3)
    TIM_SetCompare4                          0x080162ff   Thumb Code     6  stm32f10x_tim.o(i.TIM_SetCompare4)
    TIM_TimeBaseInit                         0x08016305   Thumb Code   122  stm32f10x_tim.o(i.TIM_TimeBaseInit)
    UART4_IRQHandler                         0x080163a9   Thumb Code   580  serial.o(i.UART4_IRQHandler)
    USART2_IRQHandler                        0x08016629   Thumb Code   568  serial.o(i.USART2_IRQHandler)
    USART_ClearFlag                          0x08016899   Thumb Code    18  stm32f10x_usart.o(i.USART_ClearFlag)
    USART_Cmd                                0x080168ab   Thumb Code    24  stm32f10x_usart.o(i.USART_Cmd)
    USART_GetFlagStatus                      0x080168c3   Thumb Code    26  stm32f10x_usart.o(i.USART_GetFlagStatus)
    USART_GetITStatus                        0x080168dd   Thumb Code    84  stm32f10x_usart.o(i.USART_GetITStatus)
    USART_ITConfig                           0x08016931   Thumb Code    74  stm32f10x_usart.o(i.USART_ITConfig)
    USART_Init                               0x0801697d   Thumb Code   210  stm32f10x_usart.o(i.USART_Init)
    USART_ReceiveData                        0x08016a55   Thumb Code    10  stm32f10x_usart.o(i.USART_ReceiveData)
    USART_SendData                           0x08016a5f   Thumb Code     8  stm32f10x_usart.o(i.USART_SendData)
    USBWakeUp_IRQHandler                     0x08016a67   Thumb Code    12  stm32f10x_it.o(i.USBWakeUp_IRQHandler)
    USB_LP_CAN1_RX0_IRQHandler               0x08016a73   Thumb Code     2  stm32f10x_it.o(i.USB_LP_CAN1_RX0_IRQHandler)
    UpdateStatus                             0x08016a75   Thumb Code   210  process.o(i.UpdateStatus)
    UsageFault_Handler                       0x08016b4d   Thumb Code    10  stm32f10x_it.o(i.UsageFault_Handler)
    __0printf$8                              0x08016b71   Thumb Code    22  printf8.o(i.__0printf$8)
    __1printf$8                              0x08016b71   Thumb Code     0  printf8.o(i.__0printf$8)
    __2printf                                0x08016b71   Thumb Code     0  printf8.o(i.__0printf$8)
    __0sprintf$8                             0x08016b91   Thumb Code    34  printf8.o(i.__0sprintf$8)
    __1sprintf$8                             0x08016b91   Thumb Code     0  printf8.o(i.__0sprintf$8)
    __2sprintf                               0x08016b91   Thumb Code     0  printf8.o(i.__0sprintf$8)
    __scatterload_copy                       0x08016bb9   Thumb Code    14  handlers.o(i.__scatterload_copy)
    __scatterload_null                       0x08016bc7   Thumb Code     2  handlers.o(i.__scatterload_null)
    __scatterload_zeroinit                   0x08016bc9   Thumb Code    14  handlers.o(i.__scatterload_zeroinit)
    check_time_delay                         0x08017041   Thumb Code    34  driver.o(i.check_time_delay)
    checksum                                 0x08017069   Thumb Code    82  ip_arp_udp_tcp.o(i.checksum)
    cmd_get_all_info                         0x080170bd   Thumb Code   188  bsp_command.o(i.cmd_get_all_info)
    cmd_get_firmware                         0x08017189   Thumb Code   114  bsp_command.o(i.cmd_get_firmware)
    cmd_get_mcu_data                         0x08017209   Thumb Code    96  command.o(i.cmd_get_mcu_data)
    cmd_get_op_info                          0x08017279   Thumb Code   148  bsp_command.o(i.cmd_get_op_info)
    comm_cmd_execution                       0x08017319   Thumb Code   678  communicate.o(i.comm_cmd_execution)
    delay_ms                                 0x08017629   Thumb Code    26  my_fun.o(i.delay_ms)
    delay_us                                 0x08017643   Thumb Code    40  my_fun.o(i.delay_us)
    dm_ctrl_one                              0x0801766d   Thumb Code   242  driver.o(i.dm_ctrl_one)
    enc28j60Init                             0x08017771   Thumb Code   330  enc28j60.o(i.enc28j60Init)
    enc28j60PacketReceive                    0x080178c9   Thumb Code   256  enc28j60.o(i.enc28j60PacketReceive)
    enc28j60PacketSend                       0x080179cd   Thumb Code   128  enc28j60.o(i.enc28j60PacketSend)
    enc28j60PhyWrite                         0x08017a4d   Thumb Code    54  enc28j60.o(i.enc28j60PhyWrite)
    enc28j60Read                             0x08017a83   Thumb Code    20  enc28j60.o(i.enc28j60Read)
    enc28j60ReadBuffer                       0x08017a99   Thumb Code    52  enc28j60.o(i.enc28j60ReadBuffer)
    enc28j60ReadOp                           0x08017ad1   Thumb Code    64  enc28j60.o(i.enc28j60ReadOp)
    enc28j60SetBank                          0x08017b15   Thumb Code    48  enc28j60.o(i.enc28j60SetBank)
    enc28j60Write                            0x08017b49   Thumb Code    24  enc28j60.o(i.enc28j60Write)
    enc28j60WriteBuffer                      0x08017b61   Thumb Code    46  enc28j60.o(i.enc28j60WriteBuffer)
    enc28j60WriteOp                          0x08017b95   Thumb Code    54  enc28j60.o(i.enc28j60WriteOp)
    eth_type_is_arp_and_my_ip                0x08017bd1   Thumb Code    64  ip_arp_udp_tcp.o(i.eth_type_is_arp_and_my_ip)
    eth_type_is_boardcast                    0x08017c15   Thumb Code    40  ip_arp_udp_tcp.o(i.eth_type_is_boardcast)
    eth_type_is_my_mac                       0x08017c3d   Thumb Code    46  ip_arp_udp_tcp.o(i.eth_type_is_my_mac)
    ethernet_send_msg                        0x08017c71   Thumb Code   146  ethernet.o(i.ethernet_send_msg)
    ethernet_tcp                             0x08017d1d   Thumb Code   220  ethernet.o(i.ethernet_tcp)
    ethernet_udp                             0x08017e11   Thumb Code    36  ethernet.o(i.ethernet_udp)
    ethernet_winpcap                         0x08017e45   Thumb Code    36  ethernet.o(i.ethernet_winpcap)
    fill_ip_hdr_checksum                     0x08017e79   Thumb Code    44  ip_arp_udp_tcp.o(i.fill_ip_hdr_checksum)
    fpga_read                                0x08017ea5   Thumb Code    12  driver.o(i.fpga_read)
    fputc                                    0x08017eb1   Thumb Code    32  serial.o(i.fputc)
    get_board_id                             0x08017ed5   Thumb Code   156  driver.o(i.get_board_id)
    get_parameter                            0x08017f7d   Thumb Code    62  eeprom_par.o(i.get_parameter)
    get_tcp_data_pointer                     0x08017fc5   Thumb Code    18  ip_arp_udp_tcp.o(i.get_tcp_data_pointer)
    init_ethernet                            0x08017fe1   Thumb Code   106  ethernet.o(i.init_ethernet)
    init_ip_arp_udp_tcp                      0x08018069   Thumb Code    46  ip_arp_udp_tcp.o(i.init_ip_arp_udp_tcp)
    init_len_info                            0x080180a5   Thumb Code    58  ip_arp_udp_tcp.o(i.init_len_info)
    init_parameter                           0x080180e9   Thumb Code   244  eeprom_par.o(i.init_parameter)
    init_step_motor                          0x080181e9   Thumb Code   962  stepmotor.o(i.init_step_motor)
    init_uart                                0x080185b9   Thumb Code   374  serial.o(i.init_uart)
    input_get_all                            0x08018741   Thumb Code    72  driver.o(i.input_get_all)
    input_get_one                            0x08018791   Thumb Code    44  driver.o(i.input_get_one)
    main                                     0x080187c1   Thumb Code   126  main.o(i.main)
    make_arp_answer_from_request             0x08018879   Thumb Code    92  ip_arp_udp_tcp.o(i.make_arp_answer_from_request)
    make_echo_reply_from_request             0x080188dd   Thumb Code    62  ip_arp_udp_tcp.o(i.make_echo_reply_from_request)
    make_eth                                 0x0801891d   Thumb Code    30  ip_arp_udp_tcp.o(i.make_eth)
    make_ip                                  0x08018941   Thumb Code    44  ip_arp_udp_tcp.o(i.make_ip)
    make_tcp_ack_from_any                    0x08018971   Thumb Code    98  ip_arp_udp_tcp.o(i.make_tcp_ack_from_any)
    make_tcp_ack_with_data                   0x080189d9   Thumb Code    76  ip_arp_udp_tcp.o(i.make_tcp_ack_with_data)
    make_tcp_synack_from_syn                 0x08018a25   Thumb Code    76  ip_arp_udp_tcp.o(i.make_tcp_synack_from_syn)
    make_tcphead                             0x08018a71   Thumb Code   190  ip_arp_udp_tcp.o(i.make_tcphead)
    make_udp_reply_from_request              0x08018b39   Thumb Code   148  ip_arp_udp_tcp.o(i.make_udp_reply_from_request)
    make_winpcap_ack_with_data               0x08018bcd   Thumb Code    24  ip_arp_udp_tcp.o(i.make_winpcap_ack_with_data)
    print_message                            0x08018be5   Thumb Code   182  driver.o(i.print_message)
    process_all_cmd                          0x08018d45   Thumb Code     8  communicate.o(i.process_all_cmd)
    process_computer                         0x08018d4d   Thumb Code     2  communicate.o(i.process_computer)
    process_ethernet                         0x08018d51   Thumb Code   194  ethernet.o(i.process_ethernet)
    process_serial                           0x08018e1d   Thumb Code    34  serial.o(i.process_serial)
    save_parameter                           0x08018e4d   Thumb Code   100  eeprom_par.o(i.save_parameter)
    serial_send_msg                          0x08018ebd   Thumb Code    26  serial.o(i.serial_send_msg)
    set_parameter                            0x08018ee5   Thumb Code    60  eeprom_par.o(i.set_parameter)
    sm_get_abs                               0x08018f29   Thumb Code    38  stepmotor.o(i.sm_get_abs)
    sm_run                                   0x08018f55   Thumb Code   678  stepmotor.o(i.sm_run)
    sm_run_abs                               0x08019205   Thumb Code    86  stepmotor.o(i.sm_run_abs)
    sm_set_abs_zero                          0x08019265   Thumb Code    18  stepmotor.o(i.sm_set_abs_zero)
    sm_set_dir                               0x0801927d   Thumb Code    96  stepmotor.o(i.sm_set_dir)
    sm_set_enable                            0x080192e9   Thumb Code   140  stepmotor.o(i.sm_set_enable)
    sm_set_pul                               0x08019381   Thumb Code    84  stepmotor.o(i.sm_set_pul)
    sm_stop                                  0x080193dd   Thumb Code   236  stepmotor.o(i.sm_stop)
    test_step_motor                          0x080194d1   Thumb Code   180  bsp_command.o(i.test_step_motor)
    Region$$Table$$Base                      0x08019660   Number         0  anon$$obj.o(Region$$Table)
    Region$$Table$$Limit                     0x08019680   Number         0  anon$$obj.o(Region$$Table)
    bRecvData                                0x20000014   Data           1  communicate.o(.data)
    txlen                                    0x20000018   Data           4  communicate.o(.data)
    device_connected                         0x2000001c   Data           1  communicate.o(.data)
    last_cmd_time                            0x20000020   Data           4  communicate.o(.data)
    cmd_num_this_time                        0x20000024   Data           1  communicate.o(.data)
    cmd_num_last_time                        0x20000025   Data           1  communicate.o(.data)
    flag_package_attr                        0x20000026   Data           1  communicate.o(.data)
    cmd_tx_length                            0x20000028   Data           4  communicate.o(.data)
    cmd_rx_length                            0x2000002c   Data           4  communicate.o(.data)
    dst_mac                                  0x20000030   Data          60  communicate.o(.data)
    ip_addr                                  0x2000006c   Data          40  communicate.o(.data)
    net_cmd_busy_flag                        0x200000cc   Data           1  ethernet.o(.data)
    net_cmd_recv_flag                        0x200000cd   Data           1  ethernet.o(.data)
    net_cmd_data_len                         0x200000d0   Data           4  ethernet.o(.data)
    net_cmd_send_flag                        0x200000d4   Data           1  ethernet.o(.data)
    net_cmd_error_flag                       0x200000d5   Data           1  ethernet.o(.data)
    net_cmd_send_length                      0x200000d8   Data           4  ethernet.o(.data)
    net_msg_type                             0x200000e4   Data           1  ethernet.o(.data)
    serial_cmd_busy_flag                     0x20000100   Data           1  serial.o(.data)
    serial_cmd_recv_flag                     0x20000101   Data           1  serial.o(.data)
    serial_send_finished_flag                0x20000102   Data           1  serial.o(.data)
    serial_cmd_error_flag                    0x20000103   Data           1  serial.o(.data)
    serial_cmd_send_length                   0x20000104   Data           4  serial.o(.data)
    serial_cmd_data_len                      0x20000108   Data           4  serial.o(.data)
    serial_tx_out                            0x2000010c   Data           1  serial.o(.data)
    receive_time_last                        0x20000110   Data           4  serial.o(.data)
    serial_start_to_receive_flag             0x20000114   Data           1  serial.o(.data)
    serial_rx_timeout_flag                   0x20000115   Data           1  serial.o(.data)
    SpeedTable1                              0x20000130   Data        1002  stepmotor.o(.data)
    SpeedTable2                              0x2000051a   Data        1002  stepmotor.o(.data)
    SpeedTable3                              0x20000904   Data        1002  stepmotor.o(.data)
    SpeedTable4                              0x20000cee   Data         602  stepmotor.o(.data)
    SpeedTable5                              0x20000f48   Data        1002  stepmotor.o(.data)
    SpeedTable6                              0x20001332   Data        1002  stepmotor.o(.data)
    SpeedTable7                              0x2000171c   Data        1002  stepmotor.o(.data)
    SpeedTable8                              0x20001b06   Data        1002  stepmotor.o(.data)
    sm_dir_gpio_base                         0x20001ef0   Data          32  stepmotor.o(.data)
    sm_pul_gpio_base                         0x20001f10   Data          32  stepmotor.o(.data)
    sm_ena_gpio_base                         0x20001f30   Data          32  stepmotor.o(.data)
    sm_dir_gpio_pin                          0x20001f50   Data          16  stepmotor.o(.data)
    sm_pul_gpio_pin                          0x20001f60   Data          16  stepmotor.o(.data)
    sm_ena_gpio_pin                          0x20001f70   Data          16  stepmotor.o(.data)
    SM_DIR_ABS_P                             0x20001f80   Data          16  stepmotor.o(.data)
    DataVar                                  0x20001f90   Data           2  eeprom.o(.data)
    SystemCoreClock                          0x20001f9c   Data           4  system_stm32f10x.o(.data)
    AHBPrescTable                            0x20001fa0   Data          16  system_stm32f10x.o(.data)
    BSP_version                              0x20001fb0   Data           4  driver.o(.data)
    m_Input_All_now                          0x20001fb4   Data           4  driver.o(.data)
    m_Input_All_now2                         0x20001fb8   Data           4  driver.o(.data)
    m_Output_All                             0x20001fbc   Data           4  driver.o(.data)
    m_DM_Output_All                          0x20001fc0   Data           4  driver.o(.data)
    systemTime                               0x20001fc4   Data           4  driver.o(.data)
    output_gpio_base                         0x20001fc8   Data          96  driver.o(.data)
    output_gpio_pin                          0x20002028   Data          48  driver.o(.data)
    packet_sent                              0x20002058   Data           4  main.o(.data)
    packet_receive                           0x2000205c   Data           4  main.o(.data)
    prj_designer                             0x20002060   Data           4  main.o(.data)
    prj_version                              0x20002064   Data           4  main.o(.data)
    FPGA_version                             0x20002068   Data           4  main.o(.data)
    board_addr                               0x2000206c   Data           1  main.o(.data)
    sender_addr                              0x2000206d   Data           1  main.o(.data)
    board_mac                                0x2000206e   Data           6  main.o(.data)
    board_ip                                 0x20002074   Data           4  main.o(.data)
    device_status                            0x20002078   Data           1  main.o(.data)
    gStatusPretarget                         0x2000207c   Data           1  process.o(.data)
    gStatusWastestorage                      0x2000207d   Data           1  process.o(.data)
    bFlagReset                               0x2000207e   Data           1  process.o(.data)
    gGoToPretarget_flag                      0x2000207f   Data           1  process.o(.data)
    gnOperationNo                            0x20002080   Data           1  process.o(.data)
    gTrolleyCarMove_Flag                     0x20002081   Data           1  process.o(.data)
    gTrolleyCarPosition                      0x20002082   Data           1  process.o(.data)
    gTrolleyCarMoveCount                     0x20002084   Data           4  process.o(.data)
    gAbsPosTrolleyCarMov                     0x20002088   Data          24  process.o(.data)
    flag_LiftUpDnMove                        0x200020a0   Data           1  process.o(.data)
    gLiftUpDnPosition                        0x200020a1   Data           1  process.o(.data)
    gAbsLiftUpDnMove                         0x200020a4   Data          24  process.o(.data)
    flag_Lift_H_MOVE                         0x200020bc   Data           1  process.o(.data)
    gLiftHorizonPosition                     0x200020bd   Data           1  process.o(.data)
    gAbsLiftHorizonMove                      0x200020c0   Data          16  process.o(.data)
    __stdout                                 0x200020d8   Data           4  stdout.o(.data)
    comm_recv_buf                            0x200020dc   Data        1472  communicate.o(.bss)
    comm_send_buf                            0x2000269c   Data        1472  communicate.o(.bss)
    comm_send_buf_last                       0x20002c5c   Data        1472  communicate.o(.bss)
    cParamBuf                                0x2000321c   Data         512  communicate.o(.bss)
    StruCommPool                             0x2000341c   Data        5600  communicate.o(.bss)
    cmd_buf                                  0x200049fc   Data        1530  ethernet.o(.bss)
    StepMotorCtr                             0x20004ff8   Data        1152  stepmotor.o(.bss)
    m_DM_Status                              0x20005478   Data          16  driver.o(.bss)
    dm_run_ctl                               0x20005488   Data          16  driver.o(.bss)
    eeprom_parameter                         0x20005498   Data         100  eeprom_par.o(.bss)
    VirtAddVarTab                            0x200054fc   Data         100  eeprom_par.o(.bss)
    CardStatus                               0x20005560   Data          10  command.o(.bss)
    parameter                                0x2000556a   Data          96  parameter.o(.bss)
    OpResetModule                            0x200055cc   Data          52  process.o(.bss)
    OpResetClampCardCar                      0x20005600   Data          52  process.o(.bss)
    OpClampCardCarMove                       0x20005634   Data          52  process.o(.bss)
    OpResetClamp                             0x20005668   Data          52  process.o(.bss)
    OpClampOpen                              0x2000569c   Data          52  process.o(.bss)
    OpClampClose                             0x200056d0   Data          52  process.o(.bss)
    OpRightClampClose                        0x20005704   Data          52  process.o(.bss)
    OpRightClampOpen                         0x20005738   Data          52  process.o(.bss)
    OpLeftClampClose                         0x2000576c   Data          52  process.o(.bss)
    OpLeftClampOpen                          0x200057a0   Data          52  process.o(.bss)
    OpOpeningPressure                        0x200057d4   Data          52  process.o(.bss)
    OpClosingPressure                        0x20005808   Data          52  process.o(.bss)
    OpWarmDown                               0x2000583c   Data          52  process.o(.bss)
    OpWarmRise                               0x20005870   Data          52  process.o(.bss)
    OpCoolDown                               0x200058a4   Data          52  process.o(.bss)
    OpCoolRise                               0x200058d8   Data          52  process.o(.bss)
    OpPresDown                               0x2000590c   Data          52  process.o(.bss)
    OpPresRise                               0x20005940   Data          52  process.o(.bss)
    OpPretargetingReset                      0x20005974   Data          52  process.o(.bss)
    OpPretargetingUp                         0x200059a8   Data          52  process.o(.bss)
    OpWasteStorageReset                      0x200059dc   Data          52  process.o(.bss)
    OpWasteStorageDown                       0x20005a10   Data          52  process.o(.bss)
    OpPretargetingVacuumCupOpen              0x20005a44   Data          52  process.o(.bss)
    OpPretargetingVacuumCupClose             0x20005a78   Data          52  process.o(.bss)
    OpOpenGasSwitch                          0x20005aac   Data          52  process.o(.bss)
    OpCloseGasSwitch                         0x20005ae0   Data          52  process.o(.bss)
    OpWarmCoolMakeCard                       0x20005b14   Data          52  process.o(.bss)
    OpGotoLoadingPlatform                    0x20005b48   Data          52  process.o(.bss)
    OpCuttingPlatformWork                    0x20005b7c   Data          52  process.o(.bss)
    OpLiftUpDnReset                          0x20005bb0   Data          52  process.o(.bss)
    OpResetLiftModule                        0x20005be4   Data          52  process.o(.bss)
    OpLiftUpDnMove                           0x20005c18   Data          52  process.o(.bss)
    OpLiftHorizonReset                       0x20005c4c   Data          52  process.o(.bss)
    OpLiftHorizonMove                        0x20005c80   Data          52  process.o(.bss)
    OpReceiveCardVacuumOn                    0x20005cb4   Data          52  process.o(.bss)
    OpReceiveCardVacuumOff                   0x20005ce8   Data          52  process.o(.bss)
    OpHeaterPowerOn                          0x20005d1c   Data          52  process.o(.bss)
    OpHeaterPowerOff                         0x20005d50   Data          52  process.o(.bss)
    OpRWChannelInCardFromLiftSide            0x20005d84   Data          52  process.o(.bss)
    OpRWChannelOutCardToLiftSide             0x20005db8   Data          52  process.o(.bss)
    OpLiftSuckSendCardToRWChannel            0x20005dec   Data          52  process.o(.bss)
    OpRWModuleSendCardToOCR                  0x20005e20   Data          52  process.o(.bss)
    OpOCRToRWModuleOutCard                   0x20005e54   Data          52  process.o(.bss)
    OpCutSendCardToRWModule                  0x20005e88   Data          52  process.o(.bss)
    OpPerfectCardEnter                       0x20005ebc   Data          52  process.o(.bss)
    OpPerfectCardExit                        0x20005ef0   Data          52  process.o(.bss)
    OpLiftSlotSendCardToRWChannel            0x20005f24   Data          52  process.o(.bss)
    OpRWChannelSendCardToLiftSlot            0x20005f58   Data          52  process.o(.bss)
    OpLiftSlotSendCardToRecycleBox           0x20005f8c   Data          52  process.o(.bss)
    OpRWModuleReset                          0x20005fc0   Data          52  process.o(.bss)
    gMachineOperation                        0x20005ff4   Data         320  process.o(.bss)
    __initial_sp                             0x20006538   Data           0  startup_stm32f10x_hd.o(STACK)



==============================================================================

Memory Map of the image

  Image Entry point : 0x08010131

  Load Region LR_IROM1 (Base: 0x08010000, Size: 0x0000b75c, Max: 0x00070000, ABSOLUTE, COMPRESSED[0x0000a038])

    Execution Region ER_IROM1 (Base: 0x08010000, Size: 0x00009680, Max: 0x00070000, ABSOLUTE)

    Base Addr    Size         Type   Attr      Idx    E Section Name        Object

    0x08010000   0x00000130   Data   RO           19    RESET               startup_stm32f10x_hd.o
    0x08010130   0x00000000   Code   RO         3992  * .ARM.Collect$$$$00000000  mc_w.l(entry.o)
    0x08010130   0x00000004   Code   RO         4264    .ARM.Collect$$$$00000001  mc_w.l(entry2.o)
    0x08010134   0x00000004   Code   RO         4267    .ARM.Collect$$$$00000004  mc_w.l(entry5.o)
    0x08010138   0x00000000   Code   RO         4269    .ARM.Collect$$$$00000008  mc_w.l(entry7b.o)
    0x08010138   0x00000000   Code   RO         4271    .ARM.Collect$$$$0000000A  mc_w.l(entry8b.o)
    0x08010138   0x00000008   Code   RO         4272    .ARM.Collect$$$$0000000B  mc_w.l(entry9a.o)
    0x08010140   0x00000000   Code   RO         4274    .ARM.Collect$$$$0000000D  mc_w.l(entry10a.o)
    0x08010140   0x00000000   Code   RO         4276    .ARM.Collect$$$$0000000F  mc_w.l(entry11a.o)
    0x08010140   0x00000004   Code   RO         4265    .ARM.Collect$$$$00002712  mc_w.l(entry2.o)
    0x08010144   0x00000020   Code   RO            1    .emb_text           core_cm3.o
    0x08010164   0x00000024   Code   RO           20    .text               startup_stm32f10x_hd.o
    0x08010188   0x00000024   Code   RO         3995    .text               mc_w.l(memcpya.o)
    0x080101ac   0x00000024   Code   RO         3997    .text               mc_w.l(memseta.o)
    0x080101d0   0x0000000e   Code   RO         3999    .text               mc_w.l(strlen.o)
    0x080101de   0x00000062   Code   RO         4281    .text               mc_w.l(uldiv.o)
    0x08010240   0x00000024   Code   RO         4294    .text               mc_w.l(init.o)
    0x08010264   0x0000001e   Code   RO         4296    .text               mc_w.l(llshl.o)
    0x08010282   0x00000020   Code   RO         4298    .text               mc_w.l(llushr.o)
    0x080102a2   0x00000060   Code   RO         4312    .text               mc_w.l(__dclz77c.o)
    0x08010302   0x00000002   PAD
    0x08010304   0x00000020   Code   RO         3040    i.BusFault_Handler  stm32f10x_it.o
    0x08010324   0x0000002c   Code   RO         2668    i.CheckOpTimeDelay  opctrl.o
    0x08010350   0x0000015c   Code   RO         2167    i.CheckPackageValid  communicate.o
    0x080104ac   0x00000002   Code   RO         3299    i.Configure_DMA     hardware.o
    0x080104ae   0x0000004a   Code   RO         3300    i.Configure_EXTI    hardware.o
    0x080104f8   0x00000180   Code   RO         2097    i.Configure_FSMC    bspconfig.o
    0x08010678   0x00000018   Code   RO         2098    i.Configure_IO      bspconfig.o
    0x08010690   0x0000000e   Code   RO         3301    i.Configure_NVIC    hardware.o
    0x0801069e   0x00000002   PAD
    0x080106a0   0x000000f4   Code   RO         2099    i.Configure_Output  bspconfig.o
    0x08010794   0x00000078   Code   RO         2100    i.Configure_RCC     bspconfig.o
    0x0801080c   0x000000dc   Code   RO         2101    i.Configure_StepMotor  bspconfig.o
    0x080108e8   0x00000068   Code   RO         2102    i.Configure_SystemTick  bspconfig.o
    0x08010950   0x00000020   Code   RO           24    i.DBGMCU_Config     stm32f10x_dbgmcu.o
    0x08010970   0x00000002   Code   RO         3041    i.DMA1_Channel6_IRQHandler  stm32f10x_it.o
    0x08010972   0x00000002   Code   RO         3042    i.DMA1_Channel7_IRQHandler  stm32f10x_it.o
    0x08010974   0x00000064   Code   RO         2670    i.DealResult        opctrl.o
    0x080109d8   0x00000002   Code   RO         3043    i.DebugMon_Handler  stm32f10x_it.o
    0x080109da   0x00000002   PAD
    0x080109dc   0x00000110   Code   RO         3574    i.DefaultParameter  parameter.o
    0x08010aec   0x00000060   Code   RO         2168    i.DistrubDataToGroup  communicate.o
    0x08010b4c   0x00000058   Code   RO         2985    i.EE_FindValidPage  eeprom.o
    0x08010ba4   0x0000003c   Code   RO         2986    i.EE_Format         eeprom.o
    0x08010be0   0x000001f8   Code   RO         2987    i.EE_Init           eeprom.o
    0x08010dd8   0x000000f4   Code   RO         2988    i.EE_PageTransfer   eeprom.o
    0x08010ecc   0x00000064   Code   RO         2989    i.EE_ReadVariable   eeprom.o
    0x08010f30   0x00000070   Code   RO         2990    i.EE_VerifyPageFullWriteVariable  eeprom.o
    0x08010fa0   0x00000024   Code   RO         2991    i.EE_WriteVariable  eeprom.o
    0x08010fc4   0x00000012   Code   RO         3305    i.EXTI1_IRQHandler  hardware.o
    0x08010fd6   0x00000052   Code   RO         3306    i.EXTI9_5_IRQHandler  hardware.o
    0x08011028   0x0000000c   Code   RO          974    i.EXTI_ClearITPendingBit  stm32f10x_exti.o
    0x08011034   0x00000028   Code   RO          978    i.EXTI_GetITStatus  stm32f10x_exti.o
    0x0801105c   0x00000094   Code   RO          979    i.EXTI_Init         stm32f10x_exti.o
    0x080110f0   0x0000004c   Code   RO         1826    i.FLASH_ErasePage   stm32f10x_flash.o
    0x0801113c   0x00000034   Code   RO         1827    i.FLASH_GetBank1Status  stm32f10x_flash.o
    0x08011170   0x00000014   Code   RO         1836    i.FLASH_Lock        stm32f10x_flash.o
    0x08011184   0x00000040   Code   RO         1839    i.FLASH_ProgramHalfWord  stm32f10x_flash.o
    0x080111c4   0x00000018   Code   RO         1844    i.FLASH_Unlock      stm32f10x_flash.o
    0x080111dc   0x00000026   Code   RO         1848    i.FLASH_WaitForLastOperation  stm32f10x_flash.o
    0x08011202   0x00000002   PAD
    0x08011204   0x00000034   Code   RO         1568    i.FSMC_NORSRAMCmd   stm32f10x_fsmc.o
    0x08011238   0x000000e0   Code   RO         1570    i.FSMC_NORSRAMInit  stm32f10x_fsmc.o
    0x08011318   0x00000040   Code   RO         1246    i.GPIO_EXTILineConfig  stm32f10x_gpio.o
    0x08011358   0x00000112   Code   RO         1249    i.GPIO_Init         stm32f10x_gpio.o
    0x0801146a   0x00000002   PAD
    0x0801146c   0x00000090   Code   RO         1251    i.GPIO_PinRemapConfig  stm32f10x_gpio.o
    0x080114fc   0x00000012   Code   RO         1253    i.GPIO_ReadInputDataBit  stm32f10x_gpio.o
    0x0801150e   0x00000004   Code   RO         1256    i.GPIO_ResetBits    stm32f10x_gpio.o
    0x08011512   0x00000004   Code   RO         1257    i.GPIO_SetBits      stm32f10x_gpio.o
    0x08011516   0x00000002   Code   RO         3419    i.Get_Default_Value  eeprom_par.o
    0x08011518   0x00000014   Code   RO         3044    i.HardFault_Handler  stm32f10x_it.o
    0x0801152c   0x00000014   Code   RO         2103    i.InitBspConfig     bspconfig.o
    0x08011540   0x00000010   Code   RO         3307    i.InitHardware      hardware.o
    0x08011550   0x0000002c   Code   RO         2671    i.InitOpStruct      opctrl.o
    0x0801157c   0x00000484   Code   RO         3593    i.InitializeMachine  process.o
    0x08011a00   0x00000032   Code   RO         2672    i.IsChildOpOK       opctrl.o
    0x08011a32   0x00000002   PAD
    0x08011a34   0x00000020   Code   RO         2820    i.IsSmRunFinish     stepmotor.o
    0x08011a54   0x00000084   Code   RO         2758    i.JumpToAddress     bsp_command.o
    0x08011ad8   0x00000028   Code   RO         2759    i.JumpToApp         bsp_command.o
    0x08011b00   0x0000002c   Code   RO         2760    i.JumpToBootload    bsp_command.o
    0x08011b2c   0x00000020   Code   RO         3045    i.MemManage_Handler  stm32f10x_it.o
    0x08011b4c   0x00000002   Code   RO         3046    i.NMI_Handler       stm32f10x_it.o
    0x08011b4e   0x00000002   PAD
    0x08011b50   0x00000074   Code   RO         1207    i.NVIC_Init         misc.o
    0x08011bc4   0x00000014   Code   RO         1208    i.NVIC_PriorityGroupConfig  misc.o
    0x08011bd8   0x00000014   Code   RO         1209    i.NVIC_SetVectorTable  misc.o
    0x08011bec   0x00000006   Code   RO         2674    i.OpUnplugOneStub   opctrl.o
    0x08011bf2   0x00000002   PAD
    0x08011bf4   0x00000204   Code   RO         3594    i.Op_ClampCardCarMove  process.o
    0x08011df8   0x00000070   Code   RO         3595    i.Op_ClampClose     process.o
    0x08011e68   0x00000070   Code   RO         3596    i.Op_ClampOpen      process.o
    0x08011ed8   0x0000004c   Code   RO         3597    i.Op_CloseGasSwitch  process.o
    0x08011f24   0x00000054   Code   RO         3598    i.Op_ClosingPressure  process.o
    0x08011f78   0x00000074   Code   RO         3599    i.Op_CoolDown       process.o
    0x08011fec   0x00000074   Code   RO         3600    i.Op_CoolRise       process.o
    0x08012060   0x000000c8   Code   RO         3601    i.Op_CutSendCardToRWModule  process.o
    0x08012128   0x000002a8   Code   RO         3602    i.Op_CuttingPlatformWork  process.o
    0x080123d0   0x000000e8   Code   RO         3603    i.Op_GotoLoadingPlatform  process.o
    0x080124b8   0x0000004c   Code   RO         3604    i.Op_HeaterPowerOff  process.o
    0x08012504   0x0000004c   Code   RO         3605    i.Op_HeaterPowerOn  process.o
    0x08012550   0x00000084   Code   RO         3606    i.Op_LeftClampClose  process.o
    0x080125d4   0x00000084   Code   RO         3607    i.Op_LeftClampOpen  process.o
    0x08012658   0x000000d8   Code   RO         3608    i.Op_LiftHorizonMove  process.o
    0x08012730   0x000000fc   Code   RO         3609    i.Op_LiftHorizonReset  process.o
    0x0801282c   0x000001dc   Code   RO         3610    i.Op_LiftSlotSendCardToRWChannel  process.o
    0x08012a08   0x00000128   Code   RO         3611    i.Op_LiftSlotSendCardToRecycleBox  process.o
    0x08012b30   0x0000013c   Code   RO         3612    i.Op_LiftSuckSendCardToRWChannel  process.o
    0x08012c6c   0x00000170   Code   RO         3613    i.Op_LiftUpDnMove   process.o
    0x08012ddc   0x00000100   Code   RO         3614    i.Op_LiftUpDnReset  process.o
    0x08012edc   0x0000018c   Code   RO         3615    i.Op_OCRToRWModuleOutCard  process.o
    0x08013068   0x0000004c   Code   RO         3616    i.Op_OpenGasSwitch  process.o
    0x080130b4   0x00000054   Code   RO         3617    i.Op_OpeningPressure  process.o
    0x08013108   0x000000ec   Code   RO         3618    i.Op_PerfectCardEnter  process.o
    0x080131f4   0x000000b4   Code   RO         3619    i.Op_PerfectCardExit  process.o
    0x080132a8   0x00000074   Code   RO         3620    i.Op_PresDown       process.o
    0x0801331c   0x00000074   Code   RO         3621    i.Op_PresRise       process.o
    0x08013390   0x000000e0   Code   RO         3622    i.Op_PretargetingReset  process.o
    0x08013470   0x000000c0   Code   RO         3623    i.Op_PretargetingUp  process.o
    0x08013530   0x0000004c   Code   RO         3624    i.Op_PretargetingVacuumCupClose  process.o
    0x0801357c   0x0000004c   Code   RO         3625    i.Op_PretargetingVacuumCupOpen  process.o
    0x080135c8   0x000000b4   Code   RO         3626    i.Op_RWChannelInCardFromLiftSide  process.o
    0x0801367c   0x000000b8   Code   RO         3627    i.Op_RWChannelOutCardToLiftSide  process.o
    0x08013734   0x000001d0   Code   RO         3628    i.Op_RWChannelSendCardToLiftSlot  process.o
    0x08013904   0x00000178   Code   RO         3629    i.Op_RWModuleReset  process.o
    0x08013a7c   0x000000f0   Code   RO         3630    i.Op_RWModuleSendCardToOCR  process.o
    0x08013b6c   0x0000004c   Code   RO         3631    i.Op_ReceiveCardVacuumOff  process.o
    0x08013bb8   0x0000004c   Code   RO         3632    i.Op_ReceiveCardVacuumOn  process.o
    0x08013c04   0x0000007c   Code   RO         3633    i.Op_ResetClamp     process.o
    0x08013c80   0x000001c0   Code   RO         3634    i.Op_ResetClampCardCar  process.o
    0x08013e40   0x00000080   Code   RO         3635    i.Op_ResetLiftModule  process.o
    0x08013ec0   0x00000288   Code   RO         3636    i.Op_ResetModule    process.o
    0x08014148   0x00000084   Code   RO         3637    i.Op_RightClampClose  process.o
    0x080141cc   0x00000084   Code   RO         3638    i.Op_RightClampOpen  process.o
    0x08014250   0x000002c4   Code   RO         3639    i.Op_WarmCoolMakeCard  process.o
    0x08014514   0x00000074   Code   RO         3640    i.Op_WarmDown       process.o
    0x08014588   0x00000074   Code   RO         3641    i.Op_WarmRise       process.o
    0x080145fc   0x000000c0   Code   RO         3642    i.Op_WasteStorageDown  process.o
    0x080146bc   0x000000d4   Code   RO         3643    i.Op_WasteStorageReset  process.o
    0x08014790   0x0000000c   Code   RO         1995    i.PWR_BackupAccessCmd  stm32f10x_pwr.o
    0x0801479c   0x000000d4   Code   RO         2169    i.PackageMsg        communicate.o
    0x08014870   0x00000002   Code   RO         3047    i.PendSV_Handler    stm32f10x_it.o
    0x08014872   0x00000002   PAD
    0x08014874   0x00000144   Code   RO         2170    i.ProcessCmd        communicate.o
    0x080149b8   0x000002bc   Code   RO         2761    i.ProcessSystemCmd  bsp_command.o
    0x08014c74   0x00000054   Code   RO         3644    i.ProcessUpdateParameter  process.o
    0x08014cc8   0x000000e8   Code   RO         3502    i.ProcessUserCmd    command.o
    0x08014db0   0x00000020   Code   RO         1358    i.RCC_AHBPeriphClockCmd  stm32f10x_rcc.o
    0x08014dd0   0x00000020   Code   RO         1359    i.RCC_APB1PeriphClockCmd  stm32f10x_rcc.o
    0x08014df0   0x00000020   Code   RO         1360    i.RCC_APB1PeriphResetCmd  stm32f10x_rcc.o
    0x08014e10   0x00000020   Code   RO         1361    i.RCC_APB2PeriphClockCmd  stm32f10x_rcc.o
    0x08014e30   0x00000020   Code   RO         1362    i.RCC_APB2PeriphResetCmd  stm32f10x_rcc.o
    0x08014e50   0x000000d4   Code   RO         1369    i.RCC_GetClocksFreq  stm32f10x_rcc.o
    0x08014f24   0x00000034   Code   RO         1377    i.RCC_LSEConfig     stm32f10x_rcc.o
    0x08014f58   0x0000006c   Code   RO         3645    i.ResetAllSignal    process.o
    0x08014fc4   0x00000048   Code   RO         2675    i.ResumeOp          opctrl.o
    0x0801500c   0x0000009c   Code   RO         2967    i.SPI1_Init         spi.o
    0x080150a8   0x00000038   Code   RO         2968    i.SPI1_ReadWrite    spi.o
    0x080150e0   0x00000018   Code   RO         1682    i.SPI_Cmd           stm32f10x_spi.o
    0x080150f8   0x00000012   Code   RO         1690    i.SPI_I2S_GetFlagStatus  stm32f10x_spi.o
    0x0801510a   0x00000006   Code   RO         1693    i.SPI_I2S_ReceiveData  stm32f10x_spi.o
    0x08015110   0x00000004   Code   RO         1694    i.SPI_I2S_SendData  stm32f10x_spi.o
    0x08015114   0x0000003c   Code   RO         1695    i.SPI_Init          stm32f10x_spi.o
    0x08015150   0x00000002   Code   RO         3048    i.SVC_Handler       stm32f10x_it.o
    0x08015152   0x00000004   Code   RO         2677    i.SetOpRunMode      opctrl.o
    0x08015156   0x00000002   PAD
    0x08015158   0x00000010   Code   RO         2678    i.SetOpTimeDelay    opctrl.o
    0x08015168   0x00000008   Code   RO         3141    i.SetSysClock       system_stm32f10x.o
    0x08015170   0x000000dc   Code   RO         3142    i.SetSysClockTo72   system_stm32f10x.o
    0x0801524c   0x00000002   Code   RO         3420    i.Set_Default_Value  eeprom_par.o
    0x0801524e   0x00000002   PAD
    0x08015250   0x00000040   Code   RO         2679    i.StartChildOp      opctrl.o
    0x08015290   0x0000000e   Code   RO         2680    i.StartOp           opctrl.o
    0x0801529e   0x00000002   PAD
    0x080152a0   0x00000040   Code   RO         2681    i.StartOpByMode     opctrl.o
    0x080152e0   0x000000cc   Code   RO         3646    i.StepCtrlMachine   process.o
    0x080153ac   0x0000005c   Code   RO         3049    i.SysTick_Handler   stm32f10x_it.o
    0x08015408   0x00000060   Code   RO         3144    i.SystemInit        system_stm32f10x.o
    0x08015468   0x000004ba   Code   RO         2821    i.TIM2_IRQHandler   stepmotor.o
    0x08015922   0x00000002   PAD
    0x08015924   0x000004c0   Code   RO         2822    i.TIM3_IRQHandler   stepmotor.o
    0x08015de4   0x00000006   Code   RO          364    i.TIM_ClearITPendingBit  stm32f10x_tim.o
    0x08015dea   0x00000018   Code   RO          369    i.TIM_Cmd           stm32f10x_tim.o
    0x08015e02   0x00000002   PAD
    0x08015e04   0x000001e8   Code   RO          374    i.TIM_DeInit        stm32f10x_tim.o
    0x08015fec   0x00000006   Code   RO          384    i.TIM_GetCapture1   stm32f10x_tim.o
    0x08015ff2   0x00000006   Code   RO          385    i.TIM_GetCapture2   stm32f10x_tim.o
    0x08015ff8   0x00000006   Code   RO          386    i.TIM_GetCapture3   stm32f10x_tim.o
    0x08015ffe   0x00000008   Code   RO          387    i.TIM_GetCapture4   stm32f10x_tim.o
    0x08016006   0x00000022   Code   RO          390    i.TIM_GetITStatus   stm32f10x_tim.o
    0x08016028   0x00000012   Code   RO          394    i.TIM_ITConfig      stm32f10x_tim.o
    0x0801603a   0x00000002   PAD
    0x0801603c   0x00000098   Code   RO          398    i.TIM_OC1Init       stm32f10x_tim.o
    0x080160d4   0x00000012   Code   RO          401    i.TIM_OC1PreloadConfig  stm32f10x_tim.o
    0x080160e6   0x00000002   PAD
    0x080160e8   0x000000a4   Code   RO          403    i.TIM_OC2Init       stm32f10x_tim.o
    0x0801618c   0x0000001a   Code   RO          406    i.TIM_OC2PreloadConfig  stm32f10x_tim.o
    0x080161a6   0x00000002   PAD
    0x080161a8   0x000000a0   Code   RO          408    i.TIM_OC3Init       stm32f10x_tim.o
    0x08016248   0x00000012   Code   RO          411    i.TIM_OC3PreloadConfig  stm32f10x_tim.o
    0x0801625a   0x00000002   PAD
    0x0801625c   0x0000007c   Code   RO          413    i.TIM_OC4Init       stm32f10x_tim.o
    0x080162d8   0x0000001a   Code   RO          415    i.TIM_OC4PreloadConfig  stm32f10x_tim.o
    0x080162f2   0x00000004   Code   RO          430    i.TIM_SetCompare1   stm32f10x_tim.o
    0x080162f6   0x00000004   Code   RO          431    i.TIM_SetCompare2   stm32f10x_tim.o
    0x080162fa   0x00000004   Code   RO          432    i.TIM_SetCompare3   stm32f10x_tim.o
    0x080162fe   0x00000006   Code   RO          433    i.TIM_SetCompare4   stm32f10x_tim.o
    0x08016304   0x000000a4   Code   RO          440    i.TIM_TimeBaseInit  stm32f10x_tim.o
    0x080163a8   0x00000280   Code   RO         2617    i.UART4_IRQHandler  serial.o
    0x08016628   0x00000270   Code   RO         2618    i.USART2_IRQHandler  serial.o
    0x08016898   0x00000012   Code   RO         1027    i.USART_ClearFlag   stm32f10x_usart.o
    0x080168aa   0x00000018   Code   RO         1031    i.USART_Cmd         stm32f10x_usart.o
    0x080168c2   0x0000001a   Code   RO         1034    i.USART_GetFlagStatus  stm32f10x_usart.o
    0x080168dc   0x00000054   Code   RO         1035    i.USART_GetITStatus  stm32f10x_usart.o
    0x08016930   0x0000004a   Code   RO         1037    i.USART_ITConfig    stm32f10x_usart.o
    0x0801697a   0x00000002   PAD
    0x0801697c   0x000000d8   Code   RO         1038    i.USART_Init        stm32f10x_usart.o
    0x08016a54   0x0000000a   Code   RO         1045    i.USART_ReceiveData  stm32f10x_usart.o
    0x08016a5e   0x00000008   Code   RO         1048    i.USART_SendData    stm32f10x_usart.o
    0x08016a66   0x0000000c   Code   RO         3050    i.USBWakeUp_IRQHandler  stm32f10x_it.o
    0x08016a72   0x00000002   Code   RO         3051    i.USB_LP_CAN1_RX0_IRQHandler  stm32f10x_it.o
    0x08016a74   0x000000d8   Code   RO         3647    i.UpdateStatus      process.o
    0x08016b4c   0x00000024   Code   RO         3052    i.UsageFault_Handler  stm32f10x_it.o
    0x08016b70   0x00000020   Code   RO         4210    i.__0printf$8       mc_w.l(printf8.o)
    0x08016b90   0x00000028   Code   RO         4212    i.__0sprintf$8      mc_w.l(printf8.o)
    0x08016bb8   0x0000000e   Code   RO         4306    i.__scatterload_copy  mc_w.l(handlers.o)
    0x08016bc6   0x00000002   Code   RO         4307    i.__scatterload_null  mc_w.l(handlers.o)
    0x08016bc8   0x0000000e   Code   RO         4308    i.__scatterload_zeroinit  mc_w.l(handlers.o)
    0x08016bd6   0x00000002   PAD
    0x08016bd8   0x00000408   Code   RO         4217    i._printf_core      mc_w.l(printf8.o)
    0x08016fe0   0x00000026   Code   RO         4218    i._printf_post_padding  mc_w.l(printf8.o)
    0x08017006   0x00000030   Code   RO         4219    i._printf_pre_padding  mc_w.l(printf8.o)
    0x08017036   0x0000000a   Code   RO         4221    i._sputc            mc_w.l(printf8.o)
    0x08017040   0x00000028   Code   RO         3176    i.check_time_delay  driver.o
    0x08017068   0x00000052   Code   RO         2483    i.checksum          ip_arp_udp_tcp.o
    0x080170ba   0x00000002   PAD
    0x080170bc   0x000000cc   Code   RO         2762    i.cmd_get_all_info  bsp_command.o
    0x08017188   0x00000080   Code   RO         2763    i.cmd_get_firmware  bsp_command.o
    0x08017208   0x00000070   Code   RO         3503    i.cmd_get_mcu_data  command.o
    0x08017278   0x000000a0   Code   RO         2764    i.cmd_get_op_info   bsp_command.o
    0x08017318   0x00000310   Code   RO         2171    i.comm_cmd_execution  communicate.o
    0x08017628   0x0000001a   Code   RO         3376    i.delay_ms          my_fun.o
    0x08017642   0x00000028   Code   RO         3378    i.delay_us          my_fun.o
    0x0801766a   0x00000002   PAD
    0x0801766c   0x00000104   Code   RO         3179    i.dm_ctrl_one       driver.o
    0x08017770   0x00000158   Code   RO         2298    i.enc28j60Init      enc28j60.o
    0x080178c8   0x00000104   Code   RO         2299    i.enc28j60PacketReceive  enc28j60.o
    0x080179cc   0x00000080   Code   RO         2300    i.enc28j60PacketSend  enc28j60.o
    0x08017a4c   0x00000036   Code   RO         2302    i.enc28j60PhyWrite  enc28j60.o
    0x08017a82   0x00000014   Code   RO         2303    i.enc28j60Read      enc28j60.o
    0x08017a96   0x00000002   PAD
    0x08017a98   0x00000038   Code   RO         2304    i.enc28j60ReadBuffer  enc28j60.o
    0x08017ad0   0x00000044   Code   RO         2305    i.enc28j60ReadOp    enc28j60.o
    0x08017b14   0x00000034   Code   RO         2306    i.enc28j60SetBank   enc28j60.o
    0x08017b48   0x00000018   Code   RO         2307    i.enc28j60Write     enc28j60.o
    0x08017b60   0x00000034   Code   RO         2308    i.enc28j60WriteBuffer  enc28j60.o
    0x08017b94   0x0000003c   Code   RO         2309    i.enc28j60WriteOp   enc28j60.o
    0x08017bd0   0x00000044   Code   RO         2484    i.eth_type_is_arp_and_my_ip  ip_arp_udp_tcp.o
    0x08017c14   0x00000028   Code   RO         2485    i.eth_type_is_boardcast  ip_arp_udp_tcp.o
    0x08017c3c   0x00000034   Code   RO         2487    i.eth_type_is_my_mac  ip_arp_udp_tcp.o
    0x08017c70   0x000000ac   Code   RO         2409    i.ethernet_send_msg  ethernet.o
    0x08017d1c   0x000000f4   Code   RO         2411    i.ethernet_tcp      ethernet.o
    0x08017e10   0x00000034   Code   RO         2412    i.ethernet_udp      ethernet.o
    0x08017e44   0x00000034   Code   RO         2413    i.ethernet_winpcap  ethernet.o
    0x08017e78   0x0000002c   Code   RO         2488    i.fill_ip_hdr_checksum  ip_arp_udp_tcp.o
    0x08017ea4   0x0000000c   Code   RO         3180    i.fpga_read         driver.o
    0x08017eb0   0x00000024   Code   RO         2619    i.fputc             serial.o
    0x08017ed4   0x000000a8   Code   RO         3182    i.get_board_id      driver.o
    0x08017f7c   0x00000048   Code   RO         3421    i.get_parameter     eeprom_par.o
    0x08017fc4   0x0000001c   Code   RO         2491    i.get_tcp_data_pointer  ip_arp_udp_tcp.o
    0x08017fe0   0x00000088   Code   RO         2414    i.init_ethernet     ethernet.o
    0x08018068   0x0000003c   Code   RO         2492    i.init_ip_arp_udp_tcp  ip_arp_udp_tcp.o
    0x080180a4   0x00000044   Code   RO         2493    i.init_len_info     ip_arp_udp_tcp.o
    0x080180e8   0x00000100   Code   RO         3422    i.init_parameter    eeprom_par.o
    0x080181e8   0x000003d0   Code   RO         2824    i.init_step_motor   stepmotor.o
    0x080185b8   0x00000188   Code   RO         2620    i.init_uart         serial.o
    0x08018740   0x00000050   Code   RO         3187    i.input_get_all     driver.o
    0x08018790   0x00000030   Code   RO         3188    i.input_get_one     driver.o
    0x080187c0   0x000000b8   Code   RO         3480    i.main              main.o
    0x08018878   0x00000064   Code   RO         2494    i.make_arp_answer_from_request  ip_arp_udp_tcp.o
    0x080188dc   0x0000003e   Code   RO         2495    i.make_echo_reply_from_request  ip_arp_udp_tcp.o
    0x0801891a   0x00000002   PAD
    0x0801891c   0x00000024   Code   RO         2496    i.make_eth          ip_arp_udp_tcp.o
    0x08018940   0x00000030   Code   RO         2497    i.make_ip           ip_arp_udp_tcp.o
    0x08018970   0x00000068   Code   RO         2498    i.make_tcp_ack_from_any  ip_arp_udp_tcp.o
    0x080189d8   0x0000004c   Code   RO         2499    i.make_tcp_ack_with_data  ip_arp_udp_tcp.o
    0x08018a24   0x0000004c   Code   RO         2500    i.make_tcp_synack_from_syn  ip_arp_udp_tcp.o
    0x08018a70   0x000000c8   Code   RO         2501    i.make_tcphead      ip_arp_udp_tcp.o
    0x08018b38   0x00000094   Code   RO         2502    i.make_udp_reply_from_request  ip_arp_udp_tcp.o
    0x08018bcc   0x00000018   Code   RO         2503    i.make_winpcap_ack_with_data  ip_arp_udp_tcp.o
    0x08018be4   0x00000160   Code   RO         3191    i.print_message     driver.o
    0x08018d44   0x00000008   Code   RO         2172    i.process_all_cmd   communicate.o
    0x08018d4c   0x00000002   Code   RO         2176    i.process_computer  communicate.o
    0x08018d4e   0x00000002   PAD
    0x08018d50   0x000000cc   Code   RO         2415    i.process_ethernet  ethernet.o
    0x08018e1c   0x00000030   Code   RO         2621    i.process_serial    serial.o
    0x08018e4c   0x00000070   Code   RO         3423    i.save_parameter    eeprom_par.o
    0x08018ebc   0x00000028   Code   RO         2622    i.serial_send_msg   serial.o
    0x08018ee4   0x00000044   Code   RO         3424    i.set_parameter     eeprom_par.o
    0x08018f28   0x0000002c   Code   RO         2828    i.sm_get_abs        stepmotor.o
    0x08018f54   0x000002b0   Code   RO         2830    i.sm_run            stepmotor.o
    0x08019204   0x00000060   Code   RO         2831    i.sm_run_abs        stepmotor.o
    0x08019264   0x00000018   Code   RO         2832    i.sm_set_abs_zero   stepmotor.o
    0x0801927c   0x0000006c   Code   RO         2833    i.sm_set_dir        stepmotor.o
    0x080192e8   0x00000098   Code   RO         2834    i.sm_set_enable     stepmotor.o
    0x08019380   0x0000005c   Code   RO         2835    i.sm_set_pul        stepmotor.o
    0x080193dc   0x000000f4   Code   RO         2836    i.sm_stop           stepmotor.o
    0x080194d0   0x000000bc   Code   RO         2765    i.test_step_motor   bsp_command.o
    0x0801958c   0x0000008f   Data   RO         3193    .constdata          driver.o
    0x0801961b   0x0000001d   Data   RO         3194    .conststring        driver.o
    0x08019638   0x00000026   Data   RO         3482    .conststring        main.o
    0x0801965e   0x00000002   PAD
    0x08019660   0x00000020   Data   RO         4304    Region$$Table       anon$$obj.o


    Execution Region RW_IRAM1 (Base: 0x20000000, Size: 0x00006538, Max: 0x00010000, ABSOLUTE, COMPRESSED[0x000009b8])

    Base Addr    Size         Type   Attr      Idx    E Section Name        Object

    0x20000000   0x00000014   Data   RW         1389    .data               stm32f10x_rcc.o
    0x20000014   0x000000ae   Data   RW         2178    .data               communicate.o
    0x200000c2   0x00000002   PAD
    0x200000c4   0x00000008   Data   RW         2314    .data               enc28j60.o
    0x200000cc   0x00000019   Data   RW         2417    .data               ethernet.o
    0x200000e5   0x00000003   PAD
    0x200000e8   0x00000017   Data   RW         2504    .data               ip_arp_udp_tcp.o
    0x200000ff   0x00000001   PAD
    0x20000100   0x0000002d   Data   RW         2623    .data               serial.o
    0x2000012d   0x00000003   PAD
    0x20000130   0x00001e60   Data   RW         2838    .data               stepmotor.o
    0x20001f90   0x00000002   Data   RW         2992    .data               eeprom.o
    0x20001f92   0x00000002   PAD
    0x20001f94   0x00000008   Data   RW         3053    .data               stm32f10x_it.o
    0x20001f9c   0x00000014   Data   RW         3145    .data               system_stm32f10x.o
    0x20001fb0   0x000000a8   Data   RW         3195    .data               driver.o
    0x20002058   0x00000021   Data   RW         3483    .data               main.o
    0x20002079   0x00000003   PAD
    0x2000207c   0x0000005a   Data   RW         3649    .data               process.o
    0x200020d6   0x00000002   PAD
    0x200020d8   0x00000004   Data   RW         4278    .data               mc_w.l(stdout.o)
    0x200020dc   0x00002920   Zero   RW         2177    .bss                communicate.o
    0x200049fc   0x000005fa   Zero   RW         2416    .bss                ethernet.o
    0x20004ff6   0x00000002   PAD
    0x20004ff8   0x00000480   Zero   RW         2837    .bss                stepmotor.o
    0x20005478   0x00000020   Zero   RW         3192    .bss                driver.o
    0x20005498   0x000000c8   Zero   RW         3425    .bss                eeprom_par.o
    0x20005560   0x0000000a   Zero   RW         3504    .bss                command.o
    0x2000556a   0x00000060   Zero   RW         3575    .bss                parameter.o
    0x200055ca   0x00000002   PAD
    0x200055cc   0x00000b68   Zero   RW         3648    .bss                process.o
    0x20006134   0x00000004   PAD
    0x20006138   0x00000400   Zero   RW           17    STACK               startup_stm32f10x_hd.o


==============================================================================

Image component sizes


      Code (inc. data)   RO Data    RW Data    ZI Data      Debug   Object Name

      1596        224          0          0          0       6038   bsp_command.o
      1116         80          0          0          0      19535   bspconfig.o
       344         32          0          0         10       3281   command.o
      1774        196          0        174      10528      22645   communicate.o
        32          0          0          0          0       4860   core_cm3.o
       960        218        172        168         32       5960   driver.o
      1144         84          0          2          0       6709   eeprom.o
       512         42          0          0        200       4556   eeprom_par.o
      1118         42          0          8          0       7486   enc28j60.o
       860        122          0         25       1530       5081   ethernet.o
       206          0          0          0          0       3061   hardware.o
      1316         78          0         23          0      13189   ip_arp_udp_tcp.o
       184         58         38         33          0       1881   main.o
       156         32          0          0          0       2349   misc.o
        66          0          0          0          0       1126   my_fun.o
       478         26          0          0          0       7175   opctrl.o
       272          6          0          0         96       1395   parameter.o
     12932       1372          0         90       2920      43597   process.o
      1780        190          0         45          0       5301   serial.o
       212         14          0          0          0       1221   spi.o
        36          8        304          0       1024        896   startup_stm32f10x_hd.o
      4882        204          0       7776       1152      13298   stepmotor.o
        32          6          0          0          0     273456   stm32f10x_dbgmcu.o
       200         18          0          0          0       2376   stm32f10x_exti.o
       274         30          0          0          0       3770   stm32f10x_flash.o
       276          6          0          0          0       2029   stm32f10x_fsmc.o
       508         10          0          0          0       5552   stm32f10x_gpio.o
       238         90          0          8          0       6464   stm32f10x_it.o
        12          6          0          0          0        574   stm32f10x_pwr.o
       424         58          0         20          0       7240   stm32f10x_rcc.o
       112          0          0          0          0       4214   stm32f10x_spi.o
      1466        156          0          0          0      15227   stm32f10x_tim.o
       460          6          0          0          0       7267   stm32f10x_usart.o
       324         26          0         20          0       2449   system_stm32f10x.o

    ----------------------------------------------------------------------
     36348       3440        548       8408      17500     511258   Object Totals
         0          0         32          0          0          0   (incl. Generated)
        46          0          2         16          8          0   (incl. Padding)

    ----------------------------------------------------------------------

      Code (inc. data)   RO Data    RW Data    ZI Data      Debug   Library Member Name

        96          0          0          0          0          0   __dclz77c.o
         0          0          0          0          0          0   entry.o
         0          0          0          0          0          0   entry10a.o
         0          0          0          0          0          0   entry11a.o
         8          4          0          0          0          0   entry2.o
         4          0          0          0          0          0   entry5.o
         0          0          0          0          0          0   entry7b.o
         0          0          0          0          0          0   entry8b.o
         8          4          0          0          0          0   entry9a.o
        30          0          0          0          0          0   handlers.o
        36          8          0          0          0         68   init.o
        30          0          0          0          0         68   llshl.o
        32          0          0          0          0         68   llushr.o
        36          0          0          0          0         68   memcpya.o
        36          0          0          0          0        108   memseta.o
      1200         60          0          0          0        504   printf8.o
         0          0          0          4          0          0   stdout.o
        14          0          0          0          0         68   strlen.o
        98          0          0          0          0         92   uldiv.o

    ----------------------------------------------------------------------
      1632         76          0          4          0       1044   Library Totals
         4          0          0          0          0          0   (incl. Padding)

    ----------------------------------------------------------------------

      Code (inc. data)   RO Data    RW Data    ZI Data      Debug   Library Name

      1628         76          0          4          0       1044   mc_w.l

    ----------------------------------------------------------------------
      1632         76          0          4          0       1044   Library Totals

    ----------------------------------------------------------------------

==============================================================================


      Code (inc. data)   RO Data    RW Data    ZI Data      Debug   

     37980       3516        548       8412      17500     498678   Grand Totals
     37980       3516        548       2488      17500     498678   ELF Image Totals (compressed)
     37980       3516        548       2488          0          0   ROM Totals

==============================================================================

    Total RO  Size (Code + RO Data)                38528 (  37.63kB)
    Total RW  Size (RW Data + ZI Data)             25912 (  25.30kB)
    Total ROM Size (Code + RO Data + RW Data)      41016 (  40.05kB)

==============================================================================

